01-31 16:18:11.521 32030 32030 D nativeloader: Configuring clns-9 for other apk /data/app/~~8mNfzHXLDC9clGP8kFuBYA==/com.instagram.barcelona-XPE9nH2V1K_MDiI8MNCk_w==/base.apk:/data/app/~~8mNfzHXLDC9clGP8kFuBYA==/com.instagram.barcelona-XPE9nH2V1K_MDiI8MNCk_w==/split_config.arm64_v8a.apk:/data/app/~~8mNfzHXLDC9clGP8kFuBYA==/com.instagram.barcelona-XPE9nH2V1K_MDiI8MNCk_w==/split_config.xxhdpi.apk:/data/app/~~8mNfzHXLDC9clGP8kFuBYA==/com.instagram.barcelona-XPE9nH2V1K_MDiI8MNCk_w==/split_pytorch.apk:/data/app/~~8mNfzHXLDC9clGP8kFuBYA==/com.instagram.barcelona-XPE9nH2V1K_MDiI8MNCk_w==/split_s_executorch_pytorch.apk. target_sdk_version=36, uses_libraries=, library_path=/data/app/~~8mNfzHXLDC9clGP8kFuBYA==/com.instagram.barcelona-XPE9nH2V1K_MDiI8MNCk_w==/lib/arm64:/data/app/~~8mNfzHXLDC9clGP8kFuBYA==/com.instagram.barcelona-XPE9nH2V1K_MDiI8MNCk_w==/base.apk!/lib/arm64-v8a:/data/app/~~8mNfzHXLDC9clGP8kFuBYA==/com.instagram.barcelona-XPE9nH2V1K_MDiI8MNCk_w==/split_config.arm64_v8a.apk!/lib/arm64-v8a:/data/app/~~8mNfzHXLDC9clGP8kFuBYA==/com.instagram.barcelona-XP
01-31 16:18:11.522 27239 27253 I ForwardSyncCache: reclaimMemory: Clearing caches
01-31 16:18:11.523 27239 27253 W Bugle   : TextClassifierLibManagerImpl: Reclaiming memory at level: 40
01-31 16:18:11.531 27239 32029 D WM-SystemJobScheduler: Scheduling work ID b6391fe6-879d-40d5-a8b9-8f4a047f2288Job ID 2722
01-31 16:18:11.534 27239 32029 D WM-GreedyScheduler: Ignoring {WorkSpec: 78988a98-0b2f-4ff7-95a9-6ceaea3402c2}. Requires device idle.
01-31 16:18:11.534 27239 32029 D WM-GreedyScheduler: Ignoring {WorkSpec: 7bb1c822-c76e-4ebe-9f6b-d0b2531de3bf}. Requires device idle.
01-31 16:18:11.534 27239 32029 D WM-GreedyScheduler: Ignoring {WorkSpec: 2900100c-f1c1-4646-bf8a-44d1146f5a47}. Requires device idle.
01-31 16:18:11.534 27239 32029 D WM-GreedyScheduler: Ignoring {WorkSpec: 98647a92-b05c-4b96-96cd-b16d01be1035}. Requires device idle.
01-31 16:18:11.534 27239 32029 D WM-GreedyScheduler: Ignoring {WorkSpec: b3df9273-9a74-487b-878e-3cc5661b6de8}. Requires device idle.
01-31 16:18:11.534 27239 32029 D WM-GreedyScheduler: Ignoring {WorkSpec: c1438b21-24aa-4d8f-ac7f-d4a5c4eb5154}. Requires ContentUri triggers.
01-31 16:18:11.537 27239 32031 D WM-GreedyScheduler: Cancelling work ID 81adf7cc-ae7e-4d90-9a33-3c2981c8cd3e
01-31 16:18:11.546 27239 32031 D WM-SystemJobScheduler: Scheduling work ID 81adf7cc-ae7e-4d90-9a33-3c2981c8cd3eJob ID 2723
01-31 16:18:11.549 27239 32031 D WM-GreedyScheduler: Ignoring {WorkSpec: 78988a98-0b2f-4ff7-95a9-6ceaea3402c2}. Requires device idle.
01-31 16:18:11.549 27239 32031 D WM-GreedyScheduler: Ignoring {WorkSpec: 7bb1c822-c76e-4ebe-9f6b-d0b2531de3bf}. Requires device idle.
01-31 16:18:11.549 27239 32031 D WM-GreedyScheduler: Ignoring {WorkSpec: 2900100c-f1c1-4646-bf8a-44d1146f5a47}. Requires device idle.
01-31 16:18:11.549 27239 32031 D WM-GreedyScheduler: Ignoring {WorkSpec: 98647a92-b05c-4b96-96cd-b16d01be1035}. Requires device idle.
01-31 16:18:11.549 27239 32031 D WM-GreedyScheduler: Ignoring {WorkSpec: b3df9273-9a74-487b-878e-3cc5661b6de8}. Requires device idle.
01-31 16:18:11.549 27239 32031 D WM-GreedyScheduler: Ignoring {WorkSpec: c1438b21-24aa-4d8f-ac7f-d4a5c4eb5154}. Requires ContentUri triggers.
01-31 16:18:11.562 27239 32029 D WM-GreedyScheduler: Cancelling work ID 9d3a8364-1df7-4137-8f3f-cceadaab0f01
01-31 16:18:11.569 27239 32029 D WM-SystemJobScheduler: Scheduling work ID 9d3a8364-1df7-4137-8f3f-cceadaab0f01Job ID 2724
01-31 16:18:11.573 27239 32029 D WM-GreedyScheduler: Ignoring {WorkSpec: 78988a98-0b2f-4ff7-95a9-6ceaea3402c2}. Requires device idle.
01-31 16:18:11.573 27239 32029 D WM-GreedyScheduler: Ignoring {WorkSpec: 7bb1c822-c76e-4ebe-9f6b-d0b2531de3bf}. Requires device idle.
01-31 16:18:11.573 27239 32029 D WM-GreedyScheduler: Ignoring {WorkSpec: 2900100c-f1c1-4646-bf8a-44d1146f5a47}. Requires device idle.
01-31 16:18:11.573 27239 32029 D WM-GreedyScheduler: Ignoring {WorkSpec: 98647a92-b05c-4b96-96cd-b16d01be1035}. Requires device idle.
01-31 16:18:11.573 27239 32029 D WM-GreedyScheduler: Ignoring {WorkSpec: b3df9273-9a74-487b-878e-3cc5661b6de8}. Requires device idle.
01-31 16:18:11.573 27239 32029 D WM-GreedyScheduler: Ignoring {WorkSpec: c1438b21-24aa-4d8f-ac7f-d4a5c4eb5154}. Requires ContentUri triggers.
01-31 16:18:11.582 27239 32031 D WM-GreedyScheduler: Cancelling work ID edef3dc2-ddc7-4d38-94a4-191671cae45d
01-31 16:18:11.589 27239 32031 D WM-SystemJobScheduler: Scheduling work ID edef3dc2-ddc7-4d38-94a4-191671cae45dJob ID 2725
01-31 16:18:11.591 27239 32031 D WM-GreedyScheduler: Ignoring {WorkSpec: 78988a98-0b2f-4ff7-95a9-6ceaea3402c2}. Requires device idle.
01-31 16:18:11.591 27239 32031 D WM-GreedyScheduler: Ignoring {WorkSpec: 7bb1c822-c76e-4ebe-9f6b-d0b2531de3bf}. Requires device idle.
01-31 16:18:11.591 27239 32031 D WM-GreedyScheduler: Ignoring {WorkSpec: 2900100c-f1c1-4646-bf8a-44d1146f5a47}. Requires device idle.
01-31 16:18:11.591 27239 32031 D WM-GreedyScheduler: Ignoring {WorkSpec: 98647a92-b05c-4b96-96cd-b16d01be1035}. Requires device idle.
01-31 16:18:11.591 27239 32031 D WM-GreedyScheduler: Ignoring {WorkSpec: b3df9273-9a74-487b-878e-3cc5661b6de8}. Requires device idle.
01-31 16:18:11.591 27239 32031 D WM-GreedyScheduler: Ignoring {WorkSpec: c1438b21-24aa-4d8f-ac7f-d4a5c4eb5154}. Requires ContentUri triggers.
01-31 16:18:11.596 27239 30805 I SyncWorkManagerPeriodic: Successfully scheduled next periodic workers
01-31 16:18:11.598 32030 32030 I agram.barcelona: AssetManager2(0xb40000719035a6f8) locale list changing from [] to [en-GB]
01-31 16:18:11.602 32030 32030 I Perf    : Connecting to perf service.
01-31 16:18:11.604 27239 32029 D WM-GreedyScheduler: Cancelling work ID b6391fe6-879d-40d5-a8b9-8f4a047f2288
01-31 16:18:11.606 32030 32030 V GraphicsEnvironment: Currently set values for:
01-31 16:18:11.606 32030 32030 V GraphicsEnvironment:   angle_gl_driver_selection_pkgs=[com.android.angle, com.linecorp.b612.android, com.campmobile.snow, com.google.android.apps.tachyon]
01-31 16:18:11.606 32030 32030 V GraphicsEnvironment:   angle_gl_driver_selection_values=[angle, native, native, native]
01-31 16:18:11.607 32030 32030 V GraphicsEnvironment: com.instagram.barcelona is not listed in per-application setting
01-31 16:18:11.607 32030 32030 V GraphicsEnvironment: ANGLE allowlist from config: 
01-31 16:18:11.607 32030 32030 V GraphicsEnvironment: com.instagram.barcelona is not listed in ANGLE allowlist or settings, returning default
01-31 16:18:11.607 32030 32030 V GraphicsEnvironment: Neither updatable production driver nor prerelease driver is supported.
01-31 16:18:11.607 27239 32029 D WM-GreedyScheduler: Ignoring {WorkSpec: 78988a98-0b2f-4ff7-95a9-6ceaea3402c2}. Requires device idle.
01-31 16:18:11.608 27239 32029 D WM-GreedyScheduler: Ignoring {WorkSpec: 7bb1c822-c76e-4ebe-9f6b-d0b2531de3bf}. Requires device idle.
01-31 16:18:11.608 27239 32029 D WM-GreedyScheduler: Ignoring {WorkSpec: 2900100c-f1c1-4646-bf8a-44d1146f5a47}. Requires device idle.
01-31 16:18:11.608 27239 32029 D WM-GreedyScheduler: Ignoring {WorkSpec: 98647a92-b05c-4b96-96cd-b16d01be1035}. Requires device idle.
01-31 16:18:11.608 27239 32029 D WM-GreedyScheduler: Ignoring {WorkSpec: b3df9273-9a74-487b-878e-3cc5661b6de8}. Requires device idle.
01-31 16:18:11.608 27239 32029 D WM-GreedyScheduler: Ignoring {WorkSpec: c1438b21-24aa-4d8f-ac7f-d4a5c4eb5154}. Requires ContentUri triggers.
01-31 16:18:11.639 32030 32046 W SoLoader: Initializing SoLoader: 1034
01-31 16:18:11.639 32030 32046 W SoLoader: context.getApplicationContext returned null, holding reference to original context.ApplicationSoSource fallbacks to: /data/app/~~8mNfzHXLDC9clGP8kFuBYA==/com.instagram.barcelona-XPE9nH2V1K_MDiI8MNCk_w==/lib/arm64
01-31 16:18:11.643 32030 32046 W SoLoader: SoLoader initialized: 1034
01-31 16:18:11.645 32030 32046 W SoLoader[NativeDeps]: Failed to use native deps file in APK, falling back to using MinElf to get library dependencies:native_deps.txt
01-31 16:18:11.645 32030 32046 W FbSoLoader: Failed to use precomputed native lib dependencies file
01-31 16:18:11.645 32030 32046 W FbSoLoader: Native libs file not compressed with Superpack. Skipping initializing compressed asset sosource directories.
01-31 16:18:11.652 32030 32046 W FbSoLoader: Initialized FBSoLoader
01-31 16:18:11.655 32030 32045 W CrashLoopRemedyLog: unable to delete remedy log, instaCrash: false
01-31 16:18:11.655 32030 32045 W CrashLoopRemedyLog: unable to delete remedy log, instaCrash: true
01-31 16:18:11.663 32030 32045 W lacrima : LacrimaConfigBuilder.setUserIdActorId not called, using 0
01-31 16:18:11.663 32030 32045 W lacrima : LacrimaConfigBuilder.setUserIdActingAccountId not called, using 0
01-31 16:18:11.670 32030 32045 W MemProcWatermarkReader: [AI] Failed to open zoneinfo file
01-31 16:18:11.670 32030 32045 W lacrima : Start JavaAppDeathCrashDetector... X.0uh
01-31 16:18:11.674 32030 32045 W lacrima : Sending pending reports
01-31 16:18:11.678 32030 32048 E ashmem  : Pinning is deprecated since Android Q. Please use trim or other methods.
01-31 16:18:11.679 32030 32053 W SoLoader[NativeDeps]: Falling back to custom ELF parsing when loading libearlystartup.so, this can be slow
01-31 16:18:11.684 32030 32053 W SoLoader[NativeDeps]: Falling back to custom ELF parsing when loading libbreakpad.so, this can be slow
01-31 16:18:11.691 32030 32053 D nativeloader: Load /data/app/~~8mNfzHXLDC9clGP8kFuBYA==/com.instagram.barcelona-XPE9nH2V1K_MDiI8MNCk_w==/split_config.arm64_v8a.apk!/lib/arm64-v8a/libc++_shared.so using class loader ns clns-9 (caller=/data/app/~~8mNfzHXLDC9clGP8kFuBYA==/com.instagram.barcelona-XPE9nH2V1K_MDiI8MNCk_w==/base.apk!classes10.dex): ok
01-31 16:18:11.701 32030 32053 D nativeloader: Load /data/app/~~8mNfzHXLDC9clGP8kFuBYA==/com.instagram.barcelona-XPE9nH2V1K_MDiI8MNCk_w==/split_config.arm64_v8a.apk!/lib/arm64-v8a/libbreakpad.so using class loader ns clns-9 (caller=/data/app/~~8mNfzHXLDC9clGP8kFuBYA==/com.instagram.barcelona-XPE9nH2V1K_MDiI8MNCk_w==/base.apk!classes10.dex): ok
01-31 16:18:11.705 32030 32053 D nativeloader: Load /data/app/~~8mNfzHXLDC9clGP8kFuBYA==/com.instagram.barcelona-XPE9nH2V1K_MDiI8MNCk_w==/split_config.arm64_v8a.apk!/lib/arm64-v8a/libfbunwindstack.so using class loader ns clns-9 (caller=/data/app/~~8mNfzHXLDC9clGP8kFuBYA==/com.instagram.barcelona-XPE9nH2V1K_MDiI8MNCk_w==/base.apk!classes10.dex): ok
01-31 16:18:11.708 32030 32053 D nativeloader: Load /data/app/~~8mNfzHXLDC9clGP8kFuBYA==/com.instagram.barcelona-XPE9nH2V1K_MDiI8MNCk_w==/split_config.arm64_v8a.apk!/lib/arm64-v8a/libearlystartup.so using class loader ns clns-9 (caller=/data/app/~~8mNfzHXLDC9clGP8kFuBYA==/com.instagram.barcelona-XPE9nH2V1K_MDiI8MNCk_w==/base.apk!classes10.dex): ok
01-31 16:18:11.715 32030 32030 W SoLoader: Loading fbjni on the main thread
01-31 16:18:11.716 32030 32030 W SoLoader: Loading profilo_apiimpl on the main thread
01-31 16:18:11.716 32030 32030 W SoLoader: Loading fb on the main thread
01-31 16:18:11.716 32030 32030 W SoLoader: Loading fb on the main thread
01-31 16:18:11.719 32030 32053 W lacrima : The minidump file is empty!
01-31 16:18:11.719 32030 32053 W SoLoader[NativeDeps]: Falling back to custom ELF parsing when loading libunwindstack_binary.so, this can be slow
01-31 16:18:11.720 32030 32030 W SoLoader: Loading profilo_configjni on the main thread
01-31 16:18:11.720 32030 32030 W SoLoader: Loading profilo_configjni on the main thread
01-31 16:18:11.721 32030 32030 W SoLoader: Loading profilo_mmapbuf on the main thread
01-31 16:18:11.721 32030 32030 W SoLoader: Loading profilo on the main thread
01-31 16:18:11.721 32030 32030 W Profilo/TraceControl: Loom client config id: -2504880110880358621
01-31 16:18:11.721 32030 32053 W SoLoader[NativeDeps]: Falling back to custom ELF parsing when loading libfbunwindstack.so, this can be slow
01-31 16:18:11.721 32030 32030 W Profilo/TraceControl: START PROFILO_TRACEID: A0CVVos0zKb 30539777
01-31 16:18:11.721 32030 32053 W SoLoader[NativeDeps]: Falling back to custom ELF parsing when loading libc++_shared.so, this can be slow
01-31 16:18:11.722 32030 32030 W SoLoader: Loading profilo_mmapbuf on the main thread
01-31 16:18:11.722 32030 32053 W lacrima : Start AnrAppDeathDetector... X.0wv
01-31 16:18:11.722 32030 32030 W SoLoader: Loading profilo on the main thread
01-31 16:18:11.723 32030 32053 E HeliumCrashReporter: Pending crash path /data/data/com.instagram.barcelona/cache/webview_embedded/Helium Crashpad/pending/ is not a directory
01-31 16:18:11.723 32030 32030 W SoLoader: Loading profilo on the main thread
01-31 16:18:11.723 32030 32030 W SoLoader: Loading profilo on the main thread
01-31 16:18:11.723 32030 32030 W SoLoader: Loading profilo on the main thread
01-31 16:18:11.733 32030 32053 V v9p     : Not disabled
01-31 16:18:11.733 32030 32053 I rtvip   : done
01-31 16:18:11.734 32030 32053 W SoLoader[NativeDeps]: Falling back to custom ELF parsing when loading libstartup.so, this can be slow
01-31 16:18:11.741 32030 32030 W SoLoader: Loading hiddenapis2 on the main thread
01-31 16:18:11.755 32030 32053 D nativeloader: Load /data/app/~~8mNfzHXLDC9clGP8kFuBYA==/com.instagram.barcelona-XPE9nH2V1K_MDiI8MNCk_w==/split_config.arm64_v8a.apk!/lib/arm64-v8a/libstartup.so using class loader ns clns-9 (caller=/data/app/~~8mNfzHXLDC9clGP8kFuBYA==/com.instagram.barcelona-XPE9nH2V1K_MDiI8MNCk_w==/base.apk!classes10.dex): ok
01-31 16:18:11.757 32030 32030 E HiddenApis2: Failed to init DecodeJObjectFuncPtr
01-31 16:18:11.758 14449 14743 D FileUtils: Rounded bytes from 7821406208 to 8000000000
01-31 16:18:11.769 32030 32030 W SoLoader: Loading threadutils-jni on the main thread
01-31 16:18:11.774 32030 32053 D nativeloader: Load /data/app/~~8mNfzHXLDC9clGP8kFuBYA==/com.instagram.barcelona-XPE9nH2V1K_MDiI8MNCk_w==/split_config.arm64_v8a.apk!/lib/arm64-v8a/libbreakpad_cpp_helper.so using class loader ns clns-9 (caller=/data/app/~~8mNfzHXLDC9clGP8kFuBYA==/com.instagram.barcelona-XPE9nH2V1K_MDiI8MNCk_w==/base.apk!classes10.dex): ok
01-31 16:18:11.776 32030 32053 W lacrima : Start AnrDetector... com.facebook.acra.anr.multisignal.MultiSignalANRDetector
01-31 16:18:11.776 32030 32053 W MultiSignalANRDetectorLacrima: Starting
01-31 16:18:11.776 32030 32053 W ProcessAnrErrorMonitor: startMonitoring with delay: 0
01-31 16:18:11.777 32030 32078 W SigquitDetectorLacrima: nativeInit
01-31 16:18:11.778 32030 32079 W ProcessAnrErrorMonitor: Starting process monitor checks for process 'com.instagram.barcelona'
01-31 16:18:11.778 32030 32079 W MultiSignalANRDetectorLacrima: Started monitoring
01-31 16:18:11.779 32030 32030 W SoLoader: Loading live-tree-jni on the main thread
01-31 16:18:11.781 32030 32030 W SoLoader: Loading pando-jni on the main thread
01-31 16:18:11.781 32030 32030 W agram.barcelona: JNI RegisterNativeMethods: attempt to register 0 native methods for com.facebook.pando.PandoDataJNI
01-31 16:18:11.782 32030 32030 W SoLoader: Loading pando-jni on the main thread
01-31 16:18:11.782 32030 32030 W SoLoader: Loading pando-jni on the main thread
01-31 16:18:11.783 32030 32053 W dalvik-internals: sigaction64 succeeded
01-31 16:18:11.783 32030 32053 D dalvik-internals: SuspendAndroid11: Found all symbols
01-31 16:18:11.783 32030 32053 D dalvik-internals: SuspendAndroid11: Suspending threads.
01-31 16:18:11.784 32030 32053 D dalvik-internals: SuspendAndroid11: Resuming threads.
01-31 16:18:11.784 32030 32053 V dalvik-internals: hooked signal using trap ()
01-31 16:18:11.784 32030 32053 V dalvik-internals: hooked sigaction using trap ()
01-31 16:18:11.784 32030 32053 I dalvik-internals: integrateWithCrashLog crashlog: /data/user/0/com.instagram.barcelona/crash_log, insta_crashlog: /data/user/0/com.instagram.barcelona/insta_crash_log
01-31 16:18:11.784 32030 32053 I dalvik-internals: installed sigmux crash handler for crash log
01-31 16:18:11.785 32030 32030 W IgMetaConfig: Could not obtain MC: null_factory 
01-31 16:18:11.785 32030 32030 W IgMetaConfig: java.lang.RuntimeException: Could not obtain MC, call-site will receive default values
01-31 16:18:11.785 32030 32030 W IgMetaConfig: 	at X.2it.A06(:4)
01-31 16:18:11.785 32030 32030 W IgMetaConfig: 	at X.2it.A05(:7)
01-31 16:18:11.785 32030 32030 W IgMetaConfig: 	at X.2it.A02(:2)
01-31 16:18:11.785 32030 32030 W IgMetaConfig: 	at X.14V.invoke(Unknown Source:1119)
01-31 16:18:11.785 32030 32030 W IgMetaConfig: 	at X.3tG.getValue(Unknown Source:25)
01-31 16:18:11.785 32030 32030 W IgMetaConfig: 	at X.2im.invoke(:95)
01-31 16:18:11.785 32030 32030 W IgMetaConfig: 	at X.3tG.getValue(Unknown Source:25)
01-31 16:18:11.785 32030 32030 W IgMetaConfig: 	at X.2jK.invoke(Unknown Source:1195)
01-31 16:18:11.785 32030 32030 W IgMetaConfig: 	at X.3tG.getValue(Unknown Source:25)
01-31 16:18:11.785 32030 32030 W IgMetaConfig: 	at X.2fq.A06(:33)
01-31 16:18:11.785 32030 32030 W IgMetaConfig: 	at X.2gz.A01(:336)
01-31 16:18:11.785 32030 32030 W IgMetaConfig: 	at X.2aq.<init>(:255)
01-31 16:18:11.785 32030 32030 W IgMetaConfig: 	at X.2kD.invoke(Unknown Source:1193)
01-31 16:18:11.785 32030 32030 W IgMetaConfig: 	at X.3tG.getValue(Unknown Source:25)
01-31 16:18:11.785 32030 32030 W IgMetaConfig: 	at X.2ar.A00(:4)
01-31 16:18:11.785 32030 32030 W IgMetaConfig: 	at X.2ar.A09(:4)
01-31 16:18:11.785 32030 32030 W IgMetaConfig: 	at X.1yt.A03(:49)
01-31 16:18:11.785 32030 32030 W IgMetaConfig: 	at X.1yp.A01(:39)
01-31 16:18:11.785 32030 32030 W IgMetaConfig: 	at com.instagram.barcelona.process.main.BarcelonaApplicationForMainProcess.A07(:2206)
01-31 16:18:11.785 32030 32030 W IgMetaConfig: 	at com.instagram.barcelona.app.BarcelonaAppShell.onCreate(Unknown Source:629)
01-31 16:18:11.785 32030 32030 W IgMetaConfig: 	at android.app.Instrumentation.callApplicationOnCreate(Instrumentation.java:1401)
01-31 16:18:11.785 32030 32030 W IgMetaConfig: 	at android.app.ActivityThread.handleBindApplication(ActivityThread.java:7966)
01-31 16:18:11.785 32030 32030 W IgMetaConfig: 	at android.app.ActivityThread.-$$Nest$mhandleBindApplication(Unknown Source:0)
01-31 16:18:11.785 32030 32030 W IgMetaConfig: 	at android.app.ActivityThread$H.handleMessage(ActivityThread.java:2583)
01-31 16:18:11.785 32030 32030 W IgMetaConfig: 	at android.os.Handler.dispatchMessage(Handler.java:110)
01-31 16:18:11.785 32030 32030 W IgMetaConfig: 	at android.os.Looper.loopOnce(Looper.java:283)
01-31 16:18:11.785 32030 32030 W IgMetaConfig: 	at android.os.Looper.loop(Looper.java:392)
01-31 16:18:11.785 32030 32030 W IgMetaConfig: 	at android.app.ActivityThread.main(ActivityThread.java:9236)
01-31 16:18:11.785 32030 32030 W IgMetaConfig: 	at java.lang.reflect.Method.invoke(Native Method)
01-31 16:18:11.785 32030 32030 W IgMetaConfig: 	at com.android.internal.os.RuntimeInit$MethodAndArgsCaller.run(RuntimeInit.java:611)
01-31 16:18:11.785 32030 32030 W IgMetaConfig: 	at com.android.internal.os.ZygoteInit.main(ZygoteInit.java:944)
01-31 16:18:11.785 32030 32030 W SoLoader: Loading pando-graphql-jni on the main thread
01-31 16:18:11.785 32030 32053 W lacrima : LacrimaInitializer.init
01-31 16:18:11.785 32030 32053 W lacrima : Cannot find registered detector
01-31 16:18:11.785 32030 32030 W IgMetaConfig: Could not obtain MC: null_factory 
01-31 16:18:11.785 32030 32030 W IgMetaConfig: java.lang.RuntimeException: Could not obtain MC, call-site will receive default values
01-31 16:18:11.785 32030 32030 W IgMetaConfig: 	at X.2it.A06(:4)
01-31 16:18:11.785 32030 32030 W IgMetaConfig: 	at X.2it.A05(:7)
01-31 16:18:11.785 32030 32030 W IgMetaConfig: 	at X.2it.A02(:2)
01-31 16:18:11.785 32030 32030 W IgMetaConfig: 	at X.14V.invoke(Unknown Source:930)
01-31 16:18:11.785 32030 32030 W IgMetaConfig: 	at X.2kD.invoke(Unknown Source:74)
01-31 16:18:11.785 32030 32030 W IgMetaConfig: 	at X.3tG.getValue(Unknown Source:25)
01-31 16:18:11.785 32030 32030 W IgMetaConfig: 	at X.1ua.A01(:8)
01-31 16:18:11.785 32030 32030 W IgMetaConfig: 	at X.2jf.A00(:10)
01-31 16:18:11.785 32030 32030 W IgMetaConfig: 	at X.2im.invoke(:120)
01-31 16:18:11.785 32030 32030 W IgMetaConfig: 	at X.3tG.getValue(Unknown Source:25)
01-31 16:18:11.785 32030 32030 W IgMetaConfig: 	at X.2jK.invoke(Unknown Source:1195)
01-31 16:18:11.785 32030 32030 W IgMetaConfig: 	at X.3tG.getValue(Unknown Source:25)
01-31 16:18:11.785 32030 32030 W IgMetaConfig: 	at X.2fq.A06(:33)
01-31 16:18:11.785 32030 32030 W IgMetaConfig: 	at X.2gz.A01(:336)
01-31 16:18:11.785 32030 32030 W IgMetaConfig: 	at X.2aq.<init>(:255)
01-31 16:18:11.785 32030 32030 W IgMetaConfig: 	at X.2kD.invoke(Unknown Source:1193)
01-31 16:18:11.785 32030 32030 W IgMetaConfig: 	at X.3tG.getValue(Unknown Source:25)
01-31 16:18:11.785 32030 32030 W IgMetaConfig: 	at X.2ar.A00(:4)
01-31 16:18:11.785 32030 32030 W IgMetaConfig: 	at X.2ar.A09(:4)
01-31 16:18:11.785 32030 32030 W IgMetaConfig: 	at X.1yt.A03(:49)
01-31 16:18:11.785 32030 32030 W IgMetaConfig: 	at X.1yp.A01(:39)
01-31 16:18:11.785 32030 32030 W IgMetaConfig: 	at com.instagram.barcelona.process.main.BarcelonaApplicationForMainProcess.A07(:2206)
01-31 16:18:11.785 32030 32030 W IgMetaConfig: 	at com.instagram.barcelona.app.BarcelonaAppShell.onCreate(Unknown Source:629)
01-31 16:18:11.785 32030 32030 W IgMetaConfig: 	at android.app.Instrumentation.callApplicationOnCreate(Instrumentation.java:1401)
01-31 16:18:11.785 32030 32030 W IgMetaConfig: 	at android.app.ActivityThread.handleBindApplication(ActivityThread.java:7966)
01-31 16:18:11.785 32030 32030 W IgMetaConfig: 	at android.app.ActivityThread.-$$Nest$mhandleBindApplication(Unknown Source:0)
01-31 16:18:11.785 32030 32030 W IgMetaConfig: 	at android.app.ActivityThread$H.handleMessage(ActivityThread.java:2583)
01-31 16:18:11.785 32030 32030 W IgMetaConfig: 	at android.os.Handler.dispatchMessage(Handler.java:110)
01-31 16:18:11.785 32030 32030 W IgMetaConfig: 	at android.os.Looper.loopOnce(Looper.java:283)
01-31 16:18:11.785 32030 32030 W IgMetaConfig: 	at android.os.Looper.loop(Looper.java:392)
01-31 16:18:11.785 32030 32030 W IgMetaConfig: 	at android.app.ActivityThread.main(ActivityThread.java:9236)
01-31 16:18:11.785 32030 32030 W IgMetaConfig: 	at java.lang.reflect.Method.invoke(Native Method)
01-31 16:18:11.785 32030 32030 W IgMetaConfig: 	at com.android.internal.os.RuntimeInit$MethodAndArgsCaller.run(RuntimeInit.java:611)
01-31 16:18:11.785 32030 32030 W IgMetaConfig: 	at com.android.internal.os.ZygoteInit.main(ZygoteInit.java:944)
01-31 16:18:11.786 32030 32030 W IgMetaConfig: Could not obtain MC: null_factory 
01-31 16:18:11.786 32030 32030 W IgMetaConfig: java.lang.RuntimeException: Could not obtain MC, call-site will receive default values
01-31 16:18:11.786 32030 32030 W IgMetaConfig: 	at X.2it.A06(:4)
01-31 16:18:11.786 32030 32030 W IgMetaConfig: 	at X.2it.A05(:7)
01-31 16:18:11.786 32030 32030 W IgMetaConfig: 	at X.2it.A02(:2)
01-31 16:18:11.786 32030 32030 W IgMetaConfig: 	at X.14V.invoke(Unknown Source:945)
01-31 16:18:11.786 32030 32030 W IgMetaConfig: 	at X.2kD.invoke(Unknown Source:74)
01-31 16:18:11.786 32030 32030 W IgMetaConfig: 	at X.3tG.getValue(Unknown Source:25)
01-31 16:18:11.786 32030 32030 W IgMetaConfig: 	at X.1ua.A01(:8)
01-31 16:18:11.786 32030 32030 W IgMetaConfig: 	at X.2jf.A00(:10)
01-31 16:18:11.786 32030 32030 W IgMetaConfig: 	at X.2im.invoke(:120)
01-31 16:18:11.786 32030 32030 W IgMetaConfig: 	at X.3tG.getValue(Unknown Source:25)
01-31 16:18:11.786 32030 32030 W IgMetaConfig: 	at X.2jK.invoke(Unknown Source:1195)
01-31 16:18:11.786 32030 32030 W IgMetaConfig: 	at X.3tG.getValue(Unknown Source:25)
01-31 16:18:11.786 32030 32030 W IgMetaConfig: 	at X.2fq.A06(:33)
01-31 16:18:11.786 32030 32030 W IgMetaConfig: 	at X.2gz.A01(:336)
01-31 16:18:11.786 32030 32030 W IgMetaConfig: 	at X.2aq.<init>(:255)
01-31 16:18:11.786 32030 32030 W IgMetaConfig: 	at X.2kD.invoke(Unknown Source:1193)
01-31 16:18:11.786 32030 32030 W IgMetaConfig: 	at X.3tG.getValue(Unknown Source:25)
01-31 16:18:11.786 32030 32030 W IgMetaConfig: 	at X.2ar.A00(:4)
01-31 16:18:11.786 32030 32030 W IgMetaConfig: 	at X.2ar.A09(:4)
01-31 16:18:11.786 32030 32030 W IgMetaConfig: 	at X.1yt.A03(:49)
01-31 16:18:11.786 32030 32030 W IgMetaConfig: 	at X.1yp.A01(:39)
01-31 16:18:11.786 32030 32030 W IgMetaConfig: 	at com.instagram.barcelona.process.main.BarcelonaApplicationForMainProcess.A07(:2206)
01-31 16:18:11.786 32030 32030 W IgMetaConfig: 	at com.instagram.barcelona.app.BarcelonaAppShell.onCreate(Unknown Source:629)
01-31 16:18:11.786 32030 32030 W IgMetaConfig: 	at android.app.Instrumentation.callApplicationOnCreate(Instrumentation.java:1401)
01-31 16:18:11.786 32030 32030 W IgMetaConfig: 	at android.app.ActivityThread.handleBindApplication(ActivityThread.java:7966)
01-31 16:18:11.786 32030 32030 W IgMetaConfig: 	at android.app.ActivityThread.-$$Nest$mhandleBindApplication(Unknown Source:0)
01-31 16:18:11.786 32030 32030 W IgMetaConfig: 	at android.app.ActivityThread$H.handleMessage(ActivityThread.java:2583)
01-31 16:18:11.786 32030 32030 W IgMetaConfig: 	at android.os.Handler.dispatchMessage(Handler.java:110)
01-31 16:18:11.786 32030 32030 W IgMetaConfig: 	at android.os.Looper.loopOnce(Looper.java:283)
01-31 16:18:11.786 32030 32030 W IgMetaConfig: 	at android.os.Looper.loop(Looper.java:392)
01-31 16:18:11.786 32030 32030 W IgMetaConfig: 	at android.app.ActivityThread.main(ActivityThread.java:9236)
01-31 16:18:11.786 32030 32030 W IgMetaConfig: 	at java.lang.reflect.Method.invoke(Native Method)
01-31 16:18:11.786 32030 32030 W IgMetaConfig: 	at com.android.internal.os.RuntimeInit$MethodAndArgsCaller.run(RuntimeInit.java:611)
01-31 16:18:11.786 32030 32030 W IgMetaConfig: 	at com.android.internal.os.ZygoteInit.main(ZygoteInit.java:944)
01-31 16:18:11.786 32030 32030 W SoLoader: Loading live-tree-jni on the main thread
01-31 16:18:11.786 32030 32053 W SoLoader[NativeDeps]: Falling back to custom ELF parsing when loading libscrollmerged.so, this can be slow
01-31 16:18:11.786 32030 32052 W lacrima : FixedLengthFiles.init() called twice.
01-31 16:18:11.786 32030 32052 W lacrima : FixedLengthFiles.init() called twice.
01-31 16:18:11.787 32030 32030 W SoLoader: Loading live-tree-jni on the main thread
01-31 16:18:11.787 32030 32030 W SoLoader: Loading pando-jni on the main thread
01-31 16:18:11.787 32030 32030 W SoLoader: Loading live-tree-jni on the main thread
01-31 16:18:11.788 32030 32030 E QPLProvider: QuickPerformanceLogger instance wasn't installed in provider, returning noop. Please call QuickPerformanceLoggerProvider.setQuickPerformanceLogger() before getting the instance.
01-31 16:18:11.788 32030 32030 E QPLProvider: java.lang.IllegalStateException: No QPL instance provided
01-31 16:18:11.788 32030 32030 E QPLProvider: 	at com.facebook.quicklog.QuickPerformanceLoggerProvider.getQPLInstance(:8)
01-31 16:18:11.788 32030 32030 E QPLProvider: 	at X.2kr.A01(:12)
01-31 16:18:11.788 32030 32030 E QPLProvider: 	at X.2kr.AnZ(:2)
01-31 16:18:11.788 32030 32030 E QPLProvider: 	at X.2kn.<init>(:7)
01-31 16:18:11.788 32030 32030 E QPLProvider: 	at X.2ko.A00(:18)
01-31 16:18:11.788 32030 32030 E QPLProvider: 	at X.2kl.<init>(:16)
01-31 16:18:11.788 32030 32030 E QPLProvider: 	at X.1yx.A03(:36)
01-31 16:18:11.788 32030 32030 E QPLProvider: 	at X.1yp.A01(:39)
01-31 16:18:11.788 32030 32030 E QPLProvider: 	at com.instagram.barcelona.process.main.BarcelonaApplicationForMainProcess.A07(:2206)
01-31 16:18:11.788 32030 32030 E QPLProvider: 	at com.instagram.barcelona.app.BarcelonaAppShell.onCreate(Unknown Source:629)
01-31 16:18:11.788 32030 32030 E QPLProvider: 	at android.app.Instrumentation.callApplicationOnCreate(Instrumentation.java:1401)
01-31 16:18:11.788 32030 32030 E QPLProvider: 	at android.app.ActivityThread.handleBindApplication(ActivityThread.java:7966)
01-31 16:18:11.788 32030 32030 E QPLProvider: 	at android.app.ActivityThread.-$$Nest$mhandleBindApplication(Unknown Source:0)
01-31 16:18:11.788 32030 32030 E QPLProvider: 	at android.app.ActivityThread$H.handleMessage(ActivityThread.java:2583)
01-31 16:18:11.788 32030 32030 E QPLProvider: 	at android.os.Handler.dispatchMessage(Handler.java:110)
01-31 16:18:11.788 32030 32030 E QPLProvider: 	at android.os.Looper.loopOnce(Looper.java:283)
01-31 16:18:11.788 32030 32030 E QPLProvider: 	at android.os.Looper.loop(Looper.java:392)
01-31 16:18:11.788 32030 32030 E QPLProvider: 	at android.app.ActivityThread.main(ActivityThread.java:9236)
01-31 16:18:11.788 32030 32030 E QPLProvider: 	at java.lang.reflect.Method.invoke(Native Method)
01-31 16:18:11.788 32030 32030 E QPLProvider: 	at com.android.internal.os.RuntimeInit$MethodAndArgsCaller.run(RuntimeInit.java:611)
01-31 16:18:11.788 32030 32030 E QPLProvider: 	at com.android.internal.os.ZygoteInit.main(ZygoteInit.java:944)
01-31 16:18:11.788 32030 32030 E QPLProvider: QuickPerformanceLogger instance wasn't installed in provider, returning noop. Please call QuickPerformanceLoggerProvider.setQuickPerformanceLogger() before getting the instance.
01-31 16:18:11.788 32030 32030 E QPLProvider: java.lang.IllegalStateException: No QPL instance provided
01-31 16:18:11.788 32030 32030 E QPLProvider: 	at com.facebook.quicklog.QuickPerformanceLoggerProvider.getQPLInstance(:8)
01-31 16:18:11.788 32030 32030 E QPLProvider: 	at X.2kr.A01(:24)
01-31 16:18:11.788 32030 32030 E QPLProvider: 	at X.2kr.AnZ(:2)
01-31 16:18:11.788 32030 32030 E QPLProvider: 	at X.2kn.<init>(:7)
01-31 16:18:11.788 32030 32030 E QPLProvider: 	at X.2ko.A00(:18)
01-31 16:18:11.788 32030 32030 E QPLProvider: 	at X.2kl.<init>(:16)
01-31 16:18:11.788 32030 32030 E QPLProvider: 	at X.1yx.A03(:36)
01-31 16:18:11.788 32030 32030 E QPLProvider: 	at X.1yp.A01(:39)
01-31 16:18:11.788 32030 32030 E QPLProvider: 	at com.instagram.barcelona.process.main.BarcelonaApplicationForMainProcess.A07(:2206)
01-31 16:18:11.788 32030 32030 E QPLProvider: 	at com.instagram.barcelona.app.BarcelonaAppShell.onCreate(Unknown Source:629)
01-31 16:18:11.788 32030 32030 E QPLProvider: 	at android.app.Instrumentation.callApplicationOnCreate(Instrumentation.java:1401)
01-31 16:18:11.788 32030 32030 E QPLProvider: 	at android.app.ActivityThread.handleBindApplication(ActivityThread.java:7966)
01-31 16:18:11.788 32030 32030 E QPLProvider: 	at android.app.ActivityThread.-$$Nest$mhandleBindApplication(Unknown Source:0)
01-31 16:18:11.788 32030 32030 E QPLProvider: 	at android.app.ActivityThread$H.handleMessage(ActivityThread.java:2583)
01-31 16:18:11.788 32030 32030 E QPLProvider: 	at android.os.Handler.dispatchMessage(Handler.java:110)
01-31 16:18:11.788 32030 32030 E QPLProvider: 	at android.os.Looper.loopOnce(Looper.java:283)
01-31 16:18:11.788 32030 32030 E QPLProvider: 	at android.os.Looper.loop(Looper.java:392)
01-31 16:18:11.788 32030 32030 E QPLProvider: 	at android.app.ActivityThread.main(ActivityThread.java:9236)
01-31 16:18:11.788 32030 32030 E QPLProvider: 	at java.lang.reflect.Method.invoke(Native Method)
01-31 16:18:11.788 32030 32030 E QPLProvider: 	at com.android.internal.os.RuntimeInit$MethodAndArgsCaller.run(RuntimeInit.java:611)
01-31 16:18:11.788 32030 32030 E QPLProvider: 	at com.android.internal.os.ZygoteInit.main(ZygoteInit.java:944)
01-31 16:18:11.788 32030 32030 E QPLProvider: QuickPerformanceLogger instance wasn't installed in provider, returning noop. Please call QuickPerformanceLoggerProvider.setQuickPerformanceLogger() before getting the instance.
01-31 16:18:11.788 32030 32030 E QPLProvider: java.lang.IllegalStateException: No QPL instance provided
01-31 16:18:11.788 32030 32030 E QPLProvider: 	at com.facebook.quicklog.QuickPerformanceLoggerProvider.getQPLInstance(:8)
01-31 16:18:11.788 32030 32030 E QPLProvider: 	at X.2kr.A01(:38)
01-31 16:18:11.788 32030 32030 E QPLProvider: 	at X.2kr.AnZ(:2)
01-31 16:18:11.788 32030 32030 E QPLProvider: 	at X.2kn.<init>(:7)
01-31 16:18:11.788 32030 32030 E QPLProvider: 	at X.2ko.A00(:18)
01-31 16:18:11.788 32030 32030 E QPLProvider: 	at X.2kl.<init>(:16)
01-31 16:18:11.788 32030 32030 E QPLProvider: 	at X.1yx.A03(:36)
01-31 16:18:11.788 32030 32030 E QPLProvider: 	at X.1yp.A01(:39)
01-31 16:18:11.788 32030 32030 E QPLProvider: 	at com.instagram.barcelona.process.main.BarcelonaApplicationForMainProcess.A07(:2206)
01-31 16:18:11.788 32030 32030 E QPLProvider: 	at com.instagram.barcelona.app.BarcelonaAppShell.onCreate(Unknown Source:629)
01-31 16:18:11.788 32030 32030 E QPLProvider: 	at android.app.Instrumentation.callApplicationOnCreate(Instrumentation.java:1401)
01-31 16:18:11.788 32030 32030 E QPLProvider: 	at android.app.ActivityThread.handleBindApplication(ActivityThread.java:7966)
01-31 16:18:11.788 32030 32030 E QPLProvider: 	at android.app.ActivityThread.-$$Nest$mhandleBindApplication(Unknown Source:0)
01-31 16:18:11.788 32030 32030 E QPLProvider: 	at android.app.ActivityThread$H.handleMessage(ActivityThread.java:2583)
01-31 16:18:11.788 32030 32030 E QPLProvider: 	at android.os.Handler.dispatchMessage(Handler.java:110)
01-31 16:18:11.788 32030 32030 E QPLProvider: 	at android.os.Looper.loopOnce(Looper.java:283)
01-31 16:18:11.788 32030 32030 E QPLProvider: 	at android.os.Looper.loop(Looper.java:392)
01-31 16:18:11.788 32030 32030 E QPLProvider: 	at android.app.ActivityThread.main(ActivityThread.java:9236)
01-31 16:18:11.788 32030 32030 E QPLProvider: 	at java.lang.reflect.Method.invoke(Native Method)
01-31 16:18:11.788 32030 32030 E QPLProvider: 	at com.android.internal.os.RuntimeInit$MethodAndArgsCaller.run(RuntimeInit.java:611)
01-31 16:18:11.788 32030 32030 E QPLProvider: 	at com.android.internal.os.ZygoteInit.main(ZygoteInit.java:944)
01-31 16:18:11.789 32030 32030 E QPLProvider: QuickPerformanceLogger instance wasn't installed in provider, returning noop. Please call QuickPerformanceLoggerProvider.setQuickPerformanceLogger() before getting the instance.
01-31 16:18:11.789 32030 32030 E QPLProvider: java.lang.IllegalStateException: No QPL instance provided
01-31 16:18:11.789 32030 32030 E QPLProvider: 	at com.facebook.quicklog.QuickPerformanceLoggerProvider.getQPLInstance(:8)
01-31 16:18:11.789 32030 32030 E QPLProvider: 	at X.2kr.A01(:53)
01-31 16:18:11.789 32030 32030 E QPLProvider: 	at X.2kr.AnZ(:2)
01-31 16:18:11.789 32030 32030 E QPLProvider: 	at X.2kn.<init>(:7)
01-31 16:18:11.789 32030 32030 E QPLProvider: 	at X.2ko.A00(:18)
01-31 16:18:11.789 32030 32030 E QPLProvider: 	at X.2kl.<init>(:16)
01-31 16:18:11.789 32030 32030 E QPLProvider: 	at X.1yx.A03(:36)
01-31 16:18:11.789 32030 32030 E QPLProvider: 	at X.1yp.A01(:39)
01-31 16:18:11.789 32030 32030 E QPLProvider: 	at com.instagram.barcelona.process.main.BarcelonaApplicationForMainProcess.A07(:2206)
01-31 16:18:11.789 32030 32030 E QPLProvider: 	at com.instagram.barcelona.app.BarcelonaAppShell.onCreate(Unknown Source:629)
01-31 16:18:11.789 32030 32030 E QPLProvider: 	at android.app.Instrumentation.callApplicationOnCreate(Instrumentation.java:1401)
01-31 16:18:11.789 32030 32030 E QPLProvider: 	at android.app.ActivityThread.handleBindApplication(ActivityThread.java:7966)
01-31 16:18:11.789 32030 32030 E QPLProvider: 	at android.app.ActivityThread.-$$Nest$mhandleBindApplication(Unknown Source:0)
01-31 16:18:11.789 32030 32030 E QPLProvider: 	at android.app.ActivityThread$H.handleMessage(ActivityThread.java:2583)
01-31 16:18:11.789 32030 32030 E QPLProvider: 	at android.os.Handler.dispatchMessage(Handler.java:110)
01-31 16:18:11.789 32030 32030 E QPLProvider: 	at android.os.Looper.loopOnce(Looper.java:283)
01-31 16:18:11.789 32030 32030 E QPLProvider: 	at android.os.Looper.loop(Looper.java:392)
01-31 16:18:11.789 32030 32030 E QPLProvider: 	at android.app.ActivityThread.main(ActivityThread.java:9236)
01-31 16:18:11.789 32030 32030 E QPLProvider: 	at java.lang.reflect.Method.invoke(Native Method)
01-31 16:18:11.789 32030 32030 E QPLProvider: 	at com.android.internal.os.RuntimeInit$MethodAndArgsCaller.run(RuntimeInit.java:611)
01-31 16:18:11.789 32030 32030 E QPLProvider: 	at com.android.internal.os.ZygoteInit.main(ZygoteInit.java:944)
01-31 16:18:11.789 32030 32030 E QPLProvider: QuickPerformanceLogger instance wasn't installed in provider, returning noop. Please call QuickPerformanceLoggerProvider.setQuickPerformanceLogger() before getting the instance.
01-31 16:18:11.789 32030 32030 E QPLProvider: java.lang.IllegalStateException: No QPL instance provided
01-31 16:18:11.789 32030 32030 E QPLProvider: 	at com.facebook.quicklog.QuickPerformanceLoggerProvider.getQPLInstance(:8)
01-31 16:18:11.789 32030 32030 E QPLProvider: 	at X.2kr.A01(:64)
01-31 16:18:11.789 32030 32030 E QPLProvider: 	at X.2kr.AnZ(:2)
01-31 16:18:11.789 32030 32030 E QPLProvider: 	at X.2kn.<init>(:7)
01-31 16:18:11.789 32030 32030 E QPLProvider: 	at X.2ko.A00(:18)
01-31 16:18:11.789 32030 32030 E QPLProvider: 	at X.2kl.<init>(:16)
01-31 16:18:11.789 32030 32030 E QPLProvider: 	at X.1yx.A03(:36)
01-31 16:18:11.789 32030 32030 E QPLProvider: 	at X.1yp.A01(:39)
01-31 16:18:11.789 32030 32030 E QPLProvider: 	at com.instagram.barcelona.process.main.BarcelonaApplicationForMainProcess.A07(:2206)
01-31 16:18:11.789 32030 32030 E QPLProvider: 	at com.instagram.barcelona.app.BarcelonaAppShell.onCreate(Unknown Source:629)
01-31 16:18:11.789 32030 32030 E QPLProvider: 	at android.app.Instrumentation.callApplicationOnCreate(Instrumentation.java:1401)
01-31 16:18:11.789 32030 32030 E QPLProvider: 	at android.app.ActivityThread.handleBindApplication(ActivityThread.java:7966)
01-31 16:18:11.789 32030 32030 E QPLProvider: 	at android.app.ActivityThread.-$$Nest$mhandleBindApplication(Unknown Source:0)
01-31 16:18:11.789 32030 32030 E QPLProvider: 	at android.app.ActivityThread$H.handleMessage(ActivityThread.java:2583)
01-31 16:18:11.789 32030 32030 E QPLProvider: 	at android.os.Handler.dispatchMessage(Handler.java:110)
01-31 16:18:11.789 32030 32030 E QPLProvider: 	at android.os.Looper.loopOnce(Looper.java:283)
01-31 16:18:11.789 32030 32030 E QPLProvider: 	at android.os.Looper.loop(Looper.java:392)
01-31 16:18:11.789 32030 32030 E QPLProvider: 	at android.app.ActivityThread.main(ActivityThread.java:9236)
01-31 16:18:11.789 32030 32030 E QPLProvider: 	at java.lang.reflect.Method.invoke(Native Method)
01-31 16:18:11.789 32030 32030 E QPLProvider: 	at com.android.internal.os.RuntimeInit$MethodAndArgsCaller.run(RuntimeInit.java:611)
01-31 16:18:11.789 32030 32030 E QPLProvider: 	at com.android.internal.os.ZygoteInit.main(ZygoteInit.java:944)
01-31 16:18:11.789 32030 32030 E QPLProvider: QuickPerformanceLogger instance wasn't installed in provider, returning noop. Please call QuickPerformanceLoggerProvider.setQuickPerformanceLogger() before getting the instance.
01-31 16:18:11.789 32030 32030 E QPLProvider: java.lang.IllegalStateException: No QPL instance provided
01-31 16:18:11.789 32030 32030 E QPLProvider: 	at com.facebook.quicklog.QuickPerformanceLoggerProvider.getQPLInstance(:8)
01-31 16:18:11.789 32030 32030 E QPLProvider: 	at X.2kr.A01(:89)
01-31 16:18:11.789 32030 32030 E QPLProvider: 	at X.2kr.AnZ(:2)
01-31 16:18:11.789 32030 32030 E QPLProvider: 	at X.2kn.<init>(:7)
01-31 16:18:11.789 32030 32030 E QPLProvider: 	at X.2ko.A00(:18)
01-31 16:18:11.789 32030 32030 E QPLProvider: 	at X.2kl.<init>(:16)
01-31 16:18:11.789 32030 32030 E QPLProvider: 	at X.1yx.A03(:36)
01-31 16:18:11.789 32030 32030 E QPLProvider: 	at X.1yp.A01(:39)
01-31 16:18:11.789 32030 32030 E QPLProvider: 	at com.instagram.barcelona.process.main.BarcelonaApplicationForMainProcess.A07(:2206)
01-31 16:18:11.789 32030 32030 E QPLProvider: 	at com.instagram.barcelona.app.BarcelonaAppShell.onCreate(Unknown Source:629)
01-31 16:18:11.789 32030 32030 E QPLProvider: 	at android.app.Instrumentation.callApplicationOnCreate(Instrumentation.java:1401)
01-31 16:18:11.789 32030 32030 E QPLProvider: 	at android.app.ActivityThread.handleBindApplication(ActivityThread.java:7966)
01-31 16:18:11.789 32030 32030 E QPLProvider: 	at android.app.ActivityThread.-$$Nest$mhandleBindApplication(Unknown Source:0)
01-31 16:18:11.789 32030 32030 E QPLProvider: 	at android.app.ActivityThread$H.handleMessage(ActivityThread.java:2583)
01-31 16:18:11.789 32030 32030 E QPLProvider: 	at android.os.Handler.dispatchMessage(Handler.java:110)
01-31 16:18:11.789 32030 32030 E QPLProvider: 	at android.os.Looper.loopOnce(Looper.java:283)
01-31 16:18:11.789 32030 32030 E QPLProvider: 	at android.os.Looper.loop(Looper.java:392)
01-31 16:18:11.789 32030 32030 E QPLProvider: 	at android.app.ActivityThread.main(ActivityThread.java:9236)
01-31 16:18:11.789 32030 32030 E QPLProvider: 	at java.lang.reflect.Method.invoke(Native Method)
01-31 16:18:11.789 32030 32030 E QPLProvider: 	at com.android.internal.os.RuntimeInit$MethodAndArgsCaller.run(RuntimeInit.java:611)
01-31 16:18:11.789 32030 32030 E QPLProvider: 	at com.android.internal.os.ZygoteInit.main(ZygoteInit.java:944)
01-31 16:18:11.789 32030 32030 E QPLProvider: QuickPerformanceLogger instance wasn't installed in provider, returning noop. Please call QuickPerformanceLoggerProvider.setQuickPerformanceLogger() before getting the instance.
01-31 16:18:11.789 32030 32030 E QPLProvider: java.lang.IllegalStateException: No QPL instance provided
01-31 16:18:11.789 32030 32030 E QPLProvider: 	at com.facebook.quicklog.QuickPerformanceLoggerProvider.getQPLInstance(:8)
01-31 16:18:11.789 32030 32030 E QPLProvider: 	at X.2kr.A01(:100)
01-31 16:18:11.789 32030 32030 E QPLProvider: 	at X.2kr.AnZ(:2)
01-31 16:18:11.789 32030 32030 E QPLProvider: 	at X.2kn.<init>(:7)
01-31 16:18:11.789 32030 32030 E QPLProvider: 	at X.2ko.A00(:18)
01-31 16:18:11.789 32030 32030 E QPLProvider: 	at X.2kl.<init>(:16)
01-31 16:18:11.789 32030 32030 E QPLProvider: 	at X.1yx.A03(:36)
01-31 16:18:11.789 32030 32030 E QPLProvider: 	at X.1yp.A01(:39)
01-31 16:18:11.789 32030 32030 E QPLProvider: 	at com.instagram.barcelona.process.main.BarcelonaApplicationForMainProcess.A07(:2206)
01-31 16:18:11.789 32030 32030 E QPLProvider: 	at com.instagram.barcelona.app.BarcelonaAppShell.onCreate(Unknown Source:629)
01-31 16:18:11.789 32030 32030 E QPLProvider: 	at android.app.Instrumentation.callApplicationOnCreate(Instrumentation.java:1401)
01-31 16:18:11.789 32030 32030 E QPLProvider: 	at android.app.ActivityThread.handleBindApplication(ActivityThread.java:7966)
01-31 16:18:11.789 32030 32030 E QPLProvider: 	at android.app.ActivityThread.-$$Nest$mhandleBindApplication(Unknown Source:0)
01-31 16:18:11.789 32030 32030 E QPLProvider: 	at android.app.ActivityThread$H.handleMessage(ActivityThread.java:2583)
01-31 16:18:11.789 32030 32030 E QPLProvider: 	at android.os.Handler.dispatchMessage(Handler.java:110)
01-31 16:18:11.789 32030 32030 E QPLProvider: 	at android.os.Looper.loopOnce(Looper.java:283)
01-31 16:18:11.789 32030 32030 E QPLProvider: 	at android.os.Looper.loop(Looper.java:392)
01-31 16:18:11.789 32030 32030 E QPLProvider: 	at android.app.ActivityThread.main(ActivityThread.java:9236)
01-31 16:18:11.789 32030 32030 E QPLProvider: 	at java.lang.reflect.Method.invoke(Native Method)
01-31 16:18:11.789 32030 32030 E QPLProvider: 	at com.android.internal.os.RuntimeInit$MethodAndArgsCaller.run(RuntimeInit.java:611)
01-31 16:18:11.789 32030 32030 E QPLProvider: 	at com.android.internal.os.ZygoteInit.main(ZygoteInit.java:944)
01-31 16:18:11.790 32030 32030 E QPLProvider: QuickPerformanceLogger instance wasn't installed in provider, returning noop. Please call QuickPerformanceLoggerProvider.setQuickPerformanceLogger() before getting the instance.
01-31 16:18:11.790 32030 32030 E QPLProvider: java.lang.IllegalStateException: No QPL instance provided
01-31 16:18:11.790 32030 32030 E QPLProvider: 	at com.facebook.quicklog.QuickPerformanceLoggerProvider.getQPLInstance(:8)
01-31 16:18:11.790 32030 32030 E QPLProvider: 	at X.2kr.A01(:114)
01-31 16:18:11.790 32030 32030 E QPLProvider: 	at X.2kr.AnZ(:2)
01-31 16:18:11.790 32030 32030 E QPLProvider: 	at X.2kn.<init>(:7)
01-31 16:18:11.790 32030 32030 E QPLProvider: 	at X.2ko.A00(:18)
01-31 16:18:11.790 32030 32030 E QPLProvider: 	at X.2kl.<init>(:16)
01-31 16:18:11.790 32030 32030 E QPLProvider: 	at X.1yx.A03(:36)
01-31 16:18:11.790 32030 32030 E QPLProvider: 	at X.1yp.A01(:39)
01-31 16:18:11.790 32030 32030 E QPLProvider: 	at com.instagram.barcelona.process.main.BarcelonaApplicationForMainProcess.A07(:2206)
01-31 16:18:11.790 32030 32030 E QPLProvider: 	at com.instagram.barcelona.app.BarcelonaAppShell.onCreate(Unknown Source:629)
01-31 16:18:11.790 32030 32030 E QPLProvider: 	at android.app.Instrumentation.callApplicationOnCreate(Instrumentation.java:1401)
01-31 16:18:11.790 32030 32030 E QPLProvider: 	at android.app.ActivityThread.handleBindApplication(ActivityThread.java:7966)
01-31 16:18:11.790 32030 32030 E QPLProvider: 	at android.app.ActivityThread.-$$Nest$mhandleBindApplication(Unknown Source:0)
01-31 16:18:11.790 32030 32030 E QPLProvider: 	at android.app.ActivityThread$H.handleMessage(ActivityThread.java:2583)
01-31 16:18:11.790 32030 32030 E QPLProvider: 	at android.os.Handler.dispatchMessage(Handler.java:110)
01-31 16:18:11.790 32030 32030 E QPLProvider: 	at android.os.Looper.loopOnce(Looper.java:283)
01-31 16:18:11.790 32030 32030 E QPLProvider: 	at android.os.Looper.loop(Looper.java:392)
01-31 16:18:11.790 32030 32030 E QPLProvider: 	at android.app.ActivityThread.main(ActivityThread.java:9236)
01-31 16:18:11.790 32030 32030 E QPLProvider: 	at java.lang.reflect.Method.invoke(Native Method)
01-31 16:18:11.790 32030 32030 E QPLProvider: 	at com.android.internal.os.RuntimeInit$MethodAndArgsCaller.run(RuntimeInit.java:611)
01-31 16:18:11.790 32030 32030 E QPLProvider: 	at com.android.internal.os.ZygoteInit.main(ZygoteInit.java:944)
01-31 16:18:11.790 32030 32030 E QPLProvider: QuickPerformanceLogger instance wasn't installed in provider, returning noop. Please call QuickPerformanceLoggerProvider.setQuickPerformanceLogger() before getting the instance.
01-31 16:18:11.790 32030 32030 E QPLProvider: java.lang.IllegalStateException: No QPL instance provided
01-31 16:18:11.790 32030 32030 E QPLProvider: 	at com.facebook.quicklog.QuickPerformanceLoggerProvider.getQPLInstance(:8)
01-31 16:18:11.790 32030 32030 E QPLProvider: 	at X.2kr.A01(:138)
01-31 16:18:11.790 32030 32030 E QPLProvider: 	at X.2kr.AnZ(:2)
01-31 16:18:11.790 32030 32030 E QPLProvider: 	at X.2kn.<init>(:7)
01-31 16:18:11.790 32030 32030 E QPLProvider: 	at X.2ko.A00(:18)
01-31 16:18:11.790 32030 32030 E QPLProvider: 	at X.2kl.<init>(:16)
01-31 16:18:11.790 32030 32030 E QPLProvider: 	at X.1yx.A03(:36)
01-31 16:18:11.790 32030 32030 E QPLProvider: 	at X.1yp.A01(:39)
01-31 16:18:11.790 32030 32030 E QPLProvider: 	at com.instagram.barcelona.process.main.BarcelonaApplicationForMainProcess.A07(:2206)
01-31 16:18:11.790 32030 32030 E QPLProvider: 	at com.instagram.barcelona.app.BarcelonaAppShell.onCreate(Unknown Source:629)
01-31 16:18:11.790 32030 32030 E QPLProvider: 	at android.app.Instrumentation.callApplicationOnCreate(Instrumentation.java:1401)
01-31 16:18:11.790 32030 32030 E QPLProvider: 	at android.app.ActivityThread.handleBindApplication(ActivityThread.java:7966)
01-31 16:18:11.790 32030 32030 E QPLProvider: 	at android.app.ActivityThread.-$$Nest$mhandleBindApplication(Unknown Source:0)
01-31 16:18:11.790 32030 32030 E QPLProvider: 	at android.app.ActivityThread$H.handleMessage(ActivityThread.java:2583)
01-31 16:18:11.790 32030 32030 E QPLProvider: 	at android.os.Handler.dispatchMessage(Handler.java:110)
01-31 16:18:11.790 32030 32030 E QPLProvider: 	at android.os.Looper.loopOnce(Looper.java:283)
01-31 16:18:11.790 32030 32030 E QPLProvider: 	at android.os.Looper.loop(Looper.java:392)
01-31 16:18:11.790 32030 32030 E QPLProvider: 	at android.app.ActivityThread.main(ActivityThread.java:9236)
01-31 16:18:11.790 32030 32030 E QPLProvider: 	at java.lang.reflect.Method.invoke(Native Method)
01-31 16:18:11.790 32030 32030 E QPLProvider: 	at com.android.internal.os.RuntimeInit$MethodAndArgsCaller.run(RuntimeInit.java:611)
01-31 16:18:11.790 32030 32030 E QPLProvider: 	at com.android.internal.os.ZygoteInit.main(ZygoteInit.java:944)
01-31 16:18:11.791 32030 32030 W IgMetaConfig: Could not obtain MC: null_factory 
01-31 16:18:11.791 32030 32030 W IgMetaConfig: java.lang.RuntimeException: Could not obtain MC, call-site will receive default values
01-31 16:18:11.791 32030 32030 W IgMetaConfig: 	at X.2it.A06(:4)
01-31 16:18:11.791 32030 32030 W IgMetaConfig: 	at X.2it.A05(:7)
01-31 16:18:11.791 32030 32030 W IgMetaConfig: 	at X.2it.A02(:2)
01-31 16:18:11.791 32030 32030 W IgMetaConfig: 	at com.instagram.service.tigon.configs.IGTigonConfig.<init>(:631)
01-31 16:18:11.791 32030 32030 W IgMetaConfig: 	at X.1yz.A03(:40)
01-31 16:18:11.791 32030 32030 W IgMetaConfig: 	at X.1yp.A01(:39)
01-31 16:18:11.791 32030 32030 W IgMetaConfig: 	at com.instagram.barcelona.process.main.BarcelonaApplicationForMainProcess.A07(:2206)
01-31 16:18:11.791 32030 32030 W IgMetaConfig: 	at com.instagram.barcelona.app.BarcelonaAppShell.onCreate(Unknown Source:629)
01-31 16:18:11.791 32030 32030 W IgMetaConfig: 	at android.app.Instrumentation.callApplicationOnCreate(Instrumentation.java:1401)
01-31 16:18:11.791 32030 32030 W IgMetaConfig: 	at android.app.ActivityThread.handleBindApplication(ActivityThread.java:7966)
01-31 16:18:11.791 32030 32030 W IgMetaConfig: 	at android.app.ActivityThread.-$$Nest$mhandleBindApplication(Unknown Source:0)
01-31 16:18:11.791 32030 32030 W IgMetaConfig: 	at android.app.ActivityThread$H.handleMessage(ActivityThread.java:2583)
01-31 16:18:11.791 32030 32030 W IgMetaConfig: 	at android.os.Handler.dispatchMessage(Handler.java:110)
01-31 16:18:11.791 32030 32030 W IgMetaConfig: 	at android.os.Looper.loopOnce(Looper.java:283)
01-31 16:18:11.791 32030 32030 W IgMetaConfig: 	at android.os.Looper.loop(Looper.java:392)
01-31 16:18:11.791 32030 32030 W IgMetaConfig: 	at android.app.ActivityThread.main(ActivityThread.java:9236)
01-31 16:18:11.791 32030 32030 W IgMetaConfig: 	at java.lang.reflect.Method.invoke(Native Method)
01-31 16:18:11.791 32030 32030 W IgMetaConfig: 	at com.android.internal.os.RuntimeInit$MethodAndArgsCaller.run(RuntimeInit.java:611)
