01-31 16:17:55.294 32002 32002 W ServiceManagerCppClient: Failed to get isDeclared for vendor.qti.hardware.perf2.IPerf/default: Status(-1, EX_SECURITY): 'SELinux denied for service.'
01-31 16:17:55.295   943   943 E SELinux : avc:  denied  { find } for interface=vendor.qti.hardware.perf::IPerf sid=u:r:mediaprovider:s0:c512,c768 pid=32002 scontext=u:r:mediaprovider:s0:c512,c768 tcontext=u:object_r:vendor_hal_perf_hwservice:s0 tclass=hwservice_manager permissive=0
01-31 16:17:55.296 32002 32002 E ANDR-PERF-CLIENT-SYS: IPerf:: Perf HAL Service 2.2 is not available.
01-31 16:17:55.300 14449 14743 I ActivityManager: Killing 30386:com.google.android.calendar/u0a173 (adj 985): empty #31
01-31 16:17:54.998  1665  1665 I [binder][0x1603606adee][10:47:55.336123] qca6750: [1665:I:HDD] __wlan_hdd_cfg80211_get_logger_supp_feature: Ring buffer disable
01-31 16:17:55.337 14449 14651 I HalDevMgr: bestIfaceCreationProposal is null, requestIface=STA, existingIface=[name=wlan0 type=STA]
01-31 16:17:55.355 14449 14501 I libprocessgroup: Removed cgroup /sys/fs/cgroup/apps/uid_10173/pid_30386
01-31 16:17:55.355 14283 14283 I Zygote  : Process 30386 exited due to signal 9 (Killed)
01-31 16:17:55.018 31119 31119 I binder  : undelivered transaction 26348252, process died.
01-31 16:17:55.356  1694  1694 I vendor.qti.hardware.servicetrackeraidl-service: killProcess is called for pid : 30386
01-31 16:17:55.018 31119 31119 I binder  : undelivered transaction 26357424, process died.
01-31 16:17:55.019 31119 31119 I binder  : undelivered transaction 26332255, process died.
01-31 16:17:55.358 15986 16271 V OsAgent : broadcastSystemEvent - 7
01-31 16:17:55.427  1731  1731 I [FTS_TS/I]TP_charger_store: exit charger mode
01-31 16:17:55.766  1649  1731 E NtChg   : NtChg:write_int wirte /proc/touchpanel/TP_charger_flags, value = 0
01-31 16:17:55.429  1731  1731 W nt_vote : FCC_MAIN: FCC_NT_CHG_VOTER,0 same vote on of val=9000
01-31 16:17:55.429  1731  1731 W nt_vote : FCC_MAIN: FCC_NT_CHG_VOTER,0 Ignoring similar vote on of val=9000
01-31 16:17:55.839 15461 15461 W dataInfoSend: type=1400 audit(0.0:48700190): avc:  denied  { bpf } for  capability=39  scontext=u:r:bpfloader:s0 tcontext=u:r:bpfloader:s0 tclass=capability2 permissive=0
01-31 16:17:55.839 15461 15461 W dataInfoSend: type=1400 audit(0.0:48700191): avc:  denied  { bpf } for  capability=39  scontext=u:r:bpfloader:s0 tcontext=u:r:bpfloader:s0 tclass=capability2 permissive=0
01-31 16:17:55.839 15461 15461 W dataInfoSend: type=1400 audit(0.0:48700192): avc:  denied  { bpf } for  capability=39  scontext=u:r:bpfloader:s0 tcontext=u:r:bpfloader:s0 tclass=capability2 permissive=0
01-31 16:17:55.839 15461 15461 W dataInfoSend: type=1400 audit(0.0:48700193): avc:  denied  { bpf } for  capability=39  scontext=u:r:bpfloader:s0 tcontext=u:r:bpfloader:s0 tclass=capability2 permissive=0
01-31 16:17:55.839 15461 15461 W dataInfoSend: type=1400 audit(0.0:48700194): avc:  denied  { bpf } for  capability=39  scontext=u:r:bpfloader:s0 tcontext=u:r:bpfloader:s0 tclass=capability2 permissive=0
01-31 16:17:55.505 27537 27537 W audit   : audit_lost=48606111 audit_rate_limit=5 audit_backlog_limit=64
01-31 16:17:55.505 27537 27537 E audit   : rate limit exceeded
01-31 16:17:56.012  1553 15462 I vendor.qti.bluetooth@1.1-ibs_handler: ProcessIbsCmd: Received IBS_WAKE_IND: 0xFD
01-31 16:17:56.013  1553 15462 D vendor.qti.bluetooth@1.1-ibs_handler: SerialClockVote: vote for UART CLK ON
01-31 16:17:56.013  1553 15462 D vendor.qti.bluetooth@1.1-wake_lock: Acquire wakelock is acquired 
01-31 16:17:56.013  1553 15462 I vendor.qti.bluetooth@1.1-ibs_handler: ProcessIbsCmd: Writing IBS_WAKE_ACK
01-31 16:17:56.019 15252 31607 I NearbyConnections: Found BleAdvertisement [ 0x23 0x51 0x50 0x36 0x58 0x11 0x32 0xff 0x31 0x0f 0x33 0xf6 0xbe 0x12 0xd5 0x3b 0xf5 0xa9 0xae 0x03 0x44 0x02 0xd6 ] (with EndpointId QP6X and EndpointInfo [ 0x32 0xff 0x31 0x0f 0x33 0xf6 0xbe 0x12 0xd5 0x3b 0xf5 0xa9 0xae 0x03 0x44 0x02 0xd6 ])
01-31 16:17:56.020 15252 31607 I NearbyConnections: ClientProxy(87728719 0p:com.google.android.gms.nearby.sharing) reporting onEndpointFound(QP6X)
01-31 16:17:56.021 15252 31607 I NearbyConnections: ClientProxy(87728719) reporting onEndpointDistanceChanged(QP6X, UNKNOWN)
01-31 16:17:56.021 15252 31607 I NearbySharing: NearbySharing Internal event EndpointDiscovered(endpointId=QP6X)
01-31 16:17:55.710 31984 31984 E spi_geni a80000.spi: spi_geni_runtime_suspend: 0 ---1end ctlr->queue = 1 ctlr->busy = 0 ctlr->running = 1
01-31 16:17:56.055  1553 15462 I vendor.qti.bluetooth@1.1-ibs_handler: ProcessIbsCmd: Received IBS_SLEEP_IND: 0xFE
01-31 16:17:56.055  1553 15462 D vendor.qti.bluetooth@1.1-ibs_handler: SerialClockVote: vote for UART CLK OFF
01-31 16:17:56.083 15252 30951 I NearbyMediums: Found Fast Ble Advertisements :
01-31 16:17:56.083 15252 30951 I NearbyMediums: BleAdvertisement { version=2, socketVersion=2, isFast=true, serviceIdHash=null, data=[ 0x23 0x51 0x50 0x36 0x58 0x11 0x32 0xff 0x31 0x0f 0x33 0xf6 0xbe 0x12 0xd5 0x3b 0xf5 0xa9 0xae 0x03 0x44 0x02 0xd6 ], deviceToken=[ 0x02 0xa1 ], rxAdvertisement=null } : 1 times.
01-31 16:17:56.083 15252 30951 I NearbyMediums: Total 1 fast advertisements from 1 unique advertisers.
01-31 16:17:56.084 15252 30951 I NearbyMediums: Current Tracked Scanning Clients are : {NearbyConnections.EnvironmentMonitor, NearbySharing}
01-31 16:17:56.207  1553 15305 D vendor.qti.bluetooth@1.1-wake_lock: Release wakelock is released 
01-31 16:17:56.792  1623 14139 E QLM-Client-Lib: QLM-Lib-Client:do_common_listen:connect failure, err:13, path:/dev/socket/qlm_service
01-31 16:17:56.855 15461 15461 W dataInfoSend: type=1400 audit(0.0:48703098): avc:  denied  { bpf } for  capability=39  scontext=u:r:bpfloader:s0 tcontext=u:r:bpfloader:s0 tclass=capability2 permissive=0
01-31 16:17:56.855 15461 15461 W dataInfoSend: type=1400 audit(0.0:48703099): avc:  denied  { bpf } for  capability=39  scontext=u:r:bpfloader:s0 tcontext=u:r:bpfloader:s0 tclass=capability2 permissive=0
01-31 16:17:56.855 15461 15461 W dataInfoSend: type=1400 audit(0.0:48703100): avc:  denied  { bpf } for  capability=39  scontext=u:r:bpfloader:s0 tcontext=u:r:bpfloader:s0 tclass=capability2 permissive=0
01-31 16:17:56.855 15461 15461 W dataInfoSend: type=1400 audit(0.0:48703101): avc:  denied  { bpf } for  capability=39  scontext=u:r:bpfloader:s0 tcontext=u:r:bpfloader:s0 tclass=capability2 permissive=0
01-31 16:17:56.855 15461 15461 W dataInfoSend: type=1400 audit(0.0:48703102): avc:  denied  { bpf } for  capability=39  scontext=u:r:bpfloader:s0 tcontext=u:r:bpfloader:s0 tclass=capability2 permissive=0
01-31 16:17:56.521 27537 27537 W audit   : audit_lost=48609014 audit_rate_limit=5 audit_backlog_limit=64
01-31 16:17:56.521 27537 27537 E audit   : rate limit exceeded
01-31 16:17:56.729  2112  2112 E [binder][0x1603801b1bd][10:47:57.066734] qca6750: [2112:E:DP] dp_request_rx_hw_stats: Stats already requested
01-31 16:17:56.729  2112  2112 E [binder][0x1603801b678][10:47:57.066797] qca6750: [2112:E:HDD] __wlan_hdd_cfg80211_stats_ext_request: Failed to get hw stats: 6
01-31 16:17:57.072  1592 14745 I WifiHAL : event received NL80211_CMD_VENDOR, vendor_id = 0x1374, subcmd = 0xd
01-31 16:17:57.073  2173  2173 I cnss-daemon: nl80211 response handler invoked
01-31 16:17:57.073  2173  2173 I cnss-daemon: nl80211_response_handler: cmd 103, vendorID 4980, subcmd 13  received
01-31 16:17:57.199 14772 18878 D ThermalMitigationStrategy: reEvaluate:  mPendingScenesInfo: scenes: [] app: com.laundrybuddy appCat: -1 level: 1 temp: 30 uid: 10163 pid: 31425 mScenesInfo: scenes: [charger] app: com.laundrybuddy appCat: -1 level: 1 temp: 30 uid: 10163 pid: 31425 sceneChange: true appChange: false levelChange: false
01-31 16:17:57.200 14772 18878 D ThermalMitigationStrategy: updatePolicyAndNotifyLocked222: origin config: {} last: {}
01-31 16:17:57.200 14772 18878 D ThermalMitigationStrategy: updatePolicyAndNotifyLocked: no any update, return
01-31 16:17:57.200 14772 18878 D ThermalMitigationStrategy: notifyBufferRateLocked: com.laundrybuddy 31425 10163 -1 com.laundrybuddy -1
01-31 16:17:57.202  1694  1694 I vendor.qti.hardware.servicetrackeraidl-service: unbindService is called for service : com.google.android.gms/.chimera.PersistentDirectBootAwareApiService and for client com.google.android.apps.turbo
01-31 16:17:57.167  3397  3397 I [dp_rx_][0x16038821a0d][10:47:57.505032] qca6750: [3397:I:QDF] DHCP-R RX: SA:de:17:7b:**:**:47 DA:ff:ff:ff:**:**:ff
01-31 16:17:57.608 14944  2708 D DhcpClient: Received packet: dc:46:28:a0:f5:32 ACK: your new IP /10.7.20.93, netmask /255.255.192.0, gateways [/10.7.0.1] DNS servers: /10.1.0.2 /10.1.0.235 , lease time 691200, domain null
01-31 16:17:57.269  3397  3397 I [dp_rx_][0x160389fd2be][10:47:57.606481] qca6750: [3397:I:QDF] DHCP-R RX: SA:dc:46:28:**:**:32 DA:ff:ff:ff:**:**:ff
01-31 16:17:57.269  3397  3397 I [dp_rx_][0x160389ffc14][10:47:57.607032] qca6750: [3397:I:QDF] DHCP-A RX: SA:74:e2:e7:**:**:bf DA:ff:ff:ff:**:**:ff
01-31 16:17:57.723  1694  1694 I vendor.qti.hardware.servicetrackeraidl-service: unbindService is called for service : com.google.android.gms/.chimera.PersistentApiService and for client com.google.android.gms.persistent
01-31 16:17:57.723  1694  1694 I vendor.qti.hardware.servicetrackeraidl-service: size of service connections for service: com.google.android.gms/.chimera.PersistentApiServiceafter removal is 431
01-31 16:17:57.726 15252 15252 D BoundBrokerSvc: onUnbind: Intent { act=com.google.android.gms.common.telemetry.service.START dat=chimera-action:/... xflg=0x4 cmp=com.google.android.gms/.chimera.PersistentApiService }
01-31 16:17:57.871 15461 15461 W dataInfoSend: type=1400 audit(0.0:48706005): avc:  denied  { bpf } for  capability=39  scontext=u:r:bpfloader:s0 tcontext=u:r:bpfloader:s0 tclass=capability2 permissive=0
01-31 16:17:57.871 15461 15461 W dataInfoSend: type=1400 audit(0.0:48706006): avc:  denied  { bpf } for  capability=39  scontext=u:r:bpfloader:s0 tcontext=u:r:bpfloader:s0 tclass=capability2 permissive=0
01-31 16:17:57.871 15461 15461 W dataInfoSend: type=1400 audit(0.0:48706007): avc:  denied  { bpf } for  capability=39  scontext=u:r:bpfloader:s0 tcontext=u:r:bpfloader:s0 tclass=capability2 permissive=0
01-31 16:17:57.871 15461 15461 W dataInfoSend: type=1400 audit(0.0:48706008): avc:  denied  { bpf } for  capability=39  scontext=u:r:bpfloader:s0 tcontext=u:r:bpfloader:s0 tclass=capability2 permissive=0
01-31 16:17:57.871 15461 15461 W dataInfoSend: type=1400 audit(0.0:48706009): avc:  denied  { bpf } for  capability=39  scontext=u:r:bpfloader:s0 tcontext=u:r:bpfloader:s0 tclass=capability2 permissive=0
01-31 16:17:57.538 27537 27537 W audit   : audit_lost=48611916 audit_rate_limit=5 audit_backlog_limit=64
01-31 16:17:57.538 27537 27537 E audit   : rate limit exceeded
01-31 16:17:57.689     0     0 E [    C2] [soft_i][0x160391adeb2][10: 47:58.026480] qca6750: [0:E:DP] dp_tx_update_peer_stats: Release source:3 is not from TQM
01-31 16:17:57.783  3397  3397 I [dp_rx_][0x1603936973f][10:47:58.121102] qca6750: [3397:I:QDF] DHCP-R RX: SA:02:58:03:**:**:07 DA:ff:ff:ff:**:**:ff
01-31 16:17:57.946  3397  3397 I [dp_rx_][0x16039663080][10:47:58.283571] qca6750: [3397:I:QDF] DHCP-R RX: SA:50:c2:e8:**:**:19 DA:ff:ff:ff:**:**:ff
01-31 16:17:58.368 14449 14651 I HalDevMgr: bestIfaceCreationProposal is null, requestIface=STA, existingIface=[name=wlan0 type=STA]
01-31 16:17:58.028  1665  1665 I [binder][0x160397e39c6][10:47:58.365614] qca6750: [1665:I:HDD] __wlan_hdd_cfg80211_get_logger_supp_feature: Ring buffer disable
01-31 16:17:58.379 14449 14662 D ConnectivityService: NetReassign [no changes] [c 2] [a 3] [i 5]
01-31 16:17:58.292  3397  3397 I [dp_rx_][0x16039cba800][10:47:58.629912] qca6750: [3397:I:QDF] DHCP-R RX: SA:12:c6:b4:**:**:4b DA:ff:ff:ff:**:**:ff
01-31 16:17:58.396  3397  3397 I [dp_rx_][0x16039ea1c0a][10:47:58.733859] qca6750: [3397:I:QDF] DHCP-R RX: SA:3a:4c:fd:**:**:57 DA:ff:ff:ff:**:**:ff
01-31 16:17:58.887 15461 15461 W dataInfoSend: type=1400 audit(0.0:48708912): avc:  denied  { bpf } for  capability=39  scontext=u:r:bpfloader:s0 tcontext=u:r:bpfloader:s0 tclass=capability2 permissive=0
01-31 16:17:58.887 15461 15461 W dataInfoSend: type=1400 audit(0.0:48708913): avc:  denied  { bpf } for  capability=39  scontext=u:r:bpfloader:s0 tcontext=u:r:bpfloader:s0 tclass=capability2 permissive=0
01-31 16:17:58.887 15461 15461 W dataInfoSend: type=1400 audit(0.0:48708914): avc:  denied  { bpf } for  capability=39  scontext=u:r:bpfloader:s0 tcontext=u:r:bpfloader:s0 tclass=capability2 permissive=0
01-31 16:17:58.887 15461 15461 W dataInfoSend: type=1400 audit(0.0:48708915): avc:  denied  { bpf } for  capability=39  scontext=u:r:bpfloader:s0 tcontext=u:r:bpfloader:s0 tclass=capability2 permissive=0
01-31 16:17:58.887 15461 15461 W dataInfoSend: type=1400 audit(0.0:48708916): avc:  denied  { bpf } for  capability=39  scontext=u:r:bpfloader:s0 tcontext=u:r:bpfloader:s0 tclass=capability2 permissive=0
01-31 16:17:58.553 27537 27537 W audit   : audit_lost=48614818 audit_rate_limit=5 audit_backlog_limit=64
01-31 16:17:58.553 27537 27537 E audit   : rate limit exceeded
01-31 16:17:58.733  2112  2112 E [binder][0x1603a4ce7ad][10:47:59.071080] qca6750: [2112:E:DP] dp_request_rx_hw_stats: Stats already requested
01-31 16:17:58.733  2112  2112 E [binder][0x1603a4cec87][10:47:59.071144] qca6750: [2112:E:HDD] __wlan_hdd_cfg80211_stats_ext_request: Failed to get hw stats: 6
01-31 16:17:59.081  2173  2173 I cnss-daemon: nl80211 response handler invoked
01-31 16:17:59.081  2173  2173 I cnss-daemon: nl80211_response_handler: cmd 103, vendorID 4980, subcmd 13  received
01-31 16:17:59.081  1592 14745 I WifiHAL : event received NL80211_CMD_VENDOR, vendor_id = 0x1374, subcmd = 0xd
01-31 16:17:59.308  1678  1825 I SDM     : DisplayBase::CommitThread: Received idle timeout, panel: video, timeout: 69999 us
01-31 16:17:59.214  3397  3397 I [dp_rx_][0x1603ad9cb7f][10:47:59.551985] qca6750: [3397:I:QDF] DHCP-R RX: SA:10:b5:88:**:**:17 DA:ff:ff:ff:**:**:ff
01-31 16:17:59.716  1694  1694 I vendor.qti.hardware.servicetrackeraidl-service: destroyService is called for service : com.google.android.gms/.chimera.PersistentIntentOperationService
01-31 16:17:59.903 15461 15461 W dataInfoSend: type=1400 audit(0.0:48711819): avc:  denied  { bpf } for  capability=39  scontext=u:r:bpfloader:s0 tcontext=u:r:bpfloader:s0 tclass=capability2 permissive=0
01-31 16:17:59.903 15461 15461 W dataInfoSend: type=1400 audit(0.0:48711820): avc:  denied  { bpf } for  capability=39  scontext=u:r:bpfloader:s0 tcontext=u:r:bpfloader:s0 tclass=capability2 permissive=0
01-31 16:17:59.903 15461 15461 W dataInfoSend: type=1400 audit(0.0:48711821): avc:  denied  { bpf } for  capability=39  scontext=u:r:bpfloader:s0 tcontext=u:r:bpfloader:s0 tclass=capability2 permissive=0
01-31 16:17:59.903 15461 15461 W dataInfoSend: type=1400 audit(0.0:48711822): avc:  denied  { bpf } for  capability=39  scontext=u:r:bpfloader:s0 tcontext=u:r:bpfloader:s0 tclass=capability2 permissive=0
01-31 16:17:59.903 15461 15461 W dataInfoSend: type=1400 audit(0.0:48711823): avc:  denied  { bpf } for  capability=39  scontext=u:r:bpfloader:s0 tcontext=u:r:bpfloader:s0 tclass=capability2 permissive=0
01-31 16:17:59.570 27537 27537 W audit   : audit_lost=48617720 audit_rate_limit=5 audit_backlog_limit=64
01-31 16:17:59.570 27537 27537 E audit   : rate limit exceeded
01-31 16:18:00.140  1678  1825 I SDM     : DisplayBase::CommitThread: Received idle timeout, panel: video, timeout: 69999 us
01-31 16:18:00.033  3397  3397 I [dp_rx_][0x1603bc9a02b][10:48:00.370606] qca6750: [3397:I:QDF] DHCP-R RX: SA:06:b4:1f:**:**:98 DA:ff:ff:ff:**:**:ff
01-31 16:18:00.923 15461 15461 W dataInfoSend: type=1400 audit(0.0:48714726): avc:  denied  { bpf } for  capability=39  scontext=u:r:bpfloader:s0 tcontext=u:r:bpfloader:s0 tclass=capability2 permissive=0
01-31 16:18:00.923 15461 15461 W dataInfoSend: type=1400 audit(0.0:48714727): avc:  denied  { bpf } for  capability=39  scontext=u:r:bpfloader:s0 tcontext=u:r:bpfloader:s0 tclass=capability2 permissive=0
01-31 16:18:00.923 15461 15461 W dataInfoSend: type=1400 audit(0.0:48714728): avc:  denied  { bpf } for  capability=39  scontext=u:r:bpfloader:s0 tcontext=u:r:bpfloader:s0 tclass=capability2 permissive=0
01-31 16:18:00.923 15461 15461 W dataInfoSend: type=1400 audit(0.0:48714729): avc:  denied  { bpf } for  capability=39  scontext=u:r:bpfloader:s0 tcontext=u:r:bpfloader:s0 tclass=capability2 permissive=0
01-31 16:18:00.923 15461 15461 W dataInfoSend: type=1400 audit(0.0:48714730): avc:  denied  { bpf } for  capability=39  scontext=u:r:bpfloader:s0 tcontext=u:r:bpfloader:s0 tclass=capability2 permissive=0
01-31 16:18:00.587 27537 27537 W audit   : audit_lost=48620622 audit_rate_limit=5 audit_backlog_limit=64
01-31 16:18:00.587 27537 27537 E audit   : rate limit exceeded
01-31 16:18:00.738  2112  2112 E [binder][0x1603c981a85][10:48:01.075384] qca6750: [2112:E:DP] dp_request_rx_hw_stats: Stats already requested
01-31 16:18:00.738  2112  2112 E [binder][0x1603c981f71][10:48:01.075450] qca6750: [2112:E:HDD] __wlan_hdd_cfg80211_stats_ext_request: Failed to get hw stats: 6
01-31 16:18:01.086  2173  2173 I cnss-daemon: nl80211 response handler invoked
01-31 16:18:01.087  2173  2173 I cnss-daemon: nl80211_response_handler: cmd 103, vendorID 4980, subcmd 13  received
01-31 16:18:01.087  1592 14745 I WifiHAL : event received NL80211_CMD_VENDOR, vendor_id = 0x1374, subcmd = 0xd
01-31 16:18:01.396 14449 14651 I HalDevMgr: bestIfaceCreationProposal is null, requestIface=STA, existingIface=[name=wlan0 type=STA]
01-31 16:18:01.057  1665  1665 I [binder][0x1603cf5af98][10:48:01.394812] qca6750: [1665:I:HDD] __wlan_hdd_cfg80211_get_logger_supp_feature: Ring buffer disable
01-31 16:18:01.793  1623 14139 E QLM-Client-Lib: QLM-Lib-Client:do_common_listen:connect failure, err:13, path:/dev/socket/qlm_service
01-31 16:18:01.466  3397  3397 I [dp_rx_][0x1603d6d9801][10:48:01.804098] qca6750: [3397:I:QDF] DHCP-R RX: SA:e0:0a:f6:**:**:75 DA:ff:ff:ff:**:**:ff
01-31 16:18:01.935 15461 15461 W dataInfoSend: type=1400 audit(0.0:48717634): avc:  denied  { bpf } for  capability=39  scontext=u:r:bpfloader:s0 tcontext=u:r:bpfloader:s0 tclass=capability2 permissive=0
01-31 16:18:01.935 15461 15461 W dataInfoSend: type=1400 audit(0.0:48717635): avc:  denied  { bpf } for  capability=39  scontext=u:r:bpfloader:s0 tcontext=u:r:bpfloader:s0 tclass=capability2 permissive=0
01-31 16:18:01.935 15461 15461 W dataInfoSend: type=1400 audit(0.0:48717636): avc:  denied  { bpf } for  capability=39  scontext=u:r:bpfloader:s0 tcontext=u:r:bpfloader:s0 tclass=capability2 permissive=0
01-31 16:18:01.935 15461 15461 W dataInfoSend: type=1400 audit(0.0:48717637): avc:  denied  { bpf } for  capability=39  scontext=u:r:bpfloader:s0 tcontext=u:r:bpfloader:s0 tclass=capability2 permissive=0
01-31 16:18:01.935 15461 15461 W dataInfoSend: type=1400 audit(0.0:48717638): avc:  denied  { bpf } for  capability=39  scontext=u:r:bpfloader:s0 tcontext=u:r:bpfloader:s0 tclass=capability2 permissive=0
01-31 16:18:01.603 27537 27537 W audit   : audit_lost=48623525 audit_rate_limit=5 audit_backlog_limit=64
01-31 16:18:01.603 27537 27537 E audit   : rate limit exceeded
01-31 16:18:02.010  2075  2075 I CNSS    : /sys/wifi/dump_in_progress doesn't exist
01-31 16:18:02.010  2075  2075 I CNSS    : /sys/wifi/max_chipset_log_size doesn't exist
01-31 16:18:01.773  3397  3397 I [dp_rx_][0x1603dc77a59][10:48:02.110903] qca6750: [3397:I:QDF] DHCP-R RX: SA:36:7f:df:**:**:68 DA:ff:ff:ff:**:**:ff
01-31 16:18:02.226 14449 14595 D ActivityManager: freezing 31376 com.google.android.apps.turbo
01-31 16:18:02.233 14449 14662 D InetDiagMessage: Destroyed 0 sockets, proto=IPPROTO_TCP, family=AF_INET, states=14
01-31 16:18:02.236 14449 14662 D InetDiagMessage: Destroyed 0 sockets, proto=IPPROTO_TCP, family=AF_INET6, states=14
01-31 16:18:02.236 14449 14662 D InetDiagMessage: Destroyed live tcp sockets for uids={10143} in 7ms
01-31 16:18:02.951 15461 15461 W dataInfoSend: type=1400 audit(0.0:48720541): avc:  denied  { bpf } for  capability=39  scontext=u:r:bpfloader:s0 tcontext=u:r:bpfloader:s0 tclass=capability2 permissive=0
01-31 16:18:02.951 15461 15461 W dataInfoSend: type=1400 audit(0.0:48720542): avc:  denied  { bpf } for  capability=39  scontext=u:r:bpfloader:s0 tcontext=u:r:bpfloader:s0 tclass=capability2 permissive=0
01-31 16:18:02.951 15461 15461 W dataInfoSend: type=1400 audit(0.0:48720543): avc:  denied  { bpf } for  capability=39  scontext=u:r:bpfloader:s0 tcontext=u:r:bpfloader:s0 tclass=capability2 permissive=0
01-31 16:18:02.951 15461 15461 W dataInfoSend: type=1400 audit(0.0:48720544): avc:  denied  { bpf } for  capability=39  scontext=u:r:bpfloader:s0 tcontext=u:r:bpfloader:s0 tclass=capability2 permissive=0
01-31 16:18:02.951 15461 15461 W dataInfoSend: type=1400 audit(0.0:48720545): avc:  denied  { bpf } for  capability=39  scontext=u:r:bpfloader:s0 tcontext=u:r:bpfloader:s0 tclass=capability2 permissive=0
01-31 16:18:02.617 27537 27537 W audit   : audit_lost=48626427 audit_rate_limit=5 audit_backlog_limit=64
01-31 16:18:02.617 27537 27537 E audit   : rate limit exceeded
01-31 16:18:02.742  2112  2112 E [binder][0x1603ee3687a][10:48:03.080050] qca6750: [2112:E:DP] dp_request_rx_hw_stats: Stats already requested
01-31 16:18:02.742  2112  2112 E [binder][0x1603ee36d5c][10:48:03.080115] qca6750: [2112:E:HDD] __wlan_hdd_cfg80211_stats_ext_request: Failed to get hw stats: 6
01-31 16:18:03.094  1592 14745 I WifiHAL : event received NL80211_CMD_VENDOR, vendor_id = 0x1374, subcmd = 0xd
01-31 16:18:03.094  2173  2173 I cnss-daemon: nl80211 response handler invoked
01-31 16:18:03.094  2173  2173 I cnss-daemon: nl80211_response_handler: cmd 103, vendorID 4980, subcmd 13  received
01-31 16:18:03.226  1678  1825 I SDM     : DisplayBase::CommitThread: Received idle timeout, panel: video, timeout: 69999 us
01-31 16:18:03.324  1678  1825 I SDM     : DisplayBase::CommitThread: Received idle timeout, panel: video, timeout: 70000 us
01-31 16:18:03.024     0     0 W [    C0] [rt_task_fixup][725]: RT task was runnable for more than 200000 ns on CPU 0, moved it to CPU 2 (rcu_preempt-14)
01-31 16:18:03.583 14449 16112 W ActivityManager: Unbind failed: could not find connection for android.os.BinderProxy@18d7a9f
01-31 16:18:03.584 15073 15073 D SatelliteModemInterface: Binding to vendor.qti.data.ntnsatapp
01-31 16:18:03.585 14449 16112 W ActivityManager: Unable to start service Intent { act=android.telephony.satellite.SatelliteService xflg=0x4 pkg=vendor.qti.data.ntnsatapp } U=0: not found
01-31 16:18:03.586 15073 15073 E SatelliteModemInterface: Error binding to the satellite service. Retrying in 37495 ms.
01-31 16:18:03.413  3397  3397 I [dp_rx_][0x1603fa7d3cc][10:48:03.750495] qca6750: [3397:I:QDF] DHCP-R RX: SA:dc:97:ba:**:**:bb DA:ff:ff:ff:**:**:ff
01-31 16:18:03.963 15461 15461 W dataInfoSend: type=1400 audit(0.0:48723448): avc:  denied  { bpf } for  capability=39  scontext=u:r:bpfloader:s0 tcontext=u:r:bpfloader:s0 tclass=capability2 permissive=0
01-31 16:18:03.963 15461 15461 W dataInfoSend: type=1400 audit(0.0:48723449): avc:  denied  { bpf } for  capability=39  scontext=u:r:bpfloader:s0 tcontext=u:r:bpfloader:s0 tclass=capability2 permissive=0
01-31 16:18:03.963 15461 15461 W dataInfoSend: type=1400 audit(0.0:48723450): avc:  denied  { bpf } for  capability=39  scontext=u:r:bpfloader:s0 tcontext=u:r:bpfloader:s0 tclass=capability2 permissive=0
01-31 16:18:03.963 15461 15461 W dataInfoSend: type=1400 audit(0.0:48723451): avc:  denied  { bpf } for  capability=39  scontext=u:r:bpfloader:s0 tcontext=u:r:bpfloader:s0 tclass=capability2 permissive=0
01-31 16:18:03.963 15461 15461 W dataInfoSend: type=1400 audit(0.0:48723452): avc:  denied  { bpf } for  capability=39  scontext=u:r:bpfloader:s0 tcontext=u:r:bpfloader:s0 tclass=capability2 permissive=0
01-31 16:18:03.631 27537 27537 W audit   : audit_lost=48629329 audit_rate_limit=5 audit_backlog_limit=64
01-31 16:18:03.631 27537 27537 E audit   : rate limit exceeded
01-31 16:18:04.028  3397  3397 I [dp_rx_][0x160405bf9be][10:48:04.365401] qca6750: [3397:I:QDF] DHCP-R RX: SA:96:ce:5e:**:**:a2 DA:ff:ff:ff:**:**:ff
01-31 16:18:04.079  1665  1665 I [binder][0x160406b199e][10:48:04.417025] qca6750: [1665:I:HDD] __wlan_hdd_cfg80211_get_logger_supp_feature: Ring buffer disable
01-31 16:18:04.419 14449 14651 I HalDevMgr: bestIfaceCreationProposal is null, requestIface=STA, existingIface=[name=wlan0 type=STA]
01-31 16:18:04.429 14449 14662 D ConnectivityService: NetReassign [no changes] [c 1] [a 3] [i 5]
01-31 16:18:04.585  1553 15462 I vendor.qti.bluetooth@1.1-ibs_handler: ProcessIbsCmd: Received IBS_WAKE_IND: 0xFD
01-31 16:18:04.586  1553 15462 D vendor.qti.bluetooth@1.1-ibs_handler: SerialClockVote: vote for UART CLK ON
01-31 16:18:04.586  1553 15462 D vendor.qti.bluetooth@1.1-wake_lock: Acquire wakelock is acquired 
01-31 16:18:04.586  1553 15462 I vendor.qti.bluetooth@1.1-ibs_handler: ProcessIbsCmd: Writing IBS_WAKE_ACK
01-31 16:18:04.629  1553 15462 I vendor.qti.bluetooth@1.1-ibs_handler: ProcessIbsCmd: Received IBS_SLEEP_IND: 0xFE
01-31 16:18:04.630  1553 15462 D vendor.qti.bluetooth@1.1-ibs_handler: SerialClockVote: vote for UART CLK OFF
01-31 16:18:04.780  1553 15305 D vendor.qti.bluetooth@1.1-wake_lock: Release wakelock is released 
01-31 16:18:04.641  3397  3397 I [dp_rx_][0x160410fa281][10:48:04.978638] qca6750: [3397:I:QDF] DHCP-R RX: SA:72:b3:9a:**:**:2f DA:ff:ff:ff:**:**:ff
01-31 16:18:04.983 15461 15461 W dataInfoSend: type=1400 audit(0.0:48726355): avc:  denied  { bpf } for  capability=39  scontext=u:r:bpfloader:s0 tcontext=u:r:bpfloader:s0 tclass=capability2 permissive=0
01-31 16:18:04.983 15461 15461 W dataInfoSend: type=1400 audit(0.0:48726356): avc:  denied  { bpf } for  capability=39  scontext=u:r:bpfloader:s0 tcontext=u:r:bpfloader:s0 tclass=capability2 permissive=0
01-31 16:18:04.983 15461 15461 W dataInfoSend: type=1400 audit(0.0:48726357): avc:  denied  { bpf } for  capability=39  scontext=u:r:bpfloader:s0 tcontext=u:r:bpfloader:s0 tclass=capability2 permissive=0
01-31 16:18:04.983 15461 15461 W dataInfoSend: type=1400 audit(0.0:48726358): avc:  denied  { bpf } for  capability=39  scontext=u:r:bpfloader:s0 tcontext=u:r:bpfloader:s0 tclass=capability2 permissive=0
01-31 16:18:04.983 15461 15461 W dataInfoSend: type=1400 audit(0.0:48726359): avc:  denied  { bpf } for  capability=39  scontext=u:r:bpfloader:s0 tcontext=u:r:bpfloader:s0 tclass=capability2 permissive=0
01-31 16:18:04.649 27537 27537 W audit   : audit_lost=48632231 audit_rate_limit=5 audit_backlog_limit=64
01-31 16:18:04.649 27537 27537 E audit   : rate limit exceeded
01-31 16:18:04.745  2112  2112 E [binder][0x160412e411a][10:48:05.083152] qca6750: [2112:E:DP] dp_request_rx_hw_stats: Stats already requested
01-31 16:18:04.745  2112  2112 E [binder][0x160412e4568][10:48:05.083210] qca6750: [2112:E:HDD] __wlan_hdd_cfg80211_stats_ext_request: Failed to get hw stats: 6
01-31 16:18:05.089  1592 14745 I WifiHAL : event received NL80211_CMD_VENDOR, vendor_id = 0x1374, subcmd = 0xd
01-31 16:18:05.089  2173  2173 I cnss-daemon: nl80211 response handler invoked
01-31 16:18:05.089  2173  2173 I cnss-daemon: nl80211_response_handler: cmd 103, vendorID 4980, subcmd 13  received
01-31 16:18:05.342 14449 14595 D ActivityManager: freezing 32002 android.process.media
01-31 16:18:05.347 14449 14662 D InetDiagMessage: Destroyed 0 sockets, proto=IPPROTO_TCP, family=AF_INET, states=14
01-31 16:18:05.348 14449 14662 D InetDiagMessage: Destroyed 0 sockets, proto=IPPROTO_TCP, family=AF_INET6, states=14
01-31 16:18:05.348 14449 14662 D InetDiagMessage: Destroyed live tcp sockets for uids={10073} in 3ms
01-31 16:18:05.051  3397  3397 I [dp_rx_][0x1604187d9a9][10:48:05.388973] qca6750: [3397:I:QDF] DHCP-R RX: SA:5e:26:89:**:**:85 DA:ff:ff:ff:**:**:ff
01-31 16:18:05.155  3397  3397 I [dp_rx_][0x16041a620a7][10:48:05.492320] qca6750: [3397:I:QDF] DHCP-R RX: SA:50:c2:e8:**:**:19 DA:ff:ff:ff:**:**:ff
01-31 16:18:05.999 15461 15461 W dataInfoSend: type=1400 audit(0.0:48729262): avc:  denied  { bpf } for  capability=39  scontext=u:r:bpfloader:s0 tcontext=u:r:bpfloader:s0 tclass=capability2 permissive=0
01-31 16:18:05.999 15461 15461 W dataInfoSend: type=1400 audit(0.0:48729263): avc:  denied  { bpf } for  capability=39  scontext=u:r:bpfloader:s0 tcontext=u:r:bpfloader:s0 tclass=capability2 permissive=0
01-31 16:18:05.999 15461 15461 W dataInfoSend: type=1400 audit(0.0:48729264): avc:  denied  { bpf } for  capability=39  scontext=u:r:bpfloader:s0 tcontext=u:r:bpfloader:s0 tclass=capability2 permissive=0
01-31 16:18:05.999 15461 15461 W dataInfoSend: type=1400 audit(0.0:48729265): avc:  denied  { bpf } for  capability=39  scontext=u:r:bpfloader:s0 tcontext=u:r:bpfloader:s0 tclass=capability2 permissive=0
01-31 16:18:05.663 27537 27537 W audit   : audit_lost=48635133 audit_rate_limit=5 audit_backlog_limit=64
01-31 16:18:05.663 27537 27537 E audit   : rate limit exceeded
01-31 16:18:05.999 15461 15461 W dataInfoSend: type=1400 audit(0.0:48729266): avc:  denied  { bpf } for  capability=39  scontext=u:r:bpfloader:s0 tcontext=u:r:bpfloader:s0 tclass=capability2 permissive=0
01-31 16:18:06.088 15252 30951 I NearbyMediums: Found Fast Ble Advertisements :
01-31 16:18:06.088 15252 30951 I NearbyMediums: BleAdvertisement { version=2, socketVersion=2, isFast=true, serviceIdHash=null, data=[ 0x23 0x51 0x50 0x36 0x58 0x11 0x32 0xff 0x31 0x0f 0x33 0xf6 0xbe 0x12 0xd5 0x3b 0xf5 0xa9 0xae 0x03 0x44 0x02 0xd6 ], deviceToken=[ 0x02 0xa1 ], rxAdvertisement=null } : 1 times.
01-31 16:18:06.088 15252 30951 I NearbyMediums: Total 1 fast advertisements from 1 unique advertisers.
01-31 16:18:06.088 15252 30951 I NearbyMediums: Current Tracked Scanning Clients are : {NearbyConnections.EnvironmentMonitor, NearbySharing}
01-31 16:18:06.797  1623 14139 E QLM-Client-Lib: QLM-Lib-Client:do_common_listen:connect failure, err:13, path:/dev/socket/qlm_service
01-31 16:18:07.015 15461 15461 W dataInfoSend: type=1400 audit(0.0:48732170): avc:  denied  { bpf } for  capability=39  scontext=u:r:bpfloader:s0 tcontext=u:r:bpfloader:s0 tclass=capability2 permissive=0
01-31 16:18:07.015 15461 15461 W dataInfoSend: type=1400 audit(0.0:48732171): avc:  denied  { bpf } for  capability=39  scontext=u:r:bpfloader:s0 tcontext=u:r:bpfloader:s0 tclass=capability2 permissive=0
01-31 16:18:07.015 15461 15461 W dataInfoSend: type=1400 audit(0.0:48732172): avc:  denied  { bpf } for  capability=39  scontext=u:r:bpfloader:s0 tcontext=u:r:bpfloader:s0 tclass=capability2 permissive=0
01-31 16:18:07.015 15461 15461 W dataInfoSend: type=1400 audit(0.0:48732173): avc:  denied  { bpf } for  capability=39  scontext=u:r:bpfloader:s0 tcontext=u:r:bpfloader:s0 tclass=capability2 permissive=0
01-31 16:18:07.015 15461 15461 W dataInfoSend: type=1400 audit(0.0:48732174): avc:  denied  { bpf } for  capability=39  scontext=u:r:bpfloader:s0 tcontext=u:r:bpfloader:s0 tclass=capability2 permissive=0
01-31 16:18:06.682 27537 27537 W audit   : audit_lost=48638036 audit_rate_limit=5 audit_backlog_limit=64
01-31 16:18:06.682 27537 27537 E audit   : rate limit exceeded
01-31 16:18:06.755  2112  2112 E [binder][0x160437ae365][10:48:07.092356] qca6750: [2112:E:DP] dp_request_rx_hw_stats: Stats already requested
01-31 16:18:06.755  2112  2112 E [binder][0x160437ae891][10:48:07.092425] qca6750: [2112:E:HDD] __wlan_hdd_cfg80211_stats_ext_request: Failed to get hw stats: 6
01-31 16:18:07.106  1592 14745 I WifiHAL : event received NL80211_CMD_VENDOR, vendor_id = 0x1374, subcmd = 0xd
01-31 16:18:07.106  2173  2173 I cnss-daemon: nl80211 response handler invoked
01-31 16:18:07.106  2173  2173 I cnss-daemon: nl80211_response_handler: cmd 103, vendorID 4980, subcmd 13  received
01-31 16:18:06.793  3397  3397 I [dp_rx_][0x16043863de2][10:48:07.131110] qca6750: [3397:I:QDF] DHCP-R RX: SA:be:6b:11:**:**:65 DA:ff:ff:ff:**:**:ff
01-31 16:18:07.350  1678  1825 I SDM     : DisplayBase::CommitThread: Received idle timeout, panel: video, timeout: 70000 us
01-31 16:18:07.101  1665  1665 I [binder][0x16043e06606][10:48:07.438844] qca6750: [1665:I:HDD] __wlan_hdd_cfg80211_get_logger_supp_feature: Ring buffer disable
01-31 16:18:07.440 14449 14651 I HalDevMgr: bestIfaceCreationProposal is null, requestIface=STA, existingIface=[name=wlan0 type=STA]
01-31 16:18:07.451 14449 14662 D ConnectivityService: NetReassign [no changes] [c 2] [a 2] [i 5]
01-31 16:18:07.612  3397  3397 I [dp_rx_][0x160447612a1][10:48:07.949733] qca6750: [3397:I:QDF] DHCP-D RX: SA:1a:5f:ee:**:**:36 DA:ff:ff:ff:**:**:ff
01-31 16:18:07.714  3397  3397 I [dp_rx_][0x16044940d36][10:48:08.052061] qca6750: [3397:I:QDF] DHCP-R RX: SA:1a:5f:ee:**:**:36 DA:ff:ff:ff:**:**:ff
01-31 16:18:08.055 15461 15461 W dataInfoSend: type=1400 audit(0.0:48735077): avc:  denied  { bpf } for  capability=39  scontext=u:r:bpfloader:s0 tcontext=u:r:bpfloader:s0 tclass=capability2 permissive=0
01-31 16:18:08.055 15461 15461 W dataInfoSend: type=1400 audit(0.0:48735078): avc:  denied  { bpf } for  capability=39  scontext=u:r:bpfloader:s0 tcontext=u:r:bpfloader:s0 tclass=capability2 permissive=0
01-31 16:18:08.055 15461 15461 W dataInfoSend: type=1400 audit(0.0:48735079): avc:  denied  { bpf } for  capability=39  scontext=u:r:bpfloader:s0 tcontext=u:r:bpfloader:s0 tclass=capability2 permissive=0
01-31 16:18:08.055 15461 15461 W dataInfoSend: type=1400 audit(0.0:48735080): avc:  denied  { bpf } for  capability=39  scontext=u:r:bpfloader:s0 tcontext=u:r:bpfloader:s0 tclass=capability2 permissive=0
01-31 16:18:08.055 15461 15461 W dataInfoSend: type=1400 audit(0.0:48735081): avc:  denied  { bpf } for  capability=39  scontext=u:r:bpfloader:s0 tcontext=u:r:bpfloader:s0 tclass=capability2 permissive=0
01-31 16:18:07.722 27537 27537 W audit   : audit_lost=48640938 audit_rate_limit=5 audit_backlog_limit=64
01-31 16:18:07.722 27537 27537 E audit   : rate limit exceeded
01-31 16:18:08.462 14449 14705 D BackgroundInstallControlService: Package event received: 0
01-31 16:18:08.533  3397  3397 I [dp_rx_][0x1604583dca4][10:48:08.870613] qca6750: [3397:I:QDF] DHCP-R RX: SA:a0:e7:0b:**:**:49 DA:ff:ff:ff:**:**:ff
01-31 16:18:08.763  2112  2112 E [binder][0x16045c729ce][10:48:09.100335] qca6750: [2112:E:DP] dp_request_rx_hw_stats: Stats already requested
01-31 16:18:08.763  2112  2112 E [binder][0x16045c72e34][10:48:09.100393] qca6750: [2112:E:HDD] __wlan_hdd_cfg80211_stats_ext_request: Failed to get hw stats: 6
01-31 16:18:09.103 15461 15461 W dataInfoSend: type=1400 audit(0.0:48737984): avc:  denied  { bpf } for  capability=39  scontext=u:r:bpfloader:s0 tcontext=u:r:bpfloader:s0 tclass=capability2 permissive=0
01-31 16:18:09.103 15461 15461 W dataInfoSend: type=1400 audit(0.0:48737985): avc:  denied  { bpf } for  capability=39  scontext=u:r:bpfloader:s0 tcontext=u:r:bpfloader:s0 tclass=capability2 permissive=0
01-31 16:18:09.103 15461 15461 W dataInfoSend: type=1400 audit(0.0:48737986): avc:  denied  { bpf } for  capability=39  scontext=u:r:bpfloader:s0 tcontext=u:r:bpfloader:s0 tclass=capability2 permissive=0
01-31 16:18:09.103 15461 15461 W dataInfoSend: type=1400 audit(0.0:48737987): avc:  denied  { bpf } for  capability=39  scontext=u:r:bpfloader:s0 tcontext=u:r:bpfloader:s0 tclass=capability2 permissive=0
01-31 16:18:09.103 15461 15461 W dataInfoSend: type=1400 audit(0.0:48737988): avc:  denied  { bpf } for  capability=39  scontext=u:r:bpfloader:s0 tcontext=u:r:bpfloader:s0 tclass=capability2 permissive=0
01-31 16:18:08.768 27537 27537 W audit   : audit_lost=48643840 audit_rate_limit=5 audit_backlog_limit=64
01-31 16:18:08.768 27537 27537 E audit   : rate limit exceeded
01-31 16:18:09.109  2173  2173 I cnss-daemon: nl80211 response handler invoked
01-31 16:18:09.110  2173  2173 I cnss-daemon: nl80211_response_handler: cmd 103, vendorID 4980, subcmd 13  received
01-31 16:18:09.110  1592 14745 I WifiHAL : event received NL80211_CMD_VENDOR, vendor_id = 0x1374, subcmd = 0xd
01-31 16:18:09.146  3397  3397 I [dp_rx_][0x16046379a7c][10:48:09.484131] qca6750: [3397:I:QDF] DHCP-R RX: SA:a2:c4:dd:**:**:19 DA:ff:ff:ff:**:**:ff
01-31 16:18:09.456  3397  3397 I [dp_rx_][0x1604692670a][10:48:09.794059] qca6750: [3397:I:QDF] DHCP-R RX: SA:12:c6:b4:**:**:4b DA:ff:ff:ff:**:**:ff
01-31 16:18:10.139 15461 15461 W dataInfoSend: type=1400 audit(0.0:48740891): avc:  denied  { bpf } for  capability=39  scontext=u:r:bpfloader:s0 tcontext=u:r:bpfloader:s0 tclass=capability2 permissive=0
01-31 16:18:10.139 15461 15461 W dataInfoSend: type=1400 audit(0.0:48740892): avc:  denied  { bpf } for  capability=39  scontext=u:r:bpfloader:s0 tcontext=u:r:bpfloader:s0 tclass=capability2 permissive=0
01-31 16:18:10.139 15461 15461 W dataInfoSend: type=1400 audit(0.0:48740893): avc:  denied  { bpf } for  capability=39  scontext=u:r:bpfloader:s0 tcontext=u:r:bpfloader:s0 tclass=capability2 permissive=0
01-31 16:18:10.139 15461 15461 W dataInfoSend: type=1400 audit(0.0:48740894): avc:  denied  { bpf } for  capability=39  scontext=u:r:bpfloader:s0 tcontext=u:r:bpfloader:s0 tclass=capability2 permissive=0
01-31 16:18:10.139 15461 15461 W dataInfoSend: type=1400 audit(0.0:48740895): avc:  denied  { bpf } for  capability=39  scontext=u:r:bpfloader:s0 tcontext=u:r:bpfloader:s0 tclass=capability2 permissive=0
01-31 16:18:09.807 27537 27537 W audit   : audit_lost=48646742 audit_rate_limit=5 audit_backlog_limit=64
01-31 16:18:09.807 27537 27537 E audit   : rate limit exceeded
01-31 16:18:09.965  3397  3397 I [dp_rx_][0x16047277c1a][10:48:10.302926] qca6750: [3397:I:QDF] DHCP-R RX: SA:76:8e:d3:**:**:18 DA:ff:ff:ff:**:**:ff
01-31 16:18:10.129  1665  1665 I [binder][0x1604757a257][10:48:10.467275] qca6750: [1665:I:HDD] __wlan_hdd_cfg80211_get_logger_supp_feature: Ring buffer disable
01-31 16:18:10.469 14449 14651 I HalDevMgr: bestIfaceCreationProposal is null, requestIface=STA, existingIface=[name=wlan0 type=STA]
01-31 16:18:10.483 14449 14662 D ConnectivityService: NetReassign [no changes] [c 2] [a 3] [i 8]
01-31 16:18:10.376  3397  3397 I [dp_rx_][0x160479fdfb8][10:48:10.713855] qca6750: [3397:I:QDF] DHCP-R RX: SA:80:91:33:**:**:6b DA:ff:ff:ff:**:**:ff
01-31 16:18:10.766  2112  2112 E [binder][0x160481226a6][10:48:11.103919] qca6750: [2112:E:DP] dp_request_rx_hw_stats: Stats already requested
01-31 16:18:10.766  2112  2112 E [binder][0x16048122ba3][10:48:11.103986] qca6750: [2112:E:HDD] __wlan_hdd_cfg80211_stats_ext_request: Failed to get hw stats: 6
01-31 16:18:11.122  2173  2173 I cnss-daemon: nl80211 response handler invoked
01-31 16:18:11.122  2173  2173 I cnss-daemon: nl80211_response_handler: cmd 103, vendorID 4980, subcmd 13  received
01-31 16:18:11.124  1592 14745 I WifiHAL : event received NL80211_CMD_VENDOR, vendor_id = 0x1374, subcmd = 0xd
01-31 16:18:11.183 15461 15461 W dataInfoSend: type=1400 audit(0.0:48743798): avc:  denied  { bpf } for  capability=39  scontext=u:r:bpfloader:s0 tcontext=u:r:bpfloader:s0 tclass=capability2 permissive=0
01-31 16:18:11.183 15461 15461 W dataInfoSend: type=1400 audit(0.0:48743799): avc:  denied  { bpf } for  capability=39  scontext=u:r:bpfloader:s0 tcontext=u:r:bpfloader:s0 tclass=capability2 permissive=0
01-31 16:18:11.183 15461 15461 W dataInfoSend: type=1400 audit(0.0:48743800): avc:  denied  { bpf } for  capability=39  scontext=u:r:bpfloader:s0 tcontext=u:r:bpfloader:s0 tclass=capability2 permissive=0
01-31 16:18:11.183 15461 15461 W dataInfoSend: type=1400 audit(0.0:48743801): avc:  denied  { bpf } for  capability=39  scontext=u:r:bpfloader:s0 tcontext=u:r:bpfloader:s0 tclass=capability2 permissive=0
01-31 16:18:11.183 15461 15461 W dataInfoSend: type=1400 audit(0.0:48743802): avc:  denied  { bpf } for  capability=39  scontext=u:r:bpfloader:s0 tcontext=u:r:bpfloader:s0 tclass=capability2 permissive=0
01-31 16:18:10.850 27537 27537 W audit   : audit_lost=48649644 audit_rate_limit=5 audit_backlog_limit=64
01-31 16:18:10.850 27537 27537 E audit   : rate limit exceeded
01-31 16:18:10.991  3397  3397 I [dp_rx_][0x1604853feec][10:48:11.328670] qca6750: [3397:I:QDF] DHCP-R RX: SA:50:c2:e8:**:**:19 DA:ff:ff:ff:**:**:ff
01-31 16:18:11.375  1678  1825 I SDM     : DisplayBase::CommitThread: Received idle timeout, panel: video, timeout: 69999 us
01-31 16:18:11.410 14449 14498 V GrammaticalInflectionUtils: AttributionSource: android.content.AttributionSource@de008f37 does not have READ_SYSTEM_GRAMMATICAL_GENDER permission.
01-31 16:18:11.420  1694  1694 I vendor.qti.hardware.servicetrackeraidl-service: bindService is called for service : com.google.android.apps.messaging/androidx.work.impl.background.systemjob.SystemJobService and for client system
01-31 16:18:11.420  1694  1694 I vendor.qti.hardware.servicetrackeraidl-service: total connections for service : com.google.android.apps.messaging/androidx.work.impl.background.systemjob.SystemJobServiceare :1
01-31 16:18:11.420  1694  1694 I vendor.qti.hardware.servicetrackeraidl-service: total connections for client : systemare :36
01-31 16:18:11.422 14449 14583 D OomAdjuster: process : com.google.android.apps.messaging, pid = 27239, isTop = false, uid = 10133, hasActivity = false
01-31 16:18:11.422 14449 14583 D OomAdjuster: process : com.google.android.apps.messaging is not top!
01-31 16:18:11.425 14449 14583 D ActivityManager: sync unfroze 27239 com.google.android.apps.messaging for 6
01-31 16:18:11.430  1694  1694 I vendor.qti.hardware.servicetrackeraidl-service: unbindService is called for service : com.google.android.gms/.chimera.PersistentDirectBootAwareApiService and for client com.google.android.apps.messaging
01-31 16:18:11.430  1694  1694 I vendor.qti.hardware.servicetrackeraidl-service: size of service connections for service: com.google.android.gms/.chimera.PersistentDirectBootAwareApiServiceafter removal is 337
01-31 16:18:11.431 27239 27239 D WM-DelayedWorkTracker: Scheduling work b6391fe6-879d-40d5-a8b9-8f4a047f2288
01-31 16:18:11.432 27239 27239 D WM-GreedyScheduler: Starting work for b6391fe6-879d-40d5-a8b9-8f4a047f2288
01-31 16:18:11.432 15902 17830 I dyom    : (REDACTED) appOpsListener %s %s
01-31 16:18:11.432 15902 17830 I dyom    : (REDACTED) Ignoring irrelevant audio permission changes for package %s
01-31 16:18:11.432 14283 14283 D Zygote  : Forked child process 32030
01-31 16:18:11.433 14449 14499 I ActivityManager: Start proc 32030:com.instagram.barcelona/u0a280 for broadcast {com.instagram.barcelona/com.instagram.analytics.uploadscheduler.AnalyticsUploadAlarmReceiver}
01-31 16:18:11.433 14449 14499 I ActivityManager: ProcessObserver broadcast disabled
01-31 16:18:11.435 14449 14743 W ProcessStats: Tracking association SourceState{4eb616c system/1000 ImpBg #174486} whose proc state 6 is better than process ProcessState{4f0fcd8 com.google.android.apps.messaging/10133 pkg=com.google.android.apps.messaging} proc state 15 (5 skipped)
01-31 16:18:11.436 27239 27239 D WM-SystemJobService: onStartJob for WorkGenerationalId(workSpecId=b6391fe6-879d-40d5-a8b9-8f4a047f2288, generation=12038)
01-31 16:18:11.437 27239 32029 D WM-Processor: sag: processing WorkGenerationalId(workSpecId=b6391fe6-879d-40d5-a8b9-8f4a047f2288, generation=12038)
01-31 16:18:11.438 27239 27253 I ForwardSyncCache: reclaimMemory: Clearing caches
01-31 16:18:11.439 27239 27253 W Bugle   : TextClassifierLibManagerImpl: Reclaiming memory at level: 40
01-31 16:18:11.439 27239 27253 I ForwardSyncCache: reclaimMemory: Clearing caches
01-31 16:18:11.439 27239 27253 W Bugle   : TextClassifierLibManagerImpl: Reclaiming memory at level: 40
01-31 16:18:11.440 27239 32031 D WM-Processor: Work WorkGenerationalId(workSpecId=b6391fe6-879d-40d5-a8b9-8f4a047f2288, generation=12038) is already enqueued for processing
01-31 16:18:11.440 27239 27253 I ForwardSyncCache: reclaimMemory: Clearing caches
01-31 16:18:11.440 27239 27253 W Bugle   : TextClassifierLibManagerImpl: Reclaiming memory at level: 40
01-31 16:18:11.440 27239 32031 D MddListenableWorkerFactory: createWorker for class: com.google.apps.tiktok.contrib.work.TikTokListenableWorker
01-31 16:18:11.444 27239 27239 D WM-WorkerWrapper: Starting work for com.google.apps.tiktok.contrib.work.TikTokListenableWorker
01-31 16:18:11.451 27239 27239 I DefaultProcessValidator: Validating WorkManager process
01-31 16:18:11.452 32030 32030 I agram.barcelona: Using CollectorTypeCMC GC.
01-31 16:18:11.453 27239 27253 I DefaultProcessValidator: Processes: NONE, true, com.google.android.apps.messaging, com.google.android.apps.messaging
01-31 16:18:11.454  1694  1694 I vendor.qti.hardware.servicetrackeraidl-service: bindService is called for service : com.google.android.gms/.chimera.PersistentApiService and for client com.google.android.apps.messaging
01-31 16:18:11.454  1694  1694 I vendor.qti.hardware.servicetrackeraidl-service: total connections for service : com.google.android.gms/.chimera.PersistentApiServiceare :431
01-31 16:18:11.454  1694  1694 I vendor.qti.hardware.servicetrackeraidl-service: total connections for client : com.google.android.apps.messagingare :4
01-31 16:18:11.459 32030 32030 D nativeloader: Load libframework-connectivity-tiramisu-jni.so using APEX ns com_android_tethering for caller /apex/com.android.tethering/javalib/framework-connectivity-t.jar: ok
01-31 16:18:11.464 14449 14743 D CompatibilityInfo: mCompatibilityFlags - 0
01-31 16:18:11.464 14449 14743 D CompatibilityInfo: applicationDensity - 420
01-31 16:18:11.464 14449 14743 D CompatibilityInfo: applicationScale - 1.0
01-31 16:18:11.465 14449 14743 D OomAdjuster: process : com.instagram.barcelona, pid = 32030, isTop = false, uid = 10280, hasActivity = false
01-31 16:18:11.465 14449 14743 D OomAdjuster: process : com.instagram.barcelona is not top!
01-31 16:18:11.468 15986 16271 V OsAgent : broadcastSystemEvent - 7
01-31 16:18:11.470 32030 32030 D nativeloader: Load libstats_jni.so using APEX ns com_android_os_statsd for caller /apex/com.android.os.statsd/javalib/framework-statsd.jar: ok
01-31 16:18:11.474 32030 32030 D ApplicationLoaders: Returning zygote-cached class loader: /system/framework/org.apache.http.legacy.jar
01-31 16:18:11.474 32030 32030 D ApplicationLoaders: Returning zygote-cached class loader: /system_ext/framework/androidx.window.extensions.jar
01-31 16:18:11.474 32030 32030 D ApplicationLoaders: Returning zygote-cached class loader: /system_ext/framework/androidx.window.sidecar.jar
01-31 16:18:11.482 27239 27239 I BugleRestore: Returning restoreAnytimeCompatibleRestoreWorkflowSteps [CONTEXT ratelimit_period="10 SECONDS" ]
01-31 16:18:11.483 14449 14500 D ActivityManager: uid = 10280, pid = 32030, processName = com.instagram.barcelona is not top app, set nt foreground
01-31 16:18:11.486 27239 27239 I SyncManagerImpl: #sync(). Running Synclets and scheduling next sync.
01-31 16:18:11.498 27239 27255 I SyncManagerImpl: Running synclets: [TemplateFetcherSynclet]
01-31 16:18:11.502 27239 30805 I SyncManagerImpl: Starting synclet: TemplateFetcherSynclet
01-31 16:18:11.507 27239 27253 I SyncManagerImpl: #sync() complete
01-31 16:18:11.507 27239 27253 I SyncManagerImpl: Completed sync. Scheduling next wakeup
01-31 16:18:11.508 27239 27253 I SyncWorkManagerPeriodic: Scheduling next periodic WorkManager workers
01-31 16:18:11.509 27239 32031 I WM-WorkerWrapper: Worker result SUCCESS for Work [ id=b6391fe6-879d-40d5-a8b9-8f4a047f2288, tags={ com.google.apps.tiktok.contrib.work.TikTokListenableWorker,com.google.apps.tiktok.sync.impl.workmanager.SyncPeriodicWorker,TikTokWorker#com.google.apps.tiktok.sync.impl.workmanager.SyncPeriodicWorker } ]
01-31 16:18:11.512 27239 27239 D WM-Processor: sag b6391fe6-879d-40d5-a8b9-8f4a047f2288 executed; reschedule = false
01-31 16:18:11.513 27239 27239 D WM-SystemJobService: b6391fe6-879d-40d5-a8b9-8f4a047f2288 executed on JobScheduler
01-31 16:18:11.514  1694  1694 I vendor.qti.hardware.servicetrackeraidl-service: unbindService is called for service : com.google.android.apps.messaging/androidx.work.impl.background.systemjob.SystemJobService and for client system
01-31 16:18:11.514  1694  1694 I vendor.qti.hardware.servicetrackeraidl-service: size of service connections for service: com.google.android.apps.messaging/androidx.work.impl.background.systemjob.SystemJobServiceafter removal is 0
01-31 16:18:11.514  1694  1694 I vendor.qti.hardware.servicetrackeraidl-service: size of client connections for client: systemafter removal is 35
01-31 16:18:11.515  1694  1694 I vendor.qti.hardware.servicetrackeraidl-service: destroyService is called for service : com.google.android.apps.messaging/androidx.work.impl.background.systemjob.SystemJobService
01-31 16:18:11.519 27239 32029 D WM-GreedyScheduler: Cancelling work ID b6391fe6-879d-40d5-a8b9-8f4a047f2288
01-31 16:18:11.519 32030 32030 W agram.barcelona: Failed to find entry 'classes.dex': Entry not found
01-31 16:18:11.520 32030 32030 W agram.barcelona: Failed to find entry 'classes.dex': Entry not found
01-31 16:18:11.520 32030 32030 W agram.barcelona: Failed to find entry 'classes.dex': Entry not found
01-31 16:18:11.521 32030 32030 W agram.barcelona: Failed to find entry 'classes.dex': Entry not found
