01-31 16:17:14.600     0     0 W [    C3] [rt_task_fixup][725]: RT task was runnable for more than 200000 ns on CPU 3, moved it to CPU 2 (TimerDispatch-1949)
01-31 16:17:14.634  2112  2112 E [binder][0x16007d521ba][10:47:14.971587] qca6750: [2112:E:DP] dp_request_rx_hw_stats: Stats already requested
01-31 16:17:14.634  2112  2112 E [binder][0x16007d5251f][10:47:14.971632] qca6750: [2112:E:HDD] __wlan_hdd_cfg80211_stats_ext_request: Failed to get hw stats: 6
01-31 16:17:14.980  1592 14745 I WifiHAL : event received NL80211_CMD_VENDOR, vendor_id = 0x1374, subcmd = 0xd
01-31 16:17:14.981  2173  2173 I cnss-daemon: nl80211 response handler invoked
01-31 16:17:14.981  2173  2173 I cnss-daemon: nl80211_response_handler: cmd 103, vendorID 4980, subcmd 13  received
01-31 16:17:14.649 26022 26022 E spi_geni a80000.spi: spi_geni_runtime_suspend: 0 ---1end ctlr->queue = 1 ctlr->busy = 0 ctlr->running = 1
01-31 16:17:15.123 31425 31948 D ApiClient: <-- 401 https://laundry-buddy-api.onrender.com/api/orders (436ms)
01-31 16:17:15.123 31425 31948 D ApiClient: date: Sat, 31 Jan 2026 10:47:14 GMT
01-31 16:17:15.123 31425 31948 D ApiClient: content-type: application/json; charset=utf-8
01-31 16:17:15.123 31425 31948 D ApiClient: cf-ray: 9c68a13bce6c59a6-DEL
01-31 16:17:15.123 31425 31948 D ApiClient: access-control-allow-credentials: true
01-31 16:17:15.123 31425 31948 D ApiClient: access-control-expose-headers: set-cookie
01-31 16:17:15.123 31425 31948 D ApiClient: content-security-policy: default-src 'self';style-src 'self' 'unsafe-inline' https://fonts.googleapis.com;script-src 'self' 'unsafe-inline' https://accounts.google.com https://apis.google.com;img-src 'self' data: https: blob:;connect-src 'self' https://accounts.google.com;font-src 'self' https://fonts.gstatic.com;object-src 'none';media-src 'self';frame-src https://accounts.google.com;base-uri 'self';form-action 'self';frame-ancestors 'none';script-src-attr 'none';upgrade-insecure-requests
01-31 16:17:15.123 31425 31948 D ApiClient: cross-origin-opener-policy: same-origin
01-31 16:17:15.123 31425 31948 D ApiClient: cross-origin-resource-policy: cross-origin
01-31 16:17:15.124 31425 31948 D ApiClient: etag: W/"3e-s5mV16zaasa0XEANEPJR2r7TLdA"
01-31 16:17:15.124 31425 31948 D ApiClient: origin-agent-cluster: ?1
01-31 16:17:15.124 31425 31948 D ApiClient: ratelimit-limit: 500
01-31 16:17:15.124 31425 31948 D ApiClient: ratelimit-policy: 500;w=900
01-31 16:17:15.124 31425 31948 D ApiClient: ratelimit-remaining: 493
01-31 16:17:15.126 31425 31948 D ApiClient: ratelimit-reset: 713
01-31 16:17:15.126 31425 31948 D ApiClient: referrer-policy: strict-origin-when-cross-origin
01-31 16:17:15.126 31425 31948 D ApiClient: rndr-id: d64043c0-6e1f-420f
01-31 16:17:15.126 31425 31948 D ApiClient: strict-transport-security: max-age=31536000; includeSubDomains; preload
01-31 16:17:15.126 31425 31948 D ApiClient: vary: Origin, Accept-Encoding
01-31 16:17:15.126 31425 31948 D ApiClient: vary: Accept-Encoding
01-31 16:17:15.126 31425 31948 D ApiClient: x-content-type-options: nosniff
01-31 16:17:15.126 31425 31948 D ApiClient: x-dns-prefetch-control: off
01-31 16:17:15.126 31425 31948 D ApiClient: x-download-options: noopen
01-31 16:17:15.127 31425 31948 D ApiClient: x-frame-options: SAMEORIGIN
01-31 16:17:15.127 31425 31948 D ApiClient: x-permitted-cross-domain-policies: none
01-31 16:17:15.127 31425 31948 D ApiClient: x-render-origin-server: Render
01-31 16:17:15.127 31425 31948 D ApiClient: x-xss-protection: 0
01-31 16:17:15.127 31425 31948 D ApiClient: cf-cache-status: DYNAMIC
01-31 16:17:15.127 31425 31948 D ApiClient: server: cloudflare
01-31 16:17:15.127 31425 31948 D ApiClient: alt-svc: h3=":443"; ma=86400
01-31 16:17:15.128 31425 31948 D ApiClient: 
01-31 16:17:15.128 31425 31948 D ApiClient: {"success":false,"message":"Not authenticated. Please login."}
01-31 16:17:15.128 31425 31948 D ApiClient: <-- END HTTP (62-byte body)
01-31 16:17:15.130 31425 31425 E SubmitOrderActivity: Response Failed: 401  Body: {"success":false,"message":"Not authenticated. Please login."}
01-31 16:17:15.130 31425 31425 E Toast   : setGravity() shouldn't be called on text toasts, the values won't be used
01-31 16:17:15.160 14794 14794 D NtViewRootImpl: mPopUpViewOffsets: offset=(0.0, 0.0), scale=(1.0, 1.0)
01-31 16:17:15.195  1553 15462 I vendor.qti.bluetooth@1.1-ibs_handler: ProcessIbsCmd: Received IBS_WAKE_IND: 0xFD
01-31 16:17:15.195  1553 15462 D vendor.qti.bluetooth@1.1-ibs_handler: SerialClockVote: vote for UART CLK ON
01-31 16:17:15.195  1553 15462 D vendor.qti.bluetooth@1.1-wake_lock: Acquire wakelock is acquired 
01-31 16:17:15.195  1553 15462 I vendor.qti.bluetooth@1.1-ibs_handler: ProcessIbsCmd: Writing IBS_WAKE_ACK
01-31 16:17:15.286  1553 15462 I vendor.qti.bluetooth@1.1-ibs_handler: ProcessIbsCmd: Received IBS_SLEEP_IND: 0xFE
01-31 16:17:15.286  1553 15462 D vendor.qti.bluetooth@1.1-ibs_handler: SerialClockVote: vote for UART CLK OFF
01-31 16:17:15.437  1553 15305 D vendor.qti.bluetooth@1.1-wake_lock: Release wakelock is released 
01-31 16:17:15.582  1678  1825 I SDM     : DisplayBase::CommitThread: Received idle timeout, panel: video, timeout: 69999 us
01-31 16:17:15.595  1678  4761 E ANDR-PERF-OH: ANDR-PERF-OH: getPerfHandle() 55: Invalid handle req: 0
01-31 16:17:15.627 15461 15461 W dataInfoSend: type=1400 audit(0.0:48586809): avc:  denied  { bpf } for  capability=39  scontext=u:r:bpfloader:s0 tcontext=u:r:bpfloader:s0 tclass=capability2 permissive=0
01-31 16:17:15.627 15461 15461 W dataInfoSend: type=1400 audit(0.0:48586810): avc:  denied  { bpf } for  capability=39  scontext=u:r:bpfloader:s0 tcontext=u:r:bpfloader:s0 tclass=capability2 permissive=0
01-31 16:17:15.627 15461 15461 W dataInfoSend: type=1400 audit(0.0:48586811): avc:  denied  { bpf } for  capability=39  scontext=u:r:bpfloader:s0 tcontext=u:r:bpfloader:s0 tclass=capability2 permissive=0
01-31 16:17:15.627 15461 15461 W dataInfoSend: type=1400 audit(0.0:48586812): avc:  denied  { bpf } for  capability=39  scontext=u:r:bpfloader:s0 tcontext=u:r:bpfloader:s0 tclass=capability2 permissive=0
01-31 16:17:15.627 15461 15461 W dataInfoSend: type=1400 audit(0.0:48586813): avc:  denied  { bpf } for  capability=39  scontext=u:r:bpfloader:s0 tcontext=u:r:bpfloader:s0 tclass=capability2 permissive=0
01-31 16:17:15.294 27537 27537 W audit   : audit_lost=48492925 audit_rate_limit=5 audit_backlog_limit=64
01-31 16:17:15.294 27537 27537 E audit   : rate limit exceeded
01-31 16:17:15.591  3397  3397 I [dp_rx_][0x16008ed872a][10:47:15.928674] qca6750: [3397:I:QDF] DHCP-R RX: SA:8a:c9:ab:**:**:7a DA:ff:ff:ff:**:**:ff
01-31 16:17:15.684  1665  1665 I [binder][0x1600908bc47][10:47:16.021541] qca6750: [1665:I:HDD] __wlan_hdd_cfg80211_get_logger_supp_feature: Ring buffer disable
01-31 16:17:16.024 14449 14651 I HalDevMgr: bestIfaceCreationProposal is null, requestIface=STA, existingIface=[name=wlan0 type=STA]
01-31 16:17:16.040 14449 14662 D ConnectivityService: NetReassign [no changes] [c 3] [a 5] [i 7]
01-31 16:17:16.075 15252 31607 I NearbyMediums: No BLE Fast/GATT advertisements found in the latest cycle.
01-31 16:17:16.075 15252 31607 I NearbyMediums: Current Tracked Scanning Clients are : {NearbyConnections.EnvironmentMonitor, NearbySharing}
01-31 16:17:16.103  3397  3397 I [dp_rx_][0x1600983b457][10:47:16.441276] qca6750: [3397:I:QDF] DHCP-R RX: SA:8e:49:09:**:**:7a DA:ff:ff:ff:**:**:ff
01-31 16:17:16.567  1553 15462 I vendor.qti.bluetooth@1.1-ibs_handler: ProcessIbsCmd: Received IBS_WAKE_IND: 0xFD
01-31 16:17:16.568  1553 15462 D vendor.qti.bluetooth@1.1-ibs_handler: SerialClockVote: vote for UART CLK ON
01-31 16:17:16.568  1553 15462 D vendor.qti.bluetooth@1.1-wake_lock: Acquire wakelock is acquired 
01-31 16:17:16.568  1553 15462 I vendor.qti.bluetooth@1.1-ibs_handler: ProcessIbsCmd: Writing IBS_WAKE_ACK
01-31 16:17:16.611  1553 15462 I vendor.qti.bluetooth@1.1-ibs_handler: ProcessIbsCmd: Received IBS_SLEEP_IND: 0xFE
01-31 16:17:16.611  1553 15462 D vendor.qti.bluetooth@1.1-ibs_handler: SerialClockVote: vote for UART CLK OFF
01-31 16:17:16.613  1553 15462 I vendor.qti.bluetooth@1.1-ibs_handler: ProcessIbsCmd: Received IBS_WAKE_IND: 0xFD
01-31 16:17:16.613  1553 15462 D vendor.qti.bluetooth@1.1-ibs_handler: SerialClockVote: vote for UART CLK ON
01-31 16:17:16.613  1553 15462 I vendor.qti.bluetooth@1.1-ibs_handler: ProcessIbsCmd: Writing IBS_WAKE_ACK
01-31 16:17:16.643 15461 15461 W dataInfoSend: type=1400 audit(0.0:48589716): avc:  denied  { bpf } for  capability=39  scontext=u:r:bpfloader:s0 tcontext=u:r:bpfloader:s0 tclass=capability2 permissive=0
01-31 16:17:16.643 15461 15461 W dataInfoSend: type=1400 audit(0.0:48589717): avc:  denied  { bpf } for  capability=39  scontext=u:r:bpfloader:s0 tcontext=u:r:bpfloader:s0 tclass=capability2 permissive=0
01-31 16:17:16.643 15461 15461 W dataInfoSend: type=1400 audit(0.0:48589718): avc:  denied  { bpf } for  capability=39  scontext=u:r:bpfloader:s0 tcontext=u:r:bpfloader:s0 tclass=capability2 permissive=0
01-31 16:17:16.647 15461 15461 W dataInfoSend: type=1400 audit(0.0:48589719): avc:  denied  { bpf } for  capability=39  scontext=u:r:bpfloader:s0 tcontext=u:r:bpfloader:s0 tclass=capability2 permissive=0
01-31 16:17:16.647 15461 15461 W dataInfoSend: type=1400 audit(0.0:48589720): avc:  denied  { bpf } for  capability=39  scontext=u:r:bpfloader:s0 tcontext=u:r:bpfloader:s0 tclass=capability2 permissive=0
01-31 16:17:16.312 27537 27537 W audit   : audit_lost=48495827 audit_rate_limit=5 audit_backlog_limit=64
01-31 16:17:16.312 27537 27537 E audit   : rate limit exceeded
01-31 16:17:16.702  1553 15462 I vendor.qti.bluetooth@1.1-ibs_handler: ProcessIbsCmd: Received IBS_SLEEP_IND: 0xFE
01-31 16:17:16.702  1553 15462 D vendor.qti.bluetooth@1.1-ibs_handler: SerialClockVote: vote for UART CLK OFF
01-31 16:17:16.780  1623 14139 E QLM-Client-Lib: QLM-Lib-Client:do_common_listen:connect failure, err:13, path:/dev/socket/qlm_service
01-31 16:17:16.852  1553 15305 D vendor.qti.bluetooth@1.1-wake_lock: Release wakelock is released 
01-31 16:17:16.512  3397  3397 I [dp_rx_][0x16009fb64ca][10:47:16.849815] qca6750: [3397:I:QDF] DHCP-D RX: SA:4e:78:38:**:**:12 DA:ff:ff:ff:**:**:ff
01-31 16:17:16.514  3397  3397 I [dp_rx_][0x16009fc0b0e][10:47:16.852032] qca6750: [3397:I:QDF] DHCP-R RX: SA:4e:78:38:**:**:12 DA:ff:ff:ff:**:**:ff
01-31 16:17:16.637  2112  2112 E [binder][0x1600a201c59][10:47:16.975142] qca6750: [2112:E:DP] dp_request_rx_hw_stats: Stats already requested
01-31 16:17:16.637  2112  2112 E [binder][0x1600a20213d][10:47:16.975207] qca6750: [2112:E:HDD] __wlan_hdd_cfg80211_stats_ext_request: Failed to get hw stats: 6
01-31 16:17:16.986  2173  2173 I cnss-daemon: nl80211 response handler invoked
01-31 16:17:16.986  2173  2173 I cnss-daemon: nl80211_response_handler: cmd 103, vendorID 4980, subcmd 13  received
01-31 16:17:16.986  1592 14745 I WifiHAL : event received NL80211_CMD_VENDOR, vendor_id = 0x1374, subcmd = 0xd
01-31 16:17:17.663 15461 15461 W dataInfoSend: type=1400 audit(0.0:48592624): avc:  denied  { bpf } for  capability=39  scontext=u:r:bpfloader:s0 tcontext=u:r:bpfloader:s0 tclass=capability2 permissive=0
01-31 16:17:17.663 15461 15461 W dataInfoSend: type=1400 audit(0.0:48592625): avc:  denied  { bpf } for  capability=39  scontext=u:r:bpfloader:s0 tcontext=u:r:bpfloader:s0 tclass=capability2 permissive=0
01-31 16:17:17.663 15461 15461 W dataInfoSend: type=1400 audit(0.0:48592626): avc:  denied  { bpf } for  capability=39  scontext=u:r:bpfloader:s0 tcontext=u:r:bpfloader:s0 tclass=capability2 permissive=0
01-31 16:17:17.663 15461 15461 W dataInfoSend: type=1400 audit(0.0:48592627): avc:  denied  { bpf } for  capability=39  scontext=u:r:bpfloader:s0 tcontext=u:r:bpfloader:s0 tclass=capability2 permissive=0
01-31 16:17:17.663 15461 15461 W dataInfoSend: type=1400 audit(0.0:48592628): avc:  denied  { bpf } for  capability=39  scontext=u:r:bpfloader:s0 tcontext=u:r:bpfloader:s0 tclass=capability2 permissive=0
01-31 16:17:17.329 27537 27537 W audit   : audit_lost=48498730 audit_rate_limit=5 audit_backlog_limit=64
01-31 16:17:17.329 27537 27537 E audit   : rate limit exceeded
01-31 16:17:17.334  3397  3397 I [dp_rx_][0x1600aec2083][10:47:17.671518] qca6750: [3397:I:QDF] DHCP-R RX: SA:50:c2:e8:**:**:19 DA:ff:ff:ff:**:**:ff
01-31 16:17:17.746 14449 16299 W NotificationService: Toast already killed. pkg=com.laundrybuddy token=android.os.BinderProxy@d267435
01-31 16:17:17.832  1553 15462 I vendor.qti.bluetooth@1.1-ibs_handler: ProcessIbsCmd: Received IBS_WAKE_IND: 0xFD
01-31 16:17:17.833  1553 15462 D vendor.qti.bluetooth@1.1-ibs_handler: SerialClockVote: vote for UART CLK ON
01-31 16:17:17.833  1553 15462 D vendor.qti.bluetooth@1.1-wake_lock: Acquire wakelock is acquired 
01-31 16:17:17.833  1553 15462 I vendor.qti.bluetooth@1.1-ibs_handler: ProcessIbsCmd: Writing IBS_WAKE_ACK
01-31 16:17:17.840  1678  1825 I SDM     : DisplayBase::CommitThread: Received idle timeout, panel: video, timeout: 70000 us
01-31 16:17:17.874  1553 15462 I vendor.qti.bluetooth@1.1-ibs_handler: ProcessIbsCmd: Received IBS_SLEEP_IND: 0xFE
01-31 16:17:17.874  1553 15462 D vendor.qti.bluetooth@1.1-ibs_handler: SerialClockVote: vote for UART CLK OFF
01-31 16:17:17.537  3397  3397 I [dp_rx_][0x1600b279d37][10:47:17.874567] qca6750: [3397:I:QDF] DHCP-D RX: SA:de:0c:b1:**:**:08 DA:ff:ff:ff:**:**:ff
01-31 16:17:17.877  1553 15462 I vendor.qti.bluetooth@1.1-ibs_handler: ProcessIbsCmd: Received IBS_WAKE_IND: 0xFD
01-31 16:17:17.877  1553 15462 D vendor.qti.bluetooth@1.1-ibs_handler: SerialClockVote: vote for UART CLK ON
01-31 16:17:17.877  1553 15462 I vendor.qti.bluetooth@1.1-ibs_handler: ProcessIbsCmd: Writing IBS_WAKE_ACK
01-31 16:17:17.925  1553 15462 I vendor.qti.bluetooth@1.1-ibs_handler: ProcessIbsCmd: Received IBS_SLEEP_IND: 0xFE
01-31 16:17:17.925  1553 15462 D vendor.qti.bluetooth@1.1-ibs_handler: SerialClockVote: vote for UART CLK OFF
01-31 16:17:17.936  1553 15462 I vendor.qti.bluetooth@1.1-ibs_handler: ProcessIbsCmd: Received IBS_WAKE_IND: 0xFD
01-31 16:17:17.937  1553 15462 D vendor.qti.bluetooth@1.1-ibs_handler: SerialClockVote: vote for UART CLK ON
01-31 16:17:17.937  1553 15462 I vendor.qti.bluetooth@1.1-ibs_handler: ProcessIbsCmd: Writing IBS_WAKE_ACK
01-31 16:17:17.978  1553 15462 I vendor.qti.bluetooth@1.1-ibs_handler: ProcessIbsCmd: Received IBS_SLEEP_IND: 0xFE
01-31 16:17:17.978  1553 15462 D vendor.qti.bluetooth@1.1-ibs_handler: SerialClockVote: vote for UART CLK OFF
01-31 16:17:17.742  3397  3397 I [dp_rx_][0x1600b63d142][10:47:18.080062] qca6750: [3397:I:QDF] DHCP-R RX: SA:de:0c:b1:**:**:08 DA:ff:ff:ff:**:**:ff
01-31 16:17:18.129  1553 15305 D vendor.qti.bluetooth@1.1-wake_lock: Release wakelock is released 
01-31 16:17:18.152  3397  3397 I [dp_rx_][0x1600bdbc938][10:47:18.489554] qca6750: [3397:I:QDF] DHCP-D RX: SA:ee:10:19:**:**:9e DA:ff:ff:ff:**:**:ff
01-31 16:17:18.254  3397  3397 I [dp_rx_][0x1600bf9b3bc][10:47:18.591668] qca6750: [3397:I:QDF] DHCP-R RX: SA:ee:10:19:**:**:9e DA:ff:ff:ff:**:**:ff
01-31 16:17:18.695 15461 15461 W dataInfoSend: type=1400 audit(0.0:48595531): avc:  denied  { bpf } for  capability=39  scontext=u:r:bpfloader:s0 tcontext=u:r:bpfloader:s0 tclass=capability2 permissive=0
01-31 16:17:18.695 15461 15461 W dataInfoSend: type=1400 audit(0.0:48595532): avc:  denied  { bpf } for  capability=39  scontext=u:r:bpfloader:s0 tcontext=u:r:bpfloader:s0 tclass=capability2 permissive=0
01-31 16:17:18.695 15461 15461 W dataInfoSend: type=1400 audit(0.0:48595533): avc:  denied  { bpf } for  capability=39  scontext=u:r:bpfloader:s0 tcontext=u:r:bpfloader:s0 tclass=capability2 permissive=0
01-31 16:17:18.695 15461 15461 W dataInfoSend: type=1400 audit(0.0:48595534): avc:  denied  { bpf } for  capability=39  scontext=u:r:bpfloader:s0 tcontext=u:r:bpfloader:s0 tclass=capability2 permissive=0
01-31 16:17:18.695 15461 15461 W dataInfoSend: type=1400 audit(0.0:48595535): avc:  denied  { bpf } for  capability=39  scontext=u:r:bpfloader:s0 tcontext=u:r:bpfloader:s0 tclass=capability2 permissive=0
01-31 16:17:18.362 27537 27537 W audit   : audit_lost=48501632 audit_rate_limit=5 audit_backlog_limit=64
01-31 16:17:18.362 27537 27537 E audit   : rate limit exceeded
01-31 16:17:18.644  2112  2112 E [binder][0x1600c6beae2][10:47:18.981522] qca6750: [2112:E:DP] dp_request_rx_hw_stats: Stats already requested
01-31 16:17:18.644  2112  2112 E [binder][0x1600c6befb4][10:47:18.981587] qca6750: [2112:E:HDD] __wlan_hdd_cfg80211_stats_ext_request: Failed to get hw stats: 6
01-31 16:17:18.994  2173  2173 I cnss-daemon: nl80211 response handler invoked
01-31 16:17:18.994  1592 14745 I WifiHAL : event received NL80211_CMD_VENDOR, vendor_id = 0x1374, subcmd = 0xd
01-31 16:17:18.994  2173  2173 I cnss-daemon: nl80211_response_handler: cmd 103, vendorID 4980, subcmd 13  received
01-31 16:17:19.052 14449 14651 I HalDevMgr: bestIfaceCreationProposal is null, requestIface=STA, existingIface=[name=wlan0 type=STA]
01-31 16:17:18.713  1665  1665 I [binder][0x1600c8020af][10:47:19.050506] qca6750: [1665:I:HDD] __wlan_hdd_cfg80211_get_logger_supp_feature: Ring buffer disable
01-31 16:17:19.063 14449 14662 D ConnectivityService: NetReassign [no changes] [c 2] [a 3] [i 6]
01-31 16:17:19.173  1678  1825 I SDM     : DisplayBase::CommitThread: Received idle timeout, panel: video, timeout: 70000 us
01-31 16:17:19.175  3397  3397 I [dp_rx_][0x1600d078bf8][10:47:19.512738] qca6750: [3397:I:QDF] DHCP-R RX: SA:74:04:f1:**:**:7f DA:ff:ff:ff:**:**:ff
01-31 16:17:19.517  1553 15462 I vendor.qti.bluetooth@1.1-ibs_handler: ProcessIbsCmd: Received IBS_WAKE_IND: 0xFD
01-31 16:17:19.517  1553 15462 D vendor.qti.bluetooth@1.1-ibs_handler: SerialClockVote: vote for UART CLK ON
01-31 16:17:19.518  1553 15462 D vendor.qti.bluetooth@1.1-wake_lock: Acquire wakelock is acquired 
01-31 16:17:19.518  1553 15462 I vendor.qti.bluetooth@1.1-ibs_handler: ProcessIbsCmd: Writing IBS_WAKE_ACK
01-31 16:17:19.617  1553 15462 I vendor.qti.bluetooth@1.1-ibs_handler: ProcessIbsCmd: Received IBS_SLEEP_IND: 0xFE
01-31 16:17:19.617  1553 15462 D vendor.qti.bluetooth@1.1-ibs_handler: SerialClockVote: vote for UART CLK OFF
01-31 16:17:19.707 15461 15461 W dataInfoSend: type=1400 audit(0.0:48598438): avc:  denied  { bpf } for  capability=39  scontext=u:r:bpfloader:s0 tcontext=u:r:bpfloader:s0 tclass=capability2 permissive=0
01-31 16:17:19.707 15461 15461 W dataInfoSend: type=1400 audit(0.0:48598439): avc:  denied  { bpf } for  capability=39  scontext=u:r:bpfloader:s0 tcontext=u:r:bpfloader:s0 tclass=capability2 permissive=0
01-31 16:17:19.707 15461 15461 W dataInfoSend: type=1400 audit(0.0:48598440): avc:  denied  { bpf } for  capability=39  scontext=u:r:bpfloader:s0 tcontext=u:r:bpfloader:s0 tclass=capability2 permissive=0
01-31 16:17:19.375 27537 27537 W audit   : audit_lost=48504534 audit_rate_limit=5 audit_backlog_limit=64
01-31 16:17:19.375 27537 27537 E audit   : rate limit exceeded
01-31 16:17:19.707 15461 15461 W dataInfoSend: type=1400 audit(0.0:48598441): avc:  denied  { bpf } for  capability=39  scontext=u:r:bpfloader:s0 tcontext=u:r:bpfloader:s0 tclass=capability2 permissive=0
01-31 16:17:19.707 15461 15461 W dataInfoSend: type=1400 audit(0.0:48598442): avc:  denied  { bpf } for  capability=39  scontext=u:r:bpfloader:s0 tcontext=u:r:bpfloader:s0 tclass=capability2 permissive=0
01-31 16:17:19.770  1553 15305 D vendor.qti.bluetooth@1.1-wake_lock: Release wakelock is released 
01-31 16:17:19.687  3397  3397 I [dp_rx_][0x1600d9d6ae8][10:47:20.024297] qca6750: [3397:I:QDF] DHCP-R RX: SA:d0:39:57:**:**:8d DA:ff:ff:ff:**:**:ff
01-31 16:17:20.045 15252 31764 I .gms.persistent: Explicit concurrent mark compact GC freed 13MB AllocSpace bytes, 7(260KB) LOS objects, 49% free, 28MB/57MB, paused 411us,3.422ms total 143.855ms
01-31 16:17:20.727 15461 15461 W dataInfoSend: type=1400 audit(0.0:48601345): avc:  denied  { bpf } for  capability=39  scontext=u:r:bpfloader:s0 tcontext=u:r:bpfloader:s0 tclass=capability2 permissive=0
01-31 16:17:20.727 15461 15461 W dataInfoSend: type=1400 audit(0.0:48601346): avc:  denied  { bpf } for  capability=39  scontext=u:r:bpfloader:s0 tcontext=u:r:bpfloader:s0 tclass=capability2 permissive=0
01-31 16:17:20.727 15461 15461 W dataInfoSend: type=1400 audit(0.0:48601347): avc:  denied  { bpf } for  capability=39  scontext=u:r:bpfloader:s0 tcontext=u:r:bpfloader:s0 tclass=capability2 permissive=0
01-31 16:17:20.727 15461 15461 W dataInfoSend: type=1400 audit(0.0:48601348): avc:  denied  { bpf } for  capability=39  scontext=u:r:bpfloader:s0 tcontext=u:r:bpfloader:s0 tclass=capability2 permissive=0
01-31 16:17:20.727 15461 15461 W dataInfoSend: type=1400 audit(0.0:48601349): avc:  denied  { bpf } for  capability=39  scontext=u:r:bpfloader:s0 tcontext=u:r:bpfloader:s0 tclass=capability2 permissive=0
01-31 16:17:20.394 27537 27537 W audit   : audit_lost=48507436 audit_rate_limit=5 audit_backlog_limit=64
01-31 16:17:20.394 27537 27537 E audit   : rate limit exceeded
01-31 16:17:20.781  1553 15462 I vendor.qti.bluetooth@1.1-ibs_handler: ProcessIbsCmd: Received IBS_WAKE_IND: 0xFD
01-31 16:17:20.781  1553 15462 D vendor.qti.bluetooth@1.1-ibs_handler: SerialClockVote: vote for UART CLK ON
01-31 16:17:20.781  1553 15462 D vendor.qti.bluetooth@1.1-wake_lock: Acquire wakelock is acquired 
01-31 16:17:20.781  1553 15462 I vendor.qti.bluetooth@1.1-ibs_handler: ProcessIbsCmd: Writing IBS_WAKE_ACK
01-31 16:17:20.890  1553 15462 I vendor.qti.bluetooth@1.1-ibs_handler: ProcessIbsCmd: Received IBS_SLEEP_IND: 0xFE
01-31 16:17:20.890  1553 15462 D vendor.qti.bluetooth@1.1-ibs_handler: SerialClockVote: vote for UART CLK OFF
01-31 16:17:20.891  1553 15462 I vendor.qti.bluetooth@1.1-ibs_handler: ProcessIbsCmd: Received IBS_WAKE_IND: 0xFD
01-31 16:17:20.891  1553 15462 D vendor.qti.bluetooth@1.1-ibs_handler: SerialClockVote: vote for UART CLK ON
01-31 16:17:20.891  1553 15462 I vendor.qti.bluetooth@1.1-ibs_handler: ProcessIbsCmd: Writing IBS_WAKE_ACK
01-31 16:17:20.931  1553 15462 I vendor.qti.bluetooth@1.1-ibs_handler: ProcessIbsCmd: Received IBS_SLEEP_IND: 0xFE
01-31 16:17:20.932  1553 15462 D vendor.qti.bluetooth@1.1-ibs_handler: SerialClockVote: vote for UART CLK OFF
01-31 16:17:20.648  2112  2112 E [binder][0x1600eb739d3][10:47:20.986202] qca6750: [2112:E:DP] dp_request_rx_hw_stats: Stats already requested
01-31 16:17:20.648  2112  2112 E [binder][0x1600eb73dc1][10:47:20.986254] qca6750: [2112:E:HDD] __wlan_hdd_cfg80211_stats_ext_request: Failed to get hw stats: 6
01-31 16:17:20.999  2173  2173 I cnss-daemon: nl80211 response handler invoked
01-31 16:17:20.999  2173  2173 I cnss-daemon: nl80211_response_handler: cmd 103, vendorID 4980, subcmd 13  received
01-31 16:17:20.999  1592 14745 I WifiHAL : event received NL80211_CMD_VENDOR, vendor_id = 0x1374, subcmd = 0xd
01-31 16:17:21.083  1553 15305 D vendor.qti.bluetooth@1.1-wake_lock: Release wakelock is released 
01-31 16:17:21.225  3397  3397 I [dp_rx_][0x1600f603333][10:47:21.562967] qca6750: [3397:I:QDF] DHCP-R RX: SA:32:3b:9b:**:**:33 DA:ff:ff:ff:**:**:ff
01-31 16:17:21.690 15252 31607 E WakeLock: *gms_scheduler*/com.google.android.gms/.games.chimera.GamesSyncServiceMainProxy ** IS FORCE-RELEASED ON TIMEOUT ** [CONTEXT service_id=259 ]
01-31 16:17:21.739 15461 15461 W dataInfoSend: type=1400 audit(0.0:48604252): avc:  denied  { bpf } for  capability=39  scontext=u:r:bpfloader:s0 tcontext=u:r:bpfloader:s0 tclass=capability2 permissive=0
01-31 16:17:21.743 15461 15461 W dataInfoSend: type=1400 audit(0.0:48604253): avc:  denied  { bpf } for  capability=39  scontext=u:r:bpfloader:s0 tcontext=u:r:bpfloader:s0 tclass=capability2 permissive=0
01-31 16:17:21.743 15461 15461 W dataInfoSend: type=1400 audit(0.0:48604254): avc:  denied  { bpf } for  capability=39  scontext=u:r:bpfloader:s0 tcontext=u:r:bpfloader:s0 tclass=capability2 permissive=0
01-31 16:17:21.743 15461 15461 W dataInfoSend: type=1400 audit(0.0:48604255): avc:  denied  { bpf } for  capability=39  scontext=u:r:bpfloader:s0 tcontext=u:r:bpfloader:s0 tclass=capability2 permissive=0
01-31 16:17:21.743 15461 15461 W dataInfoSend: type=1400 audit(0.0:48604256): avc:  denied  { bpf } for  capability=39  scontext=u:r:bpfloader:s0 tcontext=u:r:bpfloader:s0 tclass=capability2 permissive=0
01-31 16:17:21.408 27537 27537 W audit   : audit_lost=48510338 audit_rate_limit=5 audit_backlog_limit=64
01-31 16:17:21.408 27537 27537 E audit   : rate limit exceeded
01-31 16:17:21.781  1623 14139 E QLM-Client-Lib: QLM-Lib-Client:do_common_listen:connect failure, err:13, path:/dev/socket/qlm_service
01-31 16:17:22.069  2075  2075 I CNSS    : /sys/wifi/dump_in_progress doesn't exist
01-31 16:17:22.069  2075  2075 I CNSS    : /sys/wifi/max_chipset_log_size doesn't exist
01-31 16:17:21.739  1665  1665 I [binder][0x1600ff6a03e][10:47:22.076420] qca6750: [1665:I:HDD] __wlan_hdd_cfg80211_get_logger_supp_feature: Ring buffer disable
01-31 16:17:22.078 14449 14651 I HalDevMgr: bestIfaceCreationProposal is null, requestIface=STA, existingIface=[name=wlan0 type=STA]
01-31 16:17:22.094 14449 14662 D ConnectivityService: NetReassign [no changes] [c 3] [a 3] [i 9]
01-31 16:17:22.242  1553 15462 I vendor.qti.bluetooth@1.1-ibs_handler: ProcessIbsCmd: Received IBS_WAKE_IND: 0xFD
01-31 16:17:22.242  1553 15462 D vendor.qti.bluetooth@1.1-ibs_handler: SerialClockVote: vote for UART CLK ON
01-31 16:17:22.242  1553 15462 D vendor.qti.bluetooth@1.1-wake_lock: Acquire wakelock is acquired 
01-31 16:17:22.242  1553 15462 I vendor.qti.bluetooth@1.1-ibs_handler: ProcessIbsCmd: Writing IBS_WAKE_ACK
01-31 16:17:22.277 15252 31594 I NearbyConnections: Found BleAdvertisement [ 0x23 0x51 0x50 0x36 0x58 0x11 0x32 0xff 0x31 0x0f 0x33 0xf6 0xbe 0x12 0xd5 0x3b 0xf5 0xa9 0xae 0x03 0x44 0x02 0xd6 ] (with EndpointId QP6X and EndpointInfo [ 0x32 0xff 0x31 0x0f 0x33 0xf6 0xbe 0x12 0xd5 0x3b 0xf5 0xa9 0xae 0x03 0x44 0x02 0xd6 ])
01-31 16:17:22.279 15252 31594 I NearbyConnections: ClientProxy(87728719 0p:com.google.android.gms.nearby.sharing) reporting onEndpointFound(QP6X)
01-31 16:17:22.279 15252 31594 I NearbyConnections: ClientProxy(87728719) reporting onEndpointDistanceChanged(QP6X, UNKNOWN)
01-31 16:17:22.280 15252 29257 I NearbySharing: NearbySharing Internal event EndpointDiscovered(endpointId=QP6X)
01-31 16:17:22.315  1553 15462 I vendor.qti.bluetooth@1.1-ibs_handler: ProcessIbsCmd: Received IBS_SLEEP_IND: 0xFE
01-31 16:17:22.316  1553 15462 D vendor.qti.bluetooth@1.1-ibs_handler: SerialClockVote: vote for UART CLK OFF
01-31 16:17:22.339  1553 15462 I vendor.qti.bluetooth@1.1-ibs_handler: ProcessIbsCmd: Received IBS_WAKE_IND: 0xFD
01-31 16:17:22.339  1553 15462 D vendor.qti.bluetooth@1.1-ibs_handler: SerialClockVote: vote for UART CLK ON
01-31 16:17:22.339  1553 15462 I vendor.qti.bluetooth@1.1-ibs_handler: ProcessIbsCmd: Writing IBS_WAKE_ACK
01-31 16:17:22.380  1553 15462 I vendor.qti.bluetooth@1.1-ibs_handler: ProcessIbsCmd: Received IBS_SLEEP_IND: 0xFE
01-31 16:17:22.380  1553 15462 D vendor.qti.bluetooth@1.1-ibs_handler: SerialClockVote: vote for UART CLK OFF
01-31 16:17:22.042  3397  3397 I [dp_rx_][0x160104f9a4c][10:47:22.380129] qca6750: [3397:I:QDF] DHCP-R RX: SA:14:d4:24:**:**:ae DA:ff:ff:ff:**:**:ff
01-31 16:17:22.531  1553 15305 D vendor.qti.bluetooth@1.1-wake_lock: Release wakelock is released 
01-31 16:17:22.759 15461 15461 W dataInfoSend: type=1400 audit(0.0:48607160): avc:  denied  { bpf } for  capability=39  scontext=u:r:bpfloader:s0 tcontext=u:r:bpfloader:s0 tclass=capability2 permissive=0
01-31 16:17:22.427 27537 27537 W audit   : audit_lost=48513241 audit_rate_limit=5 audit_backlog_limit=64
01-31 16:17:22.759 15461 15461 W dataInfoSend: type=1400 audit(0.0:48607161): avc:  denied  { bpf } for  capability=39  scontext=u:r:bpfloader:s0 tcontext=u:r:bpfloader:s0 tclass=capability2 permissive=0
01-31 16:17:22.427 27537 27537 E audit   : rate limit exceeded
01-31 16:17:22.759 15461 15461 W dataInfoSend: type=1400 audit(0.0:48607162): avc:  denied  { bpf } for  capability=39  scontext=u:r:bpfloader:s0 tcontext=u:r:bpfloader:s0 tclass=capability2 permissive=0
01-31 16:17:22.759 15461 15461 W dataInfoSend: type=1400 audit(0.0:48607163): avc:  denied  { bpf } for  capability=39  scontext=u:r:bpfloader:s0 tcontext=u:r:bpfloader:s0 tclass=capability2 permissive=0
01-31 16:17:22.759 15461 15461 W dataInfoSend: type=1400 audit(0.0:48607164): avc:  denied  { bpf } for  capability=39  scontext=u:r:bpfloader:s0 tcontext=u:r:bpfloader:s0 tclass=capability2 permissive=0
01-31 16:17:22.993  2173  2173 I cnss-daemon: nl80211 response handler invoked
01-31 16:17:22.993  2173  2173 I cnss-daemon: nl80211_response_handler: cmd 103, vendorID 4980, subcmd 13  received
01-31 16:17:22.993  1592 14745 I WifiHAL : event received NL80211_CMD_VENDOR, vendor_id = 0x1374, subcmd = 0xd
01-31 16:17:22.652  2112  2112 E [binder][0x16011022f22][10:47:22.989686] qca6750: [2112:E:DP] dp_request_rx_hw_stats: Stats already requested
01-31 16:17:22.652  2112  2112 E [binder][0x160110232e2][10:47:22.989736] qca6750: [2112:E:HDD] __wlan_hdd_cfg80211_stats_ext_request: Failed to get hw stats: 6
01-31 16:17:23.182  1678  1825 I SDM     : DisplayBase::CommitThread: Received idle timeout, panel: video, timeout: 70000 us
01-31 16:17:23.608  1553 15462 I vendor.qti.bluetooth@1.1-ibs_handler: ProcessIbsCmd: Received IBS_WAKE_IND: 0xFD
01-31 16:17:23.608  1553 15462 D vendor.qti.bluetooth@1.1-ibs_handler: SerialClockVote: vote for UART CLK ON
01-31 16:17:23.608  1553 15462 D vendor.qti.bluetooth@1.1-wake_lock: Acquire wakelock is acquired 
01-31 16:17:23.608  1553 15462 I vendor.qti.bluetooth@1.1-ibs_handler: ProcessIbsCmd: Writing IBS_WAKE_ACK
01-31 16:17:23.676  1553 15462 I vendor.qti.bluetooth@1.1-ibs_handler: ProcessIbsCmd: Received IBS_SLEEP_IND: 0xFE
01-31 16:17:23.676  1553 15462 D vendor.qti.bluetooth@1.1-ibs_handler: SerialClockVote: vote for UART CLK OFF
01-31 16:17:23.704  1553 15462 I vendor.qti.bluetooth@1.1-ibs_handler: ProcessIbsCmd: Received IBS_WAKE_IND: 0xFD
01-31 16:17:23.704  1553 15462 D vendor.qti.bluetooth@1.1-ibs_handler: SerialClockVote: vote for UART CLK ON
01-31 16:17:23.704  1553 15462 I vendor.qti.bluetooth@1.1-ibs_handler: ProcessIbsCmd: Writing IBS_WAKE_ACK
01-31 16:17:23.752  1553 15462 I vendor.qti.bluetooth@1.1-ibs_handler: ProcessIbsCmd: Received IBS_SLEEP_IND: 0xFE
01-31 16:17:23.752  1553 15462 D vendor.qti.bluetooth@1.1-ibs_handler: SerialClockVote: vote for UART CLK OFF
01-31 16:17:23.803 15461 15461 W dataInfoSend: type=1400 audit(0.0:48610067): avc:  denied  { bpf } for  capability=39  scontext=u:r:bpfloader:s0 tcontext=u:r:bpfloader:s0 tclass=capability2 permissive=0
01-31 16:17:23.803 15461 15461 W dataInfoSend: type=1400 audit(0.0:48610068): avc:  denied  { bpf } for  capability=39  scontext=u:r:bpfloader:s0 tcontext=u:r:bpfloader:s0 tclass=capability2 permissive=0
01-31 16:17:23.803 15461 15461 W dataInfoSend: type=1400 audit(0.0:48610069): avc:  denied  { bpf } for  capability=39  scontext=u:r:bpfloader:s0 tcontext=u:r:bpfloader:s0 tclass=capability2 permissive=0
01-31 16:17:23.803 15461 15461 W dataInfoSend: type=1400 audit(0.0:48610070): avc:  denied  { bpf } for  capability=39  scontext=u:r:bpfloader:s0 tcontext=u:r:bpfloader:s0 tclass=capability2 permissive=0
01-31 16:17:23.803 15461 15461 W dataInfoSend: type=1400 audit(0.0:48610071): avc:  denied  { bpf } for  capability=39  scontext=u:r:bpfloader:s0 tcontext=u:r:bpfloader:s0 tclass=capability2 permissive=0
01-31 16:17:23.470 27537 27537 W audit   : audit_lost=48516143 audit_rate_limit=5 audit_backlog_limit=64
01-31 16:17:23.470 27537 27537 E audit   : rate limit exceeded
01-31 16:17:23.904  1553 15305 D vendor.qti.bluetooth@1.1-wake_lock: Release wakelock is released 
01-31 16:17:24.091  3397  3397 I [dp_rx_][0x16012a7d8eb][10:47:24.428964] qca6750: [3397:I:QDF] DHCP-R RX: SA:4a:62:ab:**:**:44 DA:ff:ff:ff:**:**:ff
01-31 16:17:24.847 15461 15461 W dataInfoSend: type=1400 audit(0.0:48612974): avc:  denied  { bpf } for  capability=39  scontext=u:r:bpfloader:s0 tcontext=u:r:bpfloader:s0 tclass=capability2 permissive=0
01-31 16:17:24.847 15461 15461 W dataInfoSend: type=1400 audit(0.0:48612975): avc:  denied  { bpf } for  capability=39  scontext=u:r:bpfloader:s0 tcontext=u:r:bpfloader:s0 tclass=capability2 permissive=0
01-31 16:17:24.847 15461 15461 W dataInfoSend: type=1400 audit(0.0:48612976): avc:  denied  { bpf } for  capability=39  scontext=u:r:bpfloader:s0 tcontext=u:r:bpfloader:s0 tclass=capability2 permissive=0
01-31 16:17:24.847 15461 15461 W dataInfoSend: type=1400 audit(0.0:48612977): avc:  denied  { bpf } for  capability=39  scontext=u:r:bpfloader:s0 tcontext=u:r:bpfloader:s0 tclass=capability2 permissive=0
01-31 16:17:24.847 15461 15461 W dataInfoSend: type=1400 audit(0.0:48612978): avc:  denied  { bpf } for  capability=39  scontext=u:r:bpfloader:s0 tcontext=u:r:bpfloader:s0 tclass=capability2 permissive=0
01-31 16:17:24.512 27537 27537 W audit   : audit_lost=48519045 audit_rate_limit=5 audit_backlog_limit=64
01-31 16:17:24.512 27537 27537 E audit   : rate limit exceeded
01-31 16:17:24.895  1553 15462 I vendor.qti.bluetooth@1.1-ibs_handler: ProcessIbsCmd: Received IBS_WAKE_IND: 0xFD
01-31 16:17:24.895  1553 15462 D vendor.qti.bluetooth@1.1-ibs_handler: SerialClockVote: vote for UART CLK ON
01-31 16:17:24.895  1553 15462 D vendor.qti.bluetooth@1.1-wake_lock: Acquire wakelock is acquired 
01-31 16:17:24.896  1553 15462 I vendor.qti.bluetooth@1.1-ibs_handler: ProcessIbsCmd: Writing IBS_WAKE_ACK
01-31 16:17:24.968  1553 15462 I vendor.qti.bluetooth@1.1-ibs_handler: ProcessIbsCmd: Received IBS_SLEEP_IND: 0xFE
01-31 16:17:24.969  1553 15462 D vendor.qti.bluetooth@1.1-ibs_handler: SerialClockVote: vote for UART CLK OFF
01-31 16:17:24.656  2112  2112 E [binder][0x160134d3fa2][10:47:24.993532] qca6750: [2112:E:DP] dp_request_rx_hw_stats: Stats already requested
01-31 16:17:24.656  2112  2112 E [binder][0x160134d4418][10:47:24.993592] qca6750: [2112:E:HDD] __wlan_hdd_cfg80211_stats_ext_request: Failed to get hw stats: 6
01-31 16:17:25.007  2173  2173 I cnss-daemon: nl80211 response handler invoked
01-31 16:17:25.007  2173  2173 I cnss-daemon: nl80211_response_handler: cmd 103, vendorID 4980, subcmd 13  received
01-31 16:17:25.007  1592 14745 I WifiHAL : event received NL80211_CMD_VENDOR, vendor_id = 0x1374, subcmd = 0xd
01-31 16:17:25.104 14449 14651 I HalDevMgr: bestIfaceCreationProposal is null, requestIface=STA, existingIface=[name=wlan0 type=STA]
01-31 16:17:24.765  1665  1665 I [binder][0x160136d408d][10:47:25.102771] qca6750: [1665:I:HDD] __wlan_hdd_cfg80211_get_logger_supp_feature: Ring buffer disable
01-31 16:17:25.118 14449 14662 D ConnectivityService: NetReassign [no changes] [c 2] [a 3] [i 7]
01-31 16:17:25.119  1553 15305 D vendor.qti.bluetooth@1.1-wake_lock: Release wakelock is released 
01-31 16:17:25.460  1694  1694 I vendor.qti.hardware.servicetrackeraidl-service: unbindService is called for service : com.google.android.gms/.ads.identifier.service.AdvertisingIdService and for client com.google.android.gms
01-31 16:17:25.460  1694  1694 I vendor.qti.hardware.servicetrackeraidl-service: size of service connections for service: com.google.android.gms/.ads.identifier.service.AdvertisingIdServiceafter removal is 1
01-31 16:17:25.460  1694  1694 I vendor.qti.hardware.servicetrackeraidl-service: size of client connections for client: com.google.android.gmsafter removal is 6
01-31 16:17:25.863 15461 15461 W dataInfoSend: type=1400 audit(0.0:48615881): avc:  denied  { bpf } for  capability=39  scontext=u:r:bpfloader:s0 tcontext=u:r:bpfloader:s0 tclass=capability2 permissive=0
01-31 16:17:25.863 15461 15461 W dataInfoSend: type=1400 audit(0.0:48615882): avc:  denied  { bpf } for  capability=39  scontext=u:r:bpfloader:s0 tcontext=u:r:bpfloader:s0 tclass=capability2 permissive=0
01-31 16:17:25.863 15461 15461 W dataInfoSend: type=1400 audit(0.0:48615883): avc:  denied  { bpf } for  capability=39  scontext=u:r:bpfloader:s0 tcontext=u:r:bpfloader:s0 tclass=capability2 permissive=0
01-31 16:17:25.863 15461 15461 W dataInfoSend: type=1400 audit(0.0:48615884): avc:  denied  { bpf } for  capability=39  scontext=u:r:bpfloader:s0 tcontext=u:r:bpfloader:s0 tclass=capability2 permissive=0
01-31 16:17:25.863 15461 15461 W dataInfoSend: type=1400 audit(0.0:48615885): avc:  denied  { bpf } for  capability=39  scontext=u:r:bpfloader:s0 tcontext=u:r:bpfloader:s0 tclass=capability2 permissive=0
01-31 16:17:25.530 27537 27537 W audit   : audit_lost=48521947 audit_rate_limit=5 audit_backlog_limit=64
01-31 16:17:25.530 27537 27537 E audit   : rate limit exceeded
01-31 16:17:26.077 15252 31594 I NearbyMediums: Found Fast Ble Advertisements :
01-31 16:17:26.077 15252 31594 I NearbyMediums: BleAdvertisement { version=2, socketVersion=2, isFast=true, serviceIdHash=null, data=[ 0x23 0x51 0x50 0x36 0x58 0x11 0x32 0xff 0x31 0x0f 0x33 0xf6 0xbe 0x12 0xd5 0x3b 0xf5 0xa9 0xae 0x03 0x44 0x02 0xd6 ], deviceToken=[ 0x02 0xa1 ], rxAdvertisement=null } : 1 times.
01-31 16:17:26.077 15252 31594 I NearbyMediums: Total 1 fast advertisements from 1 unique advertisers.
01-31 16:17:26.077 15252 31594 I NearbyMediums: Current Tracked Scanning Clients are : {NearbyConnections.EnvironmentMonitor, NearbySharing}
01-31 16:17:26.079 15252 31607 I NearbyConnections: Processing lost BlePeripheral BlePeripheral{advertisement=BleAdvertisement { version=2, socketVersion=2, isFast=true, serviceIdHash=null, data=[ 0x23 0x33 0x34 0x38 0x35 0x11 0x32 0x90 0x7f 0x6e 0x64 0x39 0xc3 0x28 0x3c 0xc1 0xff 0xf6 0x6a 0xd2 0xa7 0xdb 0x49 ], deviceToken=[ 0xe2 0x89 ], rxAdvertisement=null }, dctAdvertisement=null, address=null, psm=0, deviceToken=<ByteString@515df25 size=2 contents="\342\211">, isSecondProfile=false, rxInstantConnectionAdv=null}.
01-31 16:17:26.079 15252 31607 I NearbyConnections: Lost BleEndpoint for BlePeripheral BlePeripheral{advertisement=BleAdvertisement { version=2, socketVersion=2, isFast=true, serviceIdHash=null, data=[ 0x23 0x33 0x34 0x38 0x35 0x11 0x32 0x90 0x7f 0x6e 0x64 0x39 0xc3 0x28 0x3c 0xc1 0xff 0xf6 0x6a 0xd2 0xa7 0xdb 0x49 ], deviceToken=[ 0xe2 0x89 ], rxAdvertisement=null }, dctAdvertisement=null, address=null, psm=0, deviceToken=<ByteString@515df25 size=2 contents="\342\211">, isSecondProfile=false, rxInstantConnectionAdv=null} (with EndpointId 3485 and EndpointInfo [ 0x32 0x90 0x7f 0x6e 0x64 0x39 0xc3 0x28 0x3c 0xc1 0xff 0xf6 0x6a 0xd2 0xa7 0xdb 0x49 ]).
01-31 16:17:26.079 15252 31607 I NearbyConnections: ClientProxy(87728719) reporting onEndpointLost(3485)
01-31 16:17:26.082 15252 31607 I NearbySharing: NearbySharing Internal event EndpointLost(endpointId=3485)
01-31 16:17:26.363  1553 15462 I vendor.qti.bluetooth@1.1-ibs_handler: ProcessIbsCmd: Received IBS_WAKE_IND: 0xFD
01-31 16:17:26.363  1553 15462 D vendor.qti.bluetooth@1.1-ibs_handler: SerialClockVote: vote for UART CLK ON
01-31 16:17:26.363  1553 15462 D vendor.qti.bluetooth@1.1-wake_lock: Acquire wakelock is acquired 
01-31 16:17:26.363  1553 15462 I vendor.qti.bluetooth@1.1-ibs_handler: ProcessIbsCmd: Writing IBS_WAKE_ACK
01-31 16:17:26.037  3397  3397 I [dp_rx_][0x16014e1d160][10:47:26.374463] qca6750: [3397:I:QDF] DHCP-R RX: SA:4a:62:ab:**:**:44 DA:ff:ff:ff:**:**:ff
01-31 16:17:26.427  1553 15462 I vendor.qti.bluetooth@1.1-ibs_handler: ProcessIbsCmd: Received IBS_SLEEP_IND: 0xFE
01-31 16:17:26.427  1553 15462 D vendor.qti.bluetooth@1.1-ibs_handler: SerialClockVote: vote for UART CLK OFF
01-31 16:17:26.578  1553 15305 D vendor.qti.bluetooth@1.1-wake_lock: Release wakelock is released 
01-31 16:17:26.782  1623 14139 E QLM-Client-Lib: QLM-Lib-Client:do_common_listen:connect failure, err:13, path:/dev/socket/qlm_service
01-31 16:17:26.903 15461 15461 W dataInfoSend: type=1400 audit(0.0:48618789): avc:  denied  { bpf } for  capability=39  scontext=u:r:bpfloader:s0 tcontext=u:r:bpfloader:s0 tclass=capability2 permissive=0
01-31 16:17:26.903 15461 15461 W dataInfoSend: type=1400 audit(0.0:48618790): avc:  denied  { bpf } for  capability=39  scontext=u:r:bpfloader:s0 tcontext=u:r:bpfloader:s0 tclass=capability2 permissive=0
01-31 16:17:26.903 15461 15461 W dataInfoSend: type=1400 audit(0.0:48618791): avc:  denied  { bpf } for  capability=39  scontext=u:r:bpfloader:s0 tcontext=u:r:bpfloader:s0 tclass=capability2 permissive=0
01-31 16:17:26.903 15461 15461 W dataInfoSend: type=1400 audit(0.0:48618792): avc:  denied  { bpf } for  capability=39  scontext=u:r:bpfloader:s0 tcontext=u:r:bpfloader:s0 tclass=capability2 permissive=0
01-31 16:17:26.903 15461 15461 W dataInfoSend: type=1400 audit(0.0:48618793): avc:  denied  { bpf } for  capability=39  scontext=u:r:bpfloader:s0 tcontext=u:r:bpfloader:s0 tclass=capability2 permissive=0
01-31 16:17:26.570 27537 27537 W audit   : audit_lost=48524850 audit_rate_limit=5 audit_backlog_limit=64
01-31 16:17:26.570 27537 27537 E audit   : rate limit exceeded
01-31 16:17:26.659  2112  2112 E [binder][0x16015983cad][10:47:26.997120] qca6750: [2112:E:DP] dp_request_rx_hw_stats: Stats already requested
01-31 16:17:26.659  2112  2112 E [binder][0x16015984928][10:47:26.997286] qca6750: [2112:E:HDD] __wlan_hdd_cfg80211_stats_ext_request: Failed to get hw stats: 6
01-31 16:17:27.009  1592 14745 I WifiHAL : event received NL80211_CMD_VENDOR, vendor_id = 0x1374, subcmd = 0xd
01-31 16:17:27.009  2173  2173 I cnss-daemon: nl80211 response handler invoked
01-31 16:17:27.009  2173  2173 I cnss-daemon: nl80211_response_handler: cmd 103, vendorID 4980, subcmd 13  received
01-31 16:17:27.208  1678  1825 I SDM     : DisplayBase::CommitThread: Received idle timeout, panel: video, timeout: 70000 us
01-31 16:17:27.060  3397  3397 I [dp_rx_][0x160160dc583][10:47:27.398305] qca6750: [3397:I:QDF] DHCP-R RX: SA:9e:d9:5b:**:**:0b DA:ff:ff:ff:**:**:ff
01-31 16:17:27.799  1553 15462 I vendor.qti.bluetooth@1.1-ibs_handler: ProcessIbsCmd: Received IBS_WAKE_IND: 0xFD
01-31 16:17:27.800  1553 15462 D vendor.qti.bluetooth@1.1-ibs_handler: SerialClockVote: vote for UART CLK ON
01-31 16:17:27.800  1553 15462 D vendor.qti.bluetooth@1.1-wake_lock: Acquire wakelock is acquired 
01-31 16:17:27.800  1553 15462 I vendor.qti.bluetooth@1.1-ibs_handler: ProcessIbsCmd: Writing IBS_WAKE_ACK
01-31 16:17:27.469  3397  3397 I [dp_rx_][0x16016855d3e][10:47:27.806515] qca6750: [3397:I:QDF] DHCP-R RX: SA:0a:80:8c:**:**:4f DA:ff:ff:ff:**:**:ff
01-31 16:17:27.862  1553 15462 I vendor.qti.bluetooth@1.1-ibs_handler: ProcessIbsCmd: Received IBS_SLEEP_IND: 0xFE
01-31 16:17:27.862  1553 15462 D vendor.qti.bluetooth@1.1-ibs_handler: SerialClockVote: vote for UART CLK OFF
01-31 16:17:27.919 15461 15461 W dataInfoSend: type=1400 audit(0.0:48621696): avc:  denied  { bpf } for  capability=39  scontext=u:r:bpfloader:s0 tcontext=u:r:bpfloader:s0 tclass=capability2 permissive=0
01-31 16:17:27.919 15461 15461 W dataInfoSend: type=1400 audit(0.0:48621697): avc:  denied  { bpf } for  capability=39  scontext=u:r:bpfloader:s0 tcontext=u:r:bpfloader:s0 tclass=capability2 permissive=0
01-31 16:17:27.919 15461 15461 W dataInfoSend: type=1400 audit(0.0:48621698): avc:  denied  { bpf } for  capability=39  scontext=u:r:bpfloader:s0 tcontext=u:r:bpfloader:s0 tclass=capability2 permissive=0
01-31 16:17:27.919 15461 15461 W dataInfoSend: type=1400 audit(0.0:48621699): avc:  denied  { bpf } for  capability=39  scontext=u:r:bpfloader:s0 tcontext=u:r:bpfloader:s0 tclass=capability2 permissive=0
01-31 16:17:27.919 15461 15461 W dataInfoSend: type=1400 audit(0.0:48621700): avc:  denied  { bpf } for  capability=39  scontext=u:r:bpfloader:s0 tcontext=u:r:bpfloader:s0 tclass=capability2 permissive=0
01-31 16:17:27.586 27537 27537 W audit   : audit_lost=48527752 audit_rate_limit=5 audit_backlog_limit=64
01-31 16:17:27.586 27537 27537 E audit   : rate limit exceeded
01-31 16:17:28.013  1553 15305 D vendor.qti.bluetooth@1.1-wake_lock: Release wakelock is released 
01-31 16:17:28.125 14449 14651 I HalDevMgr: bestIfaceCreationProposal is null, requestIface=STA, existingIface=[name=wlan0 type=STA]
01-31 16:17:27.785  1665  1665 I [binder][0x16016e1f1b2][10:47:28.122520] qca6750: [1665:I:HDD] __wlan_hdd_cfg80211_get_logger_supp_feature: Ring buffer disable
01-31 16:17:28.135 14449 14662 D ConnectivityService: NetReassign [no changes] [c 2] [a 4] [i 4]
01-31 16:17:27.983  3397  3397 I [dp_rx_][0x160171be680][10:47:28.320346] qca6750: [3397:I:QDF] DHCP-R RX: SA:dc:46:28:**:**:32 DA:ff:ff:ff:**:**:ff
01-31 16:17:27.984  3397  3397 I [dp_rx_][0x160171c4211][10:47:28.321565] qca6750: [3397:I:QDF] DHCP-A RX: SA:74:e2:e7:**:**:bf DA:ff:ff:ff:**:**:ff
01-31 16:17:28.322 14944  2708 D DhcpClient: Received packet: dc:46:28:a0:f5:32 ACK: your new IP /10.7.20.93, netmask /255.255.192.0, gateways [/10.7.0.1] DNS servers: /10.1.0.2 /10.1.0.235 , lease time 691200, domain null
01-31 16:17:28.037     0     0 E [    C0] [soft_i][0x160172bc2c1][10: 47:28.374481] qca6750: [0:E:DP] dp_tx_update_peer_stats: Release source:3 is not from TQM
01-31 16:17:28.565  1678  1825 I SDM     : DisplayBase::CommitThread: Received idle timeout, panel: video, timeout: 69999 us
01-31 16:17:28.943 15461 15461 W dataInfoSend: type=1400 audit(0.0:48624603): avc:  denied  { bpf } for  capability=39  scontext=u:r:bpfloader:s0 tcontext=u:r:bpfloader:s0 tclass=capability2 permissive=0
01-31 16:17:28.943 15461 15461 W dataInfoSend: type=1400 audit(0.0:48624604): avc:  denied  { bpf } for  capability=39  scontext=u:r:bpfloader:s0 tcontext=u:r:bpfloader:s0 tclass=capability2 permissive=0
01-31 16:17:28.943 15461 15461 W dataInfoSend: type=1400 audit(0.0:48624605): avc:  denied  { bpf } for  capability=39  scontext=u:r:bpfloader:s0 tcontext=u:r:bpfloader:s0 tclass=capability2 permissive=0
01-31 16:17:28.943 15461 15461 W dataInfoSend: type=1400 audit(0.0:48624606): avc:  denied  { bpf } for  capability=39  scontext=u:r:bpfloader:s0 tcontext=u:r:bpfloader:s0 tclass=capability2 permissive=0
01-31 16:17:28.943 15461 15461 W dataInfoSend: type=1400 audit(0.0:48624607): avc:  denied  { bpf } for  capability=39  scontext=u:r:bpfloader:s0 tcontext=u:r:bpfloader:s0 tclass=capability2 permissive=0
01-31 16:17:28.609 27537 27537 W audit   : audit_lost=48530654 audit_rate_limit=5 audit_backlog_limit=64
01-31 16:17:28.609 27537 27537 E audit   : rate limit exceeded
01-31 16:17:28.663  2112  2112 E [binder][0x16017e323e9][10:47:29.000416] qca6750: [2112:E:DP] dp_request_rx_hw_stats: Stats already requested
01-31 16:17:28.663  2112  2112 E [binder][0x16017e327ff][10:47:29.000470] qca6750: [2112:E:HDD] __wlan_hdd_cfg80211_stats_ext_request: Failed to get hw stats: 6
01-31 16:17:29.014  2173  2173 I cnss-daemon: nl80211 response handler invoked
01-31 16:17:29.014  2173  2173 I cnss-daemon: nl80211_response_handler: cmd 103, vendorID 4980, subcmd 13  received
01-31 16:17:29.014  1592 14745 I WifiHAL : event received NL80211_CMD_VENDOR, vendor_id = 0x1374, subcmd = 0xd
01-31 16:17:29.213  1553 15462 I vendor.qti.bluetooth@1.1-ibs_handler: ProcessIbsCmd: Received IBS_WAKE_IND: 0xFD
01-31 16:17:29.213  1553 15462 D vendor.qti.bluetooth@1.1-ibs_handler: SerialClockVote: vote for UART CLK ON
01-31 16:17:29.213  1553 15462 D vendor.qti.bluetooth@1.1-wake_lock: Acquire wakelock is acquired 
01-31 16:17:29.213  1553 15462 I vendor.qti.bluetooth@1.1-ibs_handler: ProcessIbsCmd: Writing IBS_WAKE_ACK
01-31 16:17:28.903  3397  3397 I [dp_rx_][0x1601829a74b][10:47:29.241102] qca6750: [3397:I:QDF] DHCP-R RX: SA:10:6f:d9:**:**:cb DA:ff:ff:ff:**:**:ff
01-31 16:17:29.254  1553 15462 I vendor.qti.bluetooth@1.1-ibs_handler: ProcessIbsCmd: Received IBS_SLEEP_IND: 0xFE
01-31 16:17:29.254  1553 15462 D vendor.qti.bluetooth@1.1-ibs_handler: SerialClockVote: vote for UART CLK OFF
01-31 16:17:29.405  1553 15305 D vendor.qti.bluetooth@1.1-wake_lock: Release wakelock is released 
01-31 16:17:29.621  3397  3397 I [dp_rx_][0x16018fbf741][10:47:29.958968] qca6750: [3397:I:QDF] DHCP-A RX: SA:74:e2:e7:**:**:bf DA:ff:ff:ff:**:**:ff
01-31 16:17:29.622  3397  3397 I [dp_rx_][0x16018fc3918][10:47:29.959846] qca6750: [3397:I:QDF] DHCP-R RX: SA:98:bd:80:**:**:2a DA:ff:ff:ff:**:**:ff
01-31 16:17:29.961 14944  2708 D DhcpClient: Received packet: 98:bd:80:53:4b:2a ACK: your new IP /10.7.10.34, netmask /255.255.192.0, gateways [/10.7.0.1] DNS servers: /10.1.0.2 /10.1.0.235 , lease time 691200, domain null
01-31 16:17:29.959 15461 15461 W dataInfoSend: type=1400 audit(0.0:48627510): avc:  denied  { bpf } for  capability=39  scontext=u:r:bpfloader:s0 tcontext=u:r:bpfloader:s0 tclass=capability2 permissive=0
01-31 16:17:29.959 15461 15461 W dataInfoSend: type=1400 audit(0.0:48627511): avc:  denied  { bpf } for  capability=39  scontext=u:r:bpfloader:s0 tcontext=u:r:bpfloader:s0 tclass=capability2 permissive=0
01-31 16:17:29.959 15461 15461 W dataInfoSend: type=1400 audit(0.0:48627512): avc:  denied  { bpf } for  capability=39  scontext=u:r:bpfloader:s0 tcontext=u:r:bpfloader:s0 tclass=capability2 permissive=0
01-31 16:17:29.959 15461 15461 W dataInfoSend: type=1400 audit(0.0:48627513): avc:  denied  { bpf } for  capability=39  scontext=u:r:bpfloader:s0 tcontext=u:r:bpfloader:s0 tclass=capability2 permissive=0
01-31 16:17:29.959 15461 15461 W dataInfoSend: type=1400 audit(0.0:48627514): avc:  denied  { bpf } for  capability=39  scontext=u:r:bpfloader:s0 tcontext=u:r:bpfloader:s0 tclass=capability2 permissive=0
01-31 16:17:29.626 27537 27537 W audit   : audit_lost=48533556 audit_rate_limit=5 audit_backlog_limit=64
01-31 16:17:29.626 27537 27537 E audit   : rate limit exceeded
01-31 16:17:30.637  1553 15462 I vendor.qti.bluetooth@1.1-ibs_handler: ProcessIbsCmd: Received IBS_WAKE_IND: 0xFD
01-31 16:17:30.637  1553 15462 D vendor.qti.bluetooth@1.1-ibs_handler: SerialClockVote: vote for UART CLK ON
01-31 16:17:30.638  1553 15462 D vendor.qti.bluetooth@1.1-wake_lock: Acquire wakelock is acquired 
01-31 16:17:30.638  1553 15462 I vendor.qti.bluetooth@1.1-ibs_handler: ProcessIbsCmd: Writing IBS_WAKE_ACK
01-31 16:17:30.726  1553 15462 I vendor.qti.bluetooth@1.1-ibs_handler: ProcessIbsCmd: Received IBS_SLEEP_IND: 0xFE
