01-31 16:17:45.149 27537 27537 W audit   : audit_lost=48577089 audit_rate_limit=5 audit_backlog_limit=64
01-31 16:17:45.150 27537 27537 E audit   : rate limit exceeded
01-31 16:17:46.005  1553 15462 I vendor.qti.bluetooth@1.1-ibs_handler: ProcessIbsCmd: Received IBS_WAKE_IND: 0xFD
01-31 16:17:46.005  1553 15462 D vendor.qti.bluetooth@1.1-ibs_handler: SerialClockVote: vote for UART CLK ON
01-31 16:17:46.006  1553 15462 D vendor.qti.bluetooth@1.1-wake_lock: Acquire wakelock is acquired 
01-31 16:17:46.006  1553 15462 I vendor.qti.bluetooth@1.1-ibs_handler: ProcessIbsCmd: Writing IBS_WAKE_ACK
01-31 16:17:46.079  1553 15462 I vendor.qti.bluetooth@1.1-ibs_handler: ProcessIbsCmd: Received IBS_SLEEP_IND: 0xFE
01-31 16:17:46.079  1553 15462 D vendor.qti.bluetooth@1.1-ibs_handler: SerialClockVote: vote for UART CLK OFF
01-31 16:17:46.081 15252 30951 I NearbyMediums: No BLE Fast/GATT advertisements found in the latest cycle.
01-31 16:17:46.081 15252 30951 I NearbyMediums: Current Tracked Scanning Clients are : {NearbyConnections.EnvironmentMonitor, NearbySharing}
01-31 16:17:46.232  1553 15305 D vendor.qti.bluetooth@1.1-wake_lock: Release wakelock is released 
01-31 16:17:46.272 14449 14651 I HalDevMgr: bestIfaceCreationProposal is null, requestIface=STA, existingIface=[name=wlan0 type=STA]
01-31 16:17:45.933  1665  1665 I [binder][0x1602ba6c495][10:47:46.270612] qca6750: [1665:I:HDD] __wlan_hdd_cfg80211_get_logger_supp_feature: Ring buffer disable
01-31 16:17:46.523 15461 15461 W dataInfoSend: type=1400 audit(0.0:48674025): avc:  denied  { bpf } for  capability=39  scontext=u:r:bpfloader:s0 tcontext=u:r:bpfloader:s0 tclass=capability2 permissive=0
01-31 16:17:46.523 15461 15461 W dataInfoSend: type=1400 audit(0.0:48674026): avc:  denied  { bpf } for  capability=39  scontext=u:r:bpfloader:s0 tcontext=u:r:bpfloader:s0 tclass=capability2 permissive=0
01-31 16:17:46.523 15461 15461 W dataInfoSend: type=1400 audit(0.0:48674027): avc:  denied  { bpf } for  capability=39  scontext=u:r:bpfloader:s0 tcontext=u:r:bpfloader:s0 tclass=capability2 permissive=0
01-31 16:17:46.523 15461 15461 W dataInfoSend: type=1400 audit(0.0:48674028): avc:  denied  { bpf } for  capability=39  scontext=u:r:bpfloader:s0 tcontext=u:r:bpfloader:s0 tclass=capability2 permissive=0
01-31 16:17:46.523 15461 15461 W dataInfoSend: type=1400 audit(0.0:48674029): avc:  denied  { bpf } for  capability=39  scontext=u:r:bpfloader:s0 tcontext=u:r:bpfloader:s0 tclass=capability2 permissive=0
01-31 16:17:46.188 27537 27537 W audit   : audit_lost=48579991 audit_rate_limit=5 audit_backlog_limit=64
01-31 16:17:46.188 27537 27537 E audit   : rate limit exceeded
01-31 16:17:46.790  1623 14139 E QLM-Client-Lib: QLM-Lib-Client:do_common_listen:connect failure, err:13, path:/dev/socket/qlm_service
01-31 16:17:46.711  2112  2112 E [binder][0x1602c8ac6fe][10:47:47.048884] qca6750: [2112:E:DP] dp_request_rx_hw_stats: Stats already requested
01-31 16:17:46.711  2112  2112 E [binder][0x1602c8acbd3][10:47:47.048948] qca6750: [2112:E:HDD] __wlan_hdd_cfg80211_stats_ext_request: Failed to get hw stats: 6
01-31 16:17:47.062  2173  2173 I cnss-daemon: nl80211 response handler invoked
01-31 16:17:47.062  2173  2173 I cnss-daemon: nl80211_response_handler: cmd 103, vendorID 4980, subcmd 13  received
01-31 16:17:47.062  1592 14745 I WifiHAL : event received NL80211_CMD_VENDOR, vendor_id = 0x1374, subcmd = 0xd
01-31 16:17:47.275  1678  1825 I SDM     : DisplayBase::CommitThread: Received idle timeout, panel: video, timeout: 70000 us
01-31 16:17:47.408  1553 15462 I vendor.qti.bluetooth@1.1-ibs_handler: ProcessIbsCmd: Received IBS_WAKE_IND: 0xFD
01-31 16:17:47.408  1553 15462 D vendor.qti.bluetooth@1.1-ibs_handler: SerialClockVote: vote for UART CLK ON
01-31 16:17:47.409  1553 15462 D vendor.qti.bluetooth@1.1-wake_lock: Acquire wakelock is acquired 
01-31 16:17:47.409  1553 15462 I vendor.qti.bluetooth@1.1-ibs_handler: ProcessIbsCmd: Writing IBS_WAKE_ACK
01-31 16:17:47.471  1553 15462 I vendor.qti.bluetooth@1.1-ibs_handler: ProcessIbsCmd: Received IBS_SLEEP_IND: 0xFE
01-31 16:17:47.471  1553 15462 D vendor.qti.bluetooth@1.1-ibs_handler: SerialClockVote: vote for UART CLK OFF
01-31 16:17:47.132  3397  3397 I [dp_rx_][0x1602d0603f1][10:47:47.469537] qca6750: [3397:I:QDF] DHCP-R RX: SA:7e:1b:74:**:**:08 DA:ff:ff:ff:**:**:ff
01-31 16:17:47.474  1553 15462 I vendor.qti.bluetooth@1.1-ibs_handler: ProcessIbsCmd: Received IBS_WAKE_IND: 0xFD
01-31 16:17:47.474  1553 15462 D vendor.qti.bluetooth@1.1-ibs_handler: SerialClockVote: vote for UART CLK ON
01-31 16:17:47.474  1553 15462 I vendor.qti.bluetooth@1.1-ibs_handler: ProcessIbsCmd: Writing IBS_WAKE_ACK
01-31 16:17:47.518  1553 15462 I vendor.qti.bluetooth@1.1-ibs_handler: ProcessIbsCmd: Received IBS_SLEEP_IND: 0xFE
01-31 16:17:47.518  1553 15462 D vendor.qti.bluetooth@1.1-ibs_handler: SerialClockVote: vote for UART CLK OFF
01-31 16:17:47.563 15461 15461 W dataInfoSend: type=1400 audit(0.0:48676933): avc:  denied  { bpf } for  capability=39  scontext=u:r:bpfloader:s0 tcontext=u:r:bpfloader:s0 tclass=capability2 permissive=0
01-31 16:17:47.563 15461 15461 W dataInfoSend: type=1400 audit(0.0:48676934): avc:  denied  { bpf } for  capability=39  scontext=u:r:bpfloader:s0 tcontext=u:r:bpfloader:s0 tclass=capability2 permissive=0
01-31 16:17:47.563 15461 15461 W dataInfoSend: type=1400 audit(0.0:48676935): avc:  denied  { bpf } for  capability=39  scontext=u:r:bpfloader:s0 tcontext=u:r:bpfloader:s0 tclass=capability2 permissive=0
01-31 16:17:47.563 15461 15461 W dataInfoSend: type=1400 audit(0.0:48676936): avc:  denied  { bpf } for  capability=39  scontext=u:r:bpfloader:s0 tcontext=u:r:bpfloader:s0 tclass=capability2 permissive=0
01-31 16:17:47.563 15461 15461 W dataInfoSend: type=1400 audit(0.0:48676937): avc:  denied  { bpf } for  capability=39  scontext=u:r:bpfloader:s0 tcontext=u:r:bpfloader:s0 tclass=capability2 permissive=0
01-31 16:17:47.229 27537 27537 W audit   : audit_lost=48582894 audit_rate_limit=5 audit_backlog_limit=64
01-31 16:17:47.229 27537 27537 E audit   : rate limit exceeded
01-31 16:17:47.669  1553 15305 D vendor.qti.bluetooth@1.1-wake_lock: Release wakelock is released 
01-31 16:17:47.642  3397  3397 I [dp_rx_][0x1602d9b8528][10:47:47.979847] qca6750: [3397:I:QDF] DHCP-R RX: SA:7a:d5:d9:**:**:d2 DA:ff:ff:ff:**:**:ff
01-31 16:17:48.052  3397  3397 I [dp_rx_][0x1602e138a67][10:47:48.389517] qca6750: [3397:I:QDF] DHCP-R RX: SA:50:c2:e8:**:**:19 DA:ff:ff:ff:**:**:ff
01-31 16:17:48.256  3397  3397 I [dp_rx_][0x1602e4f87fe][10:47:48.594285] qca6750: [3397:I:QDF] DHCP-R RX: SA:36:6d:00:**:**:72 DA:ff:ff:ff:**:**:ff
01-31 16:17:48.603 15461 15461 W dataInfoSend: type=1400 audit(0.0:48679840): avc:  denied  { bpf } for  capability=39  scontext=u:r:bpfloader:s0 tcontext=u:r:bpfloader:s0 tclass=capability2 permissive=0
01-31 16:17:48.603 15461 15461 W dataInfoSend: type=1400 audit(0.0:48679841): avc:  denied  { bpf } for  capability=39  scontext=u:r:bpfloader:s0 tcontext=u:r:bpfloader:s0 tclass=capability2 permissive=0
01-31 16:17:48.603 15461 15461 W dataInfoSend: type=1400 audit(0.0:48679842): avc:  denied  { bpf } for  capability=39  scontext=u:r:bpfloader:s0 tcontext=u:r:bpfloader:s0 tclass=capability2 permissive=0
01-31 16:17:48.603 15461 15461 W dataInfoSend: type=1400 audit(0.0:48679843): avc:  denied  { bpf } for  capability=39  scontext=u:r:bpfloader:s0 tcontext=u:r:bpfloader:s0 tclass=capability2 permissive=0
01-31 16:17:48.603 15461 15461 W dataInfoSend: type=1400 audit(0.0:48679844): avc:  denied  { bpf } for  capability=39  scontext=u:r:bpfloader:s0 tcontext=u:r:bpfloader:s0 tclass=capability2 permissive=0
01-31 16:17:48.269 27537 27537 W audit   : audit_lost=48585796 audit_rate_limit=5 audit_backlog_limit=64
01-31 16:17:48.269 27537 27537 E audit   : rate limit exceeded
01-31 16:17:48.692  1553 15462 I vendor.qti.bluetooth@1.1-ibs_handler: ProcessIbsCmd: Received IBS_WAKE_IND: 0xFD
01-31 16:17:48.693  1553 15462 D vendor.qti.bluetooth@1.1-ibs_handler: SerialClockVote: vote for UART CLK ON
01-31 16:17:48.693  1553 15462 D vendor.qti.bluetooth@1.1-wake_lock: Acquire wakelock is acquired 
01-31 16:17:48.693  1553 15462 I vendor.qti.bluetooth@1.1-ibs_handler: ProcessIbsCmd: Writing IBS_WAKE_ACK
01-31 16:17:48.734  1553 15462 I vendor.qti.bluetooth@1.1-ibs_handler: ProcessIbsCmd: Received IBS_SLEEP_IND: 0xFE
01-31 16:17:48.734  1553 15462 D vendor.qti.bluetooth@1.1-ibs_handler: SerialClockVote: vote for UART CLK OFF
01-31 16:17:48.520     0     0 E [    C3] [soft_i][0x1602e9cbce6][10: 47:48.857817] qca6750: [0:E:DP] dp_tx_update_peer_stats: Release source:3 is not from TQM
01-31 16:17:48.884  1553 15305 D vendor.qti.bluetooth@1.1-wake_lock: Release wakelock is released 
01-31 16:17:48.714  2112  2112 E [binder][0x1602ed5ade6][10:47:49.052176] qca6750: [2112:E:DP] dp_request_rx_hw_stats: Stats already requested
01-31 16:17:48.714  2112  2112 E [binder][0x1602ed5b2c4][10:47:49.052241] qca6750: [2112:E:HDD] __wlan_hdd_cfg80211_stats_ext_request: Failed to get hw stats: 6
01-31 16:17:49.054  1592 14745 I WifiHAL : event received NL80211_CMD_VENDOR, vendor_id = 0x1374, subcmd = 0xd
01-31 16:17:49.055  2173  2173 I cnss-daemon: nl80211 response handler invoked
01-31 16:17:49.055  2173  2173 I cnss-daemon: nl80211_response_handler: cmd 103, vendorID 4980, subcmd 13  received
01-31 16:17:49.057  1678  1825 I SDM     : DisplayBase::CommitThread: Received idle timeout, panel: video, timeout: 69999 us
01-31 16:17:49.301 14449 14651 I HalDevMgr: bestIfaceCreationProposal is null, requestIface=STA, existingIface=[name=wlan0 type=STA]
01-31 16:17:48.962  1665  1665 I [binder][0x1602f1e2a0e][10:47:49.299591] qca6750: [1665:I:HDD] __wlan_hdd_cfg80211_get_logger_supp_feature: Ring buffer disable
01-31 16:17:48.974  3397  3397 I [dp_rx_][0x1602f21d264][10:47:49.312076] qca6750: [3397:I:QDF] DHCP-R RX: SA:7e:1b:74:**:**:08 DA:ff:ff:ff:**:**:ff
01-31 16:17:49.643 15461 15461 W dataInfoSend: type=1400 audit(0.0:48682747): avc:  denied  { bpf } for  capability=39  scontext=u:r:bpfloader:s0 tcontext=u:r:bpfloader:s0 tclass=capability2 permissive=0
01-31 16:17:49.643 15461 15461 W dataInfoSend: type=1400 audit(0.0:48682748): avc:  denied  { bpf } for  capability=39  scontext=u:r:bpfloader:s0 tcontext=u:r:bpfloader:s0 tclass=capability2 permissive=0
01-31 16:17:49.643 15461 15461 W dataInfoSend: type=1400 audit(0.0:48682749): avc:  denied  { bpf } for  capability=39  scontext=u:r:bpfloader:s0 tcontext=u:r:bpfloader:s0 tclass=capability2 permissive=0
01-31 16:17:49.643 15461 15461 W dataInfoSend: type=1400 audit(0.0:48682750): avc:  denied  { bpf } for  capability=39  scontext=u:r:bpfloader:s0 tcontext=u:r:bpfloader:s0 tclass=capability2 permissive=0
01-31 16:17:49.643 15461 15461 W dataInfoSend: type=1400 audit(0.0:48682751): avc:  denied  { bpf } for  capability=39  scontext=u:r:bpfloader:s0 tcontext=u:r:bpfloader:s0 tclass=capability2 permissive=0
01-31 16:17:49.309 27537 27537 W audit   : audit_lost=48588698 audit_rate_limit=5 audit_backlog_limit=64
01-31 16:17:49.309 27537 27537 E audit   : rate limit exceeded
01-31 16:17:50.109  1553 15462 I vendor.qti.bluetooth@1.1-ibs_handler: ProcessIbsCmd: Received IBS_WAKE_IND: 0xFD
01-31 16:17:50.109  1553 15462 D vendor.qti.bluetooth@1.1-ibs_handler: SerialClockVote: vote for UART CLK ON
01-31 16:17:50.109  1553 15462 D vendor.qti.bluetooth@1.1-wake_lock: Acquire wakelock is acquired 
01-31 16:17:50.109  1553 15462 I vendor.qti.bluetooth@1.1-ibs_handler: ProcessIbsCmd: Writing IBS_WAKE_ACK
01-31 16:17:50.158  1553 15462 I vendor.qti.bluetooth@1.1-ibs_handler: ProcessIbsCmd: Received IBS_SLEEP_IND: 0xFE
01-31 16:17:50.158  1553 15462 D vendor.qti.bluetooth@1.1-ibs_handler: SerialClockVote: vote for UART CLK OFF
01-31 16:17:50.310  1553 15305 D vendor.qti.bluetooth@1.1-wake_lock: Release wakelock is released 
01-31 16:17:50.325 14449 15003 D NtMemoryManager: don't raise adj due to remove task : com.google.android.dialer : -1
01-31 16:17:50.326 14449 15003 D NtMemoryManager: don't raise adj due to remove task : com.whatsapp : -1
01-31 16:17:50.326 14449 15003 D NtMemoryManager: don't raise adj due to remove task : com.truecaller : -1
01-31 16:17:50.326 14449 15003 D NtMemoryManager: don't raise adj due to remove task : com.snapchat.android : -1
01-31 16:17:50.687 15461 15461 W dataInfoSend: type=1400 audit(0.0:48685654): avc:  denied  { bpf } for  capability=39  scontext=u:r:bpfloader:s0 tcontext=u:r:bpfloader:s0 tclass=capability2 permissive=0
01-31 16:17:50.687 15461 15461 W dataInfoSend: type=1400 audit(0.0:48685655): avc:  denied  { bpf } for  capability=39  scontext=u:r:bpfloader:s0 tcontext=u:r:bpfloader:s0 tclass=capability2 permissive=0
01-31 16:17:50.687 15461 15461 W dataInfoSend: type=1400 audit(0.0:48685656): avc:  denied  { bpf } for  capability=39  scontext=u:r:bpfloader:s0 tcontext=u:r:bpfloader:s0 tclass=capability2 permissive=0
01-31 16:17:50.687 15461 15461 W dataInfoSend: type=1400 audit(0.0:48685657): avc:  denied  { bpf } for  capability=39  scontext=u:r:bpfloader:s0 tcontext=u:r:bpfloader:s0 tclass=capability2 permissive=0
01-31 16:17:50.687 15461 15461 W dataInfoSend: type=1400 audit(0.0:48685658): avc:  denied  { bpf } for  capability=39  scontext=u:r:bpfloader:s0 tcontext=u:r:bpfloader:s0 tclass=capability2 permissive=0
01-31 16:17:50.352 27537 27537 W audit   : audit_lost=48591600 audit_rate_limit=5 audit_backlog_limit=64
01-31 16:17:50.352 27537 27537 E audit   : rate limit exceeded
01-31 16:17:51.056  1592 14745 I WifiHAL : event received NL80211_CMD_VENDOR, vendor_id = 0x1374, subcmd = 0xd
01-31 16:17:51.056  2173  2173 I cnss-daemon: nl80211 response handler invoked
01-31 16:17:51.056  2173  2173 I cnss-daemon: nl80211_response_handler: cmd 103, vendorID 4980, subcmd 13  received
01-31 16:17:50.716  2112  2112 E [binder][0x160312026b3][10:47:51.054000] qca6750: [2112:E:DP] dp_request_rx_hw_stats: Stats already requested
01-31 16:17:50.716  2112  2112 E [binder][0x16031202a88][10:47:51.054051] qca6750: [2112:E:HDD] __wlan_hdd_cfg80211_stats_ext_request: Failed to get hw stats: 6
01-31 16:17:51.275  1678  1825 I SDM     : DisplayBase::CommitThread: Received idle timeout, panel: video, timeout: 70000 us
01-31 16:17:51.497  1553 15462 I vendor.qti.bluetooth@1.1-ibs_handler: ProcessIbsCmd: Received IBS_WAKE_IND: 0xFD
01-31 16:17:51.497  1553 15462 D vendor.qti.bluetooth@1.1-ibs_handler: SerialClockVote: vote for UART CLK ON
01-31 16:17:51.497  1553 15462 D vendor.qti.bluetooth@1.1-wake_lock: Acquire wakelock is acquired 
01-31 16:17:51.497  1553 15462 I vendor.qti.bluetooth@1.1-ibs_handler: ProcessIbsCmd: Writing IBS_WAKE_ACK
01-31 16:17:51.562  1553 15462 I vendor.qti.bluetooth@1.1-ibs_handler: ProcessIbsCmd: Received IBS_SLEEP_IND: 0xFE
01-31 16:17:51.562  1553 15462 D vendor.qti.bluetooth@1.1-ibs_handler: SerialClockVote: vote for UART CLK OFF
01-31 16:17:51.713  1553 15305 D vendor.qti.bluetooth@1.1-wake_lock: Release wakelock is released 
01-31 16:17:51.723 15461 15461 W dataInfoSend: type=1400 audit(0.0:48688561): avc:  denied  { bpf } for  capability=39  scontext=u:r:bpfloader:s0 tcontext=u:r:bpfloader:s0 tclass=capability2 permissive=0
01-31 16:17:51.723 15461 15461 W dataInfoSend: type=1400 audit(0.0:48688562): avc:  denied  { bpf } for  capability=39  scontext=u:r:bpfloader:s0 tcontext=u:r:bpfloader:s0 tclass=capability2 permissive=0
01-31 16:17:51.723 15461 15461 W dataInfoSend: type=1400 audit(0.0:48688563): avc:  denied  { bpf } for  capability=39  scontext=u:r:bpfloader:s0 tcontext=u:r:bpfloader:s0 tclass=capability2 permissive=0
01-31 16:17:51.723 15461 15461 W dataInfoSend: type=1400 audit(0.0:48688564): avc:  denied  { bpf } for  capability=39  scontext=u:r:bpfloader:s0 tcontext=u:r:bpfloader:s0 tclass=capability2 permissive=0
01-31 16:17:51.723 15461 15461 W dataInfoSend: type=1400 audit(0.0:48688565): avc:  denied  { bpf } for  capability=39  scontext=u:r:bpfloader:s0 tcontext=u:r:bpfloader:s0 tclass=capability2 permissive=0
01-31 16:17:51.388 27537 27537 W audit   : audit_lost=48594502 audit_rate_limit=5 audit_backlog_limit=64
01-31 16:17:51.388 27537 27537 E audit   : rate limit exceeded
01-31 16:17:51.791  1623 14139 E QLM-Client-Lib: QLM-Lib-Client:do_common_listen:connect failure, err:13, path:/dev/socket/qlm_service
01-31 16:17:52.079  2075  2075 I CNSS    : /sys/wifi/dump_in_progress doesn't exist
01-31 16:17:52.079  2075  2075 I CNSS    : /sys/wifi/max_chipset_log_size doesn't exist
01-31 16:17:51.786 26022 26022 I msm_eusb2_phy 88e3000.hsphy: Avail curr from USB = 2
01-31 16:17:52.129  1580  2635 I libusbconfigfs: event=1 on fd=6
01-31 16:17:51.801 31002 31002 E BATTERY_CHG: handle_message: adsp_to_kernel_log:battmngr_plat_scpqchg_qbg_r1_en_charger:: ChargerState is 0, SetChargerState is 1
01-31 16:17:52.144  1578  3188 I android.hardware.usb-service.qti: uevent received remove@/devices/platform/soc/soc:qcom,pmic_glink/soc:qcom,pmic_glink:qcom,ucsi/typec/port0/port0-partner
01-31 16:17:52.145  1578  3188 I android.hardware.usb-service.qti: uevent recieved for same device default
01-31 16:17:52.146  1578  3188 I android.hardware.usb-service.qti: port0
01-31 16:17:52.146  1578  3188 I android.hardware.usb-service.qti: 1:port0 connected:0 canChangeMode:1 canChangeData:0 canChangePower:0 usbDataDisabled:0, powerTransferLimited:0
01-31 16:17:51.803 31002 31002 E BATTERY_CHG: handle_message: adsp_to_kernel_log:plugGpio=1, count=11
01-31 16:17:52.146  1580  2635 I libusbconfigfs: event=1 on fd=6
01-31 16:17:51.806 26022 26022 I fsa4480-driver 7-0042: fsa4480_usbc_event_changed_ucsi: USB change event received, supply mode 0, usbc mode 0, expected 1
01-31 16:17:51.809 31119 31119 I msm_eusb2_phy 88e3000.hsphy: Avail curr from USB = 0
01-31 16:17:51.809 14502 14502 I android_work: sent uevent USB_STATE=DISCONNECTED
01-31 16:17:52.149  2604 25842 I adbd    : UsbFfs: connection terminated: read 21145 failed with error Cannot send after transport endpoint shutdown
01-31 16:17:51.812 14502 14502 I android_work: did not send uevent (0 0 0000000000000000)
01-31 16:17:52.155  1578  3188 E android.hardware.usb-service.qti: Fatal: Error while switching back to drp
01-31 16:17:52.155 14449 14859 I UsbPortManager: AIDL UsbDataStatus:1
01-31 16:17:52.155 14449 14859 I UsbPortManager: ClientCallback AIDL V1: port0
01-31 16:17:52.156 14449 14485 I UsbPortManager: USB port changed: port=UsbPort{id=port0, supportedModes=dual, audio_acc, supportedContaminantProtectionModes=5, supportsEnableContaminantPresenceProtection=false, supportsEnableContaminantPresenceDetection=false, supportsComplianceWarnings=false, status=UsbPortStatus{connected=false, currentMode=none, currentPowerRole=no-power, currentDataRole=no-data, supportedRoleCombinations=[no-power:no-data], contaminantDetectionStatus=2, contaminantProtectionStatus=1, usbDataStatus=enabled, isPowerTransferLimited=false, powerBrickConnectionStatus=unknown, complianceWarnings=[], plugState=0, displayPortAltModeInfo=null}, canChangeMode=true, canChangePowerRole=false, canChangeDataRole=false, connectedAtMillis=0, lastConnectDurationMillis=2532286
01-31 16:17:51.816 31119 31119 I msm_eusb2_phy 88e3000.hsphy: Avail curr from USB = 0
01-31 16:17:52.159 14449 14449 D NtCharge: mOtgSwitcherReceiver:  mOtgDisable: 0 mNtOtgSwitcherTimeCountCountine: false mConnected: false
01-31 16:17:51.828 31002 31002 I msm-dwc3 a600000.ssusb: DWC3 in low power mode
01-31 16:17:51.838  1564  1564 E healthd : battery l=33 v=3850 t=23.0 h=2 st=3 c=380868 fc=4566000 cc=256 chg=
01-31 16:17:52.179 14289 14370 I audio_hw::BatteryListener: healthInfo cb thread: cb NOT CHARGING
01-31 16:17:52.179 14289 14370 D AHAL: AudioDevice: adev_on_battery_status_changed: 711: battery status changed to not charging
01-31 16:17:52.179 14289 14370 D AHAL: AudioDevice: SetChargingMode: 2756: enter, is_charging 0
01-31 16:17:52.179 14289 14370 D AHAL: AudioDevice: SetChargingMode: 2766: exit
01-31 16:17:52.180  1617  1617 W android.hardware.power.stats-service: Skipping malformed line: 
01-31 16:17:52.191 14951 14951 D DeviceStatisticsService: onReceive: action= android.intent.action.BATTERY_CHANGED
01-31 16:17:52.192 14998 14998 D QtiCarrierConfigHelper: WARNING, no carrier configs on phone Id: 1
01-31 16:17:52.193 14449 14498 D ActivityManager: sync unfroze 31376 com.google.android.apps.turbo for 3
01-31 16:17:52.196 14449 14449 V UiModeManager: updateLocked: null action, mDockState=0, category=null
01-31 16:17:52.196 14449 14449 E UiModeManager: mComputedNightMode:true, mNightMode.get():2, mOverrideNightModeOn:false, mOverrideNightModeOff:falsemTwilightManager.getLastTwilightState():null
01-31 16:17:52.196 14449 14449 D UiModeManager: updateConfigurationLocked: mDockState=0; mCarMode=false; mNightMode=com.android.server.UiModeManagerService$1@3bc0983; mNightModeCustomType=-1; uiMode=33
01-31 16:17:52.196 14449 14449 D NtThemeManager: setExtraDark, currentUser:0, enableOverlay:false, mCurrentExtraDarkMode:false
01-31 16:17:52.194 14772 14772 D BatteryHealthController: plugType=0
01-31 16:17:52.196 14772 18878 D ThermalMitigationStrategy: onReceive: power connect: false
01-31 16:17:52.199 20217 20217 D BatteryUsageBroadcastReceiver: onReceive:android.intent.action.BATTERY_LEVEL_CHANGED
01-31 16:17:52.200 20217 20217 D BatteryUsageBroadcastReceiver: fetch data because of event: ACTION_BATTERY_LEVEL_CHANGED
01-31 16:17:52.204 14794 14794 D BatteryController: onBatteryStateChange
01-31 16:17:52.204  1649  1649 E NtChgAidl: NtChgAidl: mBattTempRegion _aidl_return:0
01-31 16:17:52.206 14794 14885 D ChargeStateMonitor: syncNtChgData() adaptorPowerRate = 0 phoneMaxPowerRate = 50
01-31 16:17:51.876  1564  1564 W HealthLoop: debug.tracing.screen_brightness:2.982044
01-31 16:17:52.213 14951 14951 V DeviceStatisticsService: chargerType=0 batteryLevel=33 totalBatteryCapacity=4548000
01-31 16:17:52.214 14951 14951 D DeviceInfoAidlClient: isRadioOn()=true
01-31 16:17:52.214 14951 14951 I DeviceInfoAidlClient: isPowerInfoNeverSent=false batteryLevel=33 batteryLevelIndex=5 chargingMode=0 totalCapacity=4548000 powerSaveMode=false
01-31 16:17:52.224 31376 31380 W roid.apps.turbo: userfaultfd: MOVE ioctl seems unsupported: Connection timed out
01-31 16:17:51.885  1564  1564 E healthd : battery l=33 v=3850 t=23.0 h=2 st=3 c=380868 fc=4566000 cc=256 chg=
01-31 16:17:51.892  1564  1564 W HealthLoop: debug.tracing.screen_brightness:2.982044
01-31 16:17:51.899  1564  1564 E healthd : battery l=33 v=3850 t=23.0 h=2 st=3 c=380868 fc=4566000 cc=256 chg=
01-31 16:17:51.906  1564  1564 W HealthLoop: debug.tracing.screen_brightness:2.982044
01-31 16:17:51.912  1564  1564 E healthd : battery l=33 v=3850 t=23.0 h=2 st=3 c=380868 fc=4566000 cc=256 chg=
01-31 16:17:51.917  1564  1564 W HealthLoop: debug.tracing.screen_brightness:2.982044
01-31 16:17:51.923  1564  1564 E healthd : battery l=33 v=3850 t=23.0 h=2 st=3 c=380868 fc=4566000 cc=256 chg=
01-31 16:17:51.930  1564  1564 W HealthLoop: debug.tracing.screen_brightness:2.982044
01-31 16:17:51.943  3397  3397 I [dp_rx_][0x16032879ebc][10:47:52.280987] qca6750: [3397:I:QDF] DHCP-R RX: SA:7e:1b:74:**:**:08 DA:ff:ff:ff:**:**:ff
01-31 16:17:52.287 14449 14464 D TelephonyManager: requestModemActivityInfo: Sending result to app: ModemActivityInfo{ mTimestamp=78781775 mSleepTimeMs=66299758 mIdleTimeMs=837493 mActivityStatsTechSpecificInfo=[{mRat=UNKNOWN,mFrequencyRange=UNKNOWN,mTxTimeMs[]=[427254, 287029, 112124, 23018, 17944],mRxTimeMs=10764648}]}
01-31 16:17:52.298  1678  1825 I SDM     : DisplayBase::CommitThread: Received idle timeout, panel: video, timeout: 70000 us
01-31 16:17:51.981  1665  1665 I [binder][0x1603292a5bf][10:47:52.318627] qca6750: [1665:I:HDD] __wlan_hdd_cfg80211_get_logger_supp_feature: Ring buffer disable
01-31 16:17:52.321 14449 14651 I HalDevMgr: bestIfaceCreationProposal is null, requestIface=STA, existingIface=[name=wlan0 type=STA]
01-31 16:17:52.329 14449 14662 D ConnectivityService: NetReassign [no changes] [c 2] [a 2] [i 4]
01-31 16:17:52.329  1580  2635 I libusbconfigfs: event=1 on fd=6
01-31 16:17:52.330  2604  2632 I adbd    : opening control endpoint /dev/usb-ffs/adb/ep0
01-31 16:17:52.330  1580  2635 I libusbconfigfs: event=1 on fd=6
01-31 16:17:51.992  2604  2604 E dwc3 a600000.dwc3: request 0000000000000000 was not queued to ep0out
01-31 16:17:51.992 24128 24128 I android_work: did not send uevent (0 0 0000000000000000)
01-31 16:17:51.992 24128 24128 I msm_eusb2_phy 88e3000.hsphy: Avail curr from USB = 0
01-31 16:17:52.331  1580  2635 I libusbconfigfs: event=1 on fd=6
01-31 16:17:51.993  2632  2632 I         : read descriptors
01-31 16:17:51.993  2632  2632 I         : read strings
01-31 16:17:52.354  1617  1617 W android.hardware.power.stats-service: Skipping malformed line: 
01-31 16:17:52.355 15073 15475 D SatelliteController: handleCmdUpdateNtnSignalStrengthReporting: ignore request, satellite is disabled
01-31 16:17:52.364 14449 14583 D InetDiagMessage: Destroyed 0 sockets, proto=IPPROTO_TCP, family=AF_INET, states=14
01-31 16:17:52.364 14449 14583 D InetDiagMessage: Destroyed 0 sockets, proto=IPPROTO_TCP, family=AF_INET6, states=14
01-31 16:17:52.364 14449 14583 D InetDiagMessage: Destroyed live tcp sockets for uids={10051, 10140, 10168, 10179, 10191, 10231, 10243, 10250, 10259, 10260, 10267, 10269, 10272, 10273, 10274, 10276, 10277, 10283, 10284, 10285, 10286, 10290, 10292, 10294, 10295, 10296, 10301, 10302, 10303, 10305, 10309, 10310, 10311, 10312, 10314, 10315, 10316, 10324, 10325, 10328, 10329, 10332, 10340, 10342, 10344, 10346, 10348, 10351, 10360, 10363, 10367, 10376, 10377, 10378, 10381, 20051, 20140, 20168, 20179, 20191, 20231, 20243, 20250, 20259, 20260, 20267, 20269, 20272, 20273, 20274, 20276, 20277, 20283, 20284, 20285, 20286, 20290, 20292, 20294, 20295, 20296, 20301, 20302, 20303, 20305, 20309, 20310, 20311, 20312, 20314, 20315, 20316, 20324, 20325, 20328, 20329, 20332, 20340, 20342, 20344, 20346, 20348, 20351, 20360, 20363, 20367, 20376, 20377, 20378, 20381, 1010140, 1010161, 1010183, 1010189, 1010191, 1010199, 1010205, 1020140, 1020161, 1020183, 1020189, 1020191, 1020199, 1020205} in 0ms
01-31 16:17:52.699  1694  1694 I vendor.qti.hardware.servicetrackeraidl-service: bindService is called for service : com.google.android.gms/.chimera.PersistentApiService and for client com.google.android.gms.persistent
01-31 16:17:52.699  1694  1694 I vendor.qti.hardware.servicetrackeraidl-service: total connections for service : com.google.android.gms/.chimera.PersistentApiServiceare :432
01-31 16:17:52.699  1694  1694 I vendor.qti.hardware.servicetrackeraidl-service: total connections for client : com.google.android.gms.persistentare :8
01-31 16:17:52.700 15252 15252 D BoundBrokerSvc: onRebind: Intent { act=com.google.android.gms.common.telemetry.service.START dat=chimera-action:/... xflg=0x4 cmp=com.google.android.gms/.chimera.PersistentApiService }
01-31 16:17:52.759 15461 15461 W dataInfoSend: type=1400 audit(0.0:48691469): avc:  denied  { bpf } for  capability=39  scontext=u:r:bpfloader:s0 tcontext=u:r:bpfloader:s0 tclass=capability2 permissive=0
01-31 16:17:52.759 15461 15461 W dataInfoSend: type=1400 audit(0.0:48691470): avc:  denied  { bpf } for  capability=39  scontext=u:r:bpfloader:s0 tcontext=u:r:bpfloader:s0 tclass=capability2 permissive=0
01-31 16:17:52.759 15461 15461 W dataInfoSend: type=1400 audit(0.0:48691471): avc:  denied  { bpf } for  capability=39  scontext=u:r:bpfloader:s0 tcontext=u:r:bpfloader:s0 tclass=capability2 permissive=0
01-31 16:17:52.759 15461 15461 W dataInfoSend: type=1400 audit(0.0:48691472): avc:  denied  { bpf } for  capability=39  scontext=u:r:bpfloader:s0 tcontext=u:r:bpfloader:s0 tclass=capability2 permissive=0
01-31 16:17:52.759 15461 15461 W dataInfoSend: type=1400 audit(0.0:48691473): avc:  denied  { bpf } for  capability=39  scontext=u:r:bpfloader:s0 tcontext=u:r:bpfloader:s0 tclass=capability2 permissive=0
01-31 16:17:52.427 27537 27537 W audit   : audit_lost=48597405 audit_rate_limit=5 audit_backlog_limit=64
01-31 16:17:52.427 27537 27537 E audit   : rate limit exceeded
01-31 16:17:52.998  1553 15462 I vendor.qti.bluetooth@1.1-ibs_handler: ProcessIbsCmd: Received IBS_WAKE_IND: 0xFD
01-31 16:17:52.998  1553 15462 D vendor.qti.bluetooth@1.1-ibs_handler: SerialClockVote: vote for UART CLK ON
01-31 16:17:52.999  1553 15462 D vendor.qti.bluetooth@1.1-wake_lock: Acquire wakelock is acquired 
01-31 16:17:52.999  1553 15462 I vendor.qti.bluetooth@1.1-ibs_handler: ProcessIbsCmd: Writing IBS_WAKE_ACK
01-31 16:17:53.043  1553 15462 I vendor.qti.bluetooth@1.1-ibs_handler: ProcessIbsCmd: Received IBS_SLEEP_IND: 0xFE
01-31 16:17:53.043  1553 15462 D vendor.qti.bluetooth@1.1-ibs_handler: SerialClockVote: vote for UART CLK OFF
01-31 16:17:52.720  2112  2112 E [binder][0x160336b1c04][10:47:53.057484] qca6750: [2112:E:DP] dp_request_rx_hw_stats: Stats already requested
01-31 16:17:52.720  2112  2112 E [binder][0x160336b2098][10:47:53.057545] qca6750: [2112:E:HDD] __wlan_hdd_cfg80211_stats_ext_request: Failed to get hw stats: 6
01-31 16:17:53.067  1553 15462 I vendor.qti.bluetooth@1.1-ibs_handler: ProcessIbsCmd: Received IBS_WAKE_IND: 0xFD
01-31 16:17:53.067  1553 15462 D vendor.qti.bluetooth@1.1-ibs_handler: SerialClockVote: vote for UART CLK ON
01-31 16:17:53.067  1553 15462 I vendor.qti.bluetooth@1.1-ibs_handler: ProcessIbsCmd: Writing IBS_WAKE_ACK
01-31 16:17:53.069  1592 14745 I WifiHAL : event received NL80211_CMD_VENDOR, vendor_id = 0x1374, subcmd = 0xd
01-31 16:17:53.070  2173  2173 I cnss-daemon: nl80211 response handler invoked
01-31 16:17:53.070  2173  2173 I cnss-daemon: nl80211_response_handler: cmd 103, vendorID 4980, subcmd 13  received
01-31 16:17:53.129  1553 15462 I vendor.qti.bluetooth@1.1-ibs_handler: ProcessIbsCmd: Received IBS_SLEEP_IND: 0xFE
01-31 16:17:53.129  1553 15462 D vendor.qti.bluetooth@1.1-ibs_handler: SerialClockVote: vote for UART CLK OFF
01-31 16:17:53.129  1553 15462 I vendor.qti.bluetooth@1.1-ibs_handler: ProcessIbsCmd: Received IBS_WAKE_IND: 0xFD
01-31 16:17:53.129  1553 15462 D vendor.qti.bluetooth@1.1-ibs_handler: SerialClockVote: vote for UART CLK ON
01-31 16:17:53.129  1553 15462 I vendor.qti.bluetooth@1.1-ibs_handler: ProcessIbsCmd: Writing IBS_WAKE_ACK
01-31 16:17:53.170  1553 15462 I vendor.qti.bluetooth@1.1-ibs_handler: ProcessIbsCmd: Received IBS_SLEEP_IND: 0xFE
01-31 16:17:53.171  1553 15462 D vendor.qti.bluetooth@1.1-ibs_handler: SerialClockVote: vote for UART CLK OFF
01-31 16:17:52.851 29607 29607 I BATTERY_CHG: nt_update_status_function_work: vwls:0,vusbin:4000
01-31 16:17:52.851 29607 29607 E BATTERY_CHG: nt_update_status_function_work: chg_wake relax
01-31 16:17:53.322  1553 15305 D vendor.qti.bluetooth@1.1-wake_lock: Release wakelock is released 
01-31 16:17:53.334  2604 31989 W adbd    : timed out while waiting for FUNCTIONFS_BIND, trying again
01-31 16:17:53.334  2604 31989 I adbd    : UsbFfs: connection terminated: monitor thread finished
01-31 16:17:53.354  1580  2635 I libusbconfigfs: event=1 on fd=6
01-31 16:17:53.354  2604  2632 I adbd    : opening control endpoint /dev/usb-ffs/adb/ep0
01-31 16:17:53.355  1580  2635 I libusbconfigfs: event=1 on fd=6
01-31 16:17:53.017  2632  2632 I         : read descriptors
01-31 16:17:53.018  2632  2632 I         : read strings
01-31 16:17:53.070  3397  3397 I [dp_rx_][0x16033d1bd90][10:47:53.407799] qca6750: [3397:I:QDF] DHCP-R RX: SA:82:8c:66:**:**:88 DA:ff:ff:ff:**:**:ff
01-31 16:17:53.563 16270 17655 D BluetoothAdapter: isLeEnabled(): ON
01-31 16:17:53.569  1553  1553 D vendor.qti.bluetooth@1.1-ibs_handler: SerialClockVote: vote for UART CLK ON
01-31 16:17:53.571  1553  1553 D vendor.qti.bluetooth@1.1-wake_lock: Acquire wakelock is acquired 
01-31 16:17:53.571  1553  1553 I vendor.qti.bluetooth@1.1-ibs_handler: DeviceWakeUp: Writing IBS_WAKE_IND
01-31 16:17:53.571 16270 17655 D BluetoothGatt: connect() - device: XX:XX:XX:XX:62:FA, auto: false, eattSupport: false
01-31 16:17:53.571 16270 17655 D BluetoothGatt: registerApp()
01-31 16:17:53.571 16270 17655 D BluetoothGatt: registerApp() - UUID=456043f1-f709-4b2f-ab44-5ecdb9dc0b0e
01-31 16:17:53.573 16270  9194 D BluetoothGatt: onClientRegistered() - status=0 clientIf=125
01-31 16:17:53.580  1553 15462 I vendor.qti.bluetooth@1.1-ibs_handler: ProcessIbsCmd: Received IBS_WAKE_ACK: 0xFC
01-31 16:17:53.580  1553 15462 I vendor.qti.bluetooth@1.1-ibs_handler: ProcessIbsCmd: Signal wack_cond_
01-31 16:17:53.580  1553  1553 D vendor.qti.bluetooth@1.1-ibs_handler: DeviceWakeUp: Unblocked from waiting for FC, pthread_cond_timedwait ret = 0
01-31 16:17:53.581  1553 15462 I vendor.qti.bluetooth@1.1-ibs_handler: ProcessIbsCmd: Received IBS_WAKE_IND: 0xFD
01-31 16:17:53.581  1553 15462 I vendor.qti.bluetooth@1.1-ibs_handler: ProcessIbsCmd: Writing IBS_WAKE_ACK
01-31 16:17:53.276  3397  3397 I [dp_rx_][0x160340e0842][10:47:53.613595] qca6750: [3397:I:QDF] DHCP-R RX: SA:c0:3c:59:**:**:e5 DA:ff:ff:ff:**:**:ff
01-31 16:17:53.630  1553 15462 I vendor.qti.bluetooth@1.1-ibs_handler: ProcessIbsCmd: Received IBS_SLEEP_IND: 0xFE
01-31 16:17:53.807 15461 15461 W dataInfoSend: type=1400 audit(0.0:48694376): avc:  denied  { bpf } for  capability=39  scontext=u:r:bpfloader:s0 tcontext=u:r:bpfloader:s0 tclass=capability2 permissive=0
01-31 16:17:53.807 15461 15461 W dataInfoSend: type=1400 audit(0.0:48694377): avc:  denied  { bpf } for  capability=39  scontext=u:r:bpfloader:s0 tcontext=u:r:bpfloader:s0 tclass=capability2 permissive=0
01-31 16:17:53.807 15461 15461 W dataInfoSend: type=1400 audit(0.0:48694378): avc:  denied  { bpf } for  capability=39  scontext=u:r:bpfloader:s0 tcontext=u:r:bpfloader:s0 tclass=capability2 permissive=0
01-31 16:17:53.807 15461 15461 W dataInfoSend: type=1400 audit(0.0:48694379): avc:  denied  { bpf } for  capability=39  scontext=u:r:bpfloader:s0 tcontext=u:r:bpfloader:s0 tclass=capability2 permissive=0
01-31 16:17:53.807 15461 15461 W dataInfoSend: type=1400 audit(0.0:48694380): avc:  denied  { bpf } for  capability=39  scontext=u:r:bpfloader:s0 tcontext=u:r:bpfloader:s0 tclass=capability2 permissive=0
01-31 16:17:53.473 27537 27537 W audit   : audit_lost=48600307 audit_rate_limit=5 audit_backlog_limit=64
01-31 16:17:53.473 27537 27537 E audit   : rate limit exceeded
01-31 16:17:53.479  3397  3397 I [dp_rx_][0x1603449ab57][10:47:53.817156] qca6750: [3397:I:QDF] DHCP-R RX: SA:44:38:e8:**:**:2a DA:ff:ff:ff:**:**:ff
01-31 16:17:53.524  2635  2635 I msm-dwc3 a600000.ssusb: DWC3 exited from low power mode
01-31 16:17:53.525  2635  2635 I eusb2-repeater c42d000.qcom,spmi: qcom,pmiv0104@8:eusb2-repeater@fd00: eUSB2 repeater status:OK
01-31 16:17:53.530  2635  2635 I dwc3 a600000.dwc3: Set IRQ thread:irq/268-dwc3 pid:32000 to SCHED_NORMAL prio
01-31 16:17:53.875  1580  2635 I libusbconfigfs: GADGET pulled up
01-31 16:17:53.875  1580  2635 I libusbconfigfs: event=1 on fd=6
01-31 16:17:53.539 31713 31713 I android_work: did not send uevent (0 0 0000000000000000)
01-31 16:17:53.539 31713 31713 I msm_eusb2_phy 88e3000.hsphy: Avail curr from USB = 0
01-31 16:17:53.787  3397  3397 I [dp_rx_][0x16034a3aa9d][10:47:54.124346] qca6750: [3397:I:QDF] DHCP-R RX: SA:72:b3:9a:**:**:2f DA:ff:ff:ff:**:**:ff
01-31 16:17:54.180 14449 14575 D NtCharge: tlast_minute =42
01-31 16:17:53.993  3397  3397 I [dp_rx_][0x16034e0065e][10:47:54.330369] qca6750: [3397:I:QDF] DHCP-R RX: SA:50:c2:e8:**:**:19 DA:ff:ff:ff:**:**:ff
01-31 16:17:54.590  1553 15465 I vendor.qti.bluetooth@1.1-ibs_handler: DeviceSleep: TX Awake, Sending SLEEP_IND
01-31 16:17:54.590  1553 15465 D vendor.qti.bluetooth@1.1-ibs_handler: SerialClockVote: vote for UART CLK OFF
01-31 16:17:54.741  1553 15305 D vendor.qti.bluetooth@1.1-wake_lock: Release wakelock is released 
01-31 16:17:54.823 15461 15461 W dataInfoSend: type=1400 audit(0.0:48697283): avc:  denied  { bpf } for  capability=39  scontext=u:r:bpfloader:s0 tcontext=u:r:bpfloader:s0 tclass=capability2 permissive=0
01-31 16:17:54.823 15461 15461 W dataInfoSend: type=1400 audit(0.0:48697284): avc:  denied  { bpf } for  capability=39  scontext=u:r:bpfloader:s0 tcontext=u:r:bpfloader:s0 tclass=capability2 permissive=0
01-31 16:17:54.823 15461 15461 W dataInfoSend: type=1400 audit(0.0:48697285): avc:  denied  { bpf } for  capability=39  scontext=u:r:bpfloader:s0 tcontext=u:r:bpfloader:s0 tclass=capability2 permissive=0
01-31 16:17:54.823 15461 15461 W dataInfoSend: type=1400 audit(0.0:48697286): avc:  denied  { bpf } for  capability=39  scontext=u:r:bpfloader:s0 tcontext=u:r:bpfloader:s0 tclass=capability2 permissive=0
01-31 16:17:54.823 15461 15461 W dataInfoSend: type=1400 audit(0.0:48697287): avc:  denied  { bpf } for  capability=39  scontext=u:r:bpfloader:s0 tcontext=u:r:bpfloader:s0 tclass=capability2 permissive=0
01-31 16:17:54.490 27537 27537 W audit   : audit_lost=48603209 audit_rate_limit=5 audit_backlog_limit=64
01-31 16:17:54.490 27537 27537 E audit   : rate limit exceeded
01-31 16:17:54.548  1564  1564 E healthd : battery l=33 v=3814 t=23.0 h=2 st=3 c=-183110 fc=4566000 cc=256 chg=
01-31 16:17:54.549 31713 31713 I msm-dwc3 a600000.ssusb: DWC3 in low power mode
01-31 16:17:54.566  1564  1564 W HealthLoop: debug.tracing.screen_brightness:2.982044
01-31 16:17:54.723  2112  2112 E [binder][0x16035b603f2][10:47:55.060790] qca6750: [2112:E:DP] dp_request_rx_hw_stats: Stats already requested
01-31 16:17:54.723  2112  2112 E [binder][0x16035b608fc][10:47:55.060857] qca6750: [2112:E:HDD] __wlan_hdd_cfg80211_stats_ext_request: Failed to get hw stats: 6
01-31 16:17:55.073  1592 14745 I WifiHAL : event received NL80211_CMD_VENDOR, vendor_id = 0x1374, subcmd = 0xd
01-31 16:17:55.073  2173  2173 I cnss-daemon: nl80211 response handler invoked
01-31 16:17:55.073  2173  2173 I cnss-daemon: nl80211_response_handler: cmd 103, vendorID 4980, subcmd 13  received
01-31 16:17:55.150 14449 14485 D UsbDeviceManager: Clear notification
01-31 16:17:55.158 14449 14498 V GrammaticalInflectionUtils: AttributionSource: android.content.AttributionSource@7cc566a6 does not have READ_SYSTEM_GRAMMATICAL_GENDER permission.
01-31 16:17:55.165 14944 15111 I Tethering: USB bcast connected:false configured:false rndis:false ncm:false
01-31 16:17:55.170 15189 15189 I NotificationListener: received notification removed event - android#UserHandle{-1},category=-1
01-31 16:17:55.182 14283 14283 D Zygote  : Forked child process 32002
01-31 16:17:55.182 14449 14499 I ActivityManager: Start proc 32002:android.process.media/u0a73 for broadcast {com.android.mtp/com.android.mtp.MtpReceiver}
01-31 16:17:55.183 14449 14499 I ActivityManager: ProcessObserver broadcast disabled
01-31 16:17:55.206 32002 32002 I d.process.media: Using CollectorTypeCMC GC.
01-31 16:17:55.206 14772 18878 D BatteryChargeManager2: isPdPps: Unknown
01-31 16:17:55.207 14772 18878 D BatteryChargeManager2: handleStateChange: new level: 2500 last level: 2500
01-31 16:17:55.212 32002 32002 D nativeloader: Load libframework-connectivity-tiramisu-jni.so using APEX ns com_android_tethering for caller /apex/com.android.tethering/javalib/framework-connectivity-t.jar: ok
01-31 16:17:55.216 14449 14743 D CompatibilityInfo: mCompatibilityFlags - 0
01-31 16:17:55.217 14449 14743 D CompatibilityInfo: applicationDensity - 420
01-31 16:17:55.217 14449 14743 D CompatibilityInfo: applicationScale - 1.0
01-31 16:17:55.218 14449 14743 D OomAdjuster: process : android.process.media, pid = 32002, isTop = false, uid = 10073, hasActivity = false
01-31 16:17:55.218 14449 14743 D OomAdjuster: system app not need limit!
01-31 16:17:55.219 15986 16271 V OsAgent : broadcastSystemEvent - 7
01-31 16:17:55.223 32002 32002 D nativeloader: Load libstats_jni.so using APEX ns com_android_os_statsd for caller /apex/com.android.os.statsd/javalib/framework-statsd.jar: ok
01-31 16:17:55.235 32002 32002 D nativeloader: Configuring clns-shared-9 for other apk /system/priv-app/MtpService/MtpService.apk. target_sdk_version=36, uses_libraries=, library_path=/system/priv-app/MtpService/lib/arm64:/system/lib64:/system_ext/lib64, permitted_path=/data:/mnt/expand:/data/user/0/com.android.mtp:/system/priv-app/MtpService:/system/lib64:/system_ext/lib64
01-31 16:17:55.239 32002 32002 I d.process.media: AssetManager2(0xb400007190358178) locale list changing from [] to [en-GB]
01-31 16:17:55.241 32002 32002 I Perf    : Connecting to perf service.
01-31 16:17:55.244 32002 32002 V GraphicsEnvironment: Currently set values for:
01-31 16:17:55.244 32002 32002 V GraphicsEnvironment:   angle_gl_driver_selection_pkgs=[com.android.angle, com.linecorp.b612.android, com.campmobile.snow, com.google.android.apps.tachyon]
01-31 16:17:55.244 32002 32002 V GraphicsEnvironment:   angle_gl_driver_selection_values=[angle, native, native, native]
01-31 16:17:55.244 32002 32002 V GraphicsEnvironment: com.android.mtp is not listed in per-application setting
01-31 16:17:55.244 32002 32002 V GraphicsEnvironment: ANGLE allowlist from config: 
01-31 16:17:55.244 32002 32002 V GraphicsEnvironment: com.android.mtp is not listed in ANGLE allowlist or settings, returning default
01-31 16:17:55.244 32002 32002 V GraphicsEnvironment: Neither updatable production driver nor prerelease driver is supported.
01-31 16:17:55.251 32002 32002 E ashmem  : Pinning is deprecated since Android Q. Please use trim or other methods.
01-31 16:17:55.259 32002 32002 I d.process.media: AssetManager2(0xb40000719035b058) locale list changing from [] to [en-GB]
01-31 16:17:55.263 32002 32002 D nativeloader: Configuring clns-shared-10 for other apk /system/priv-app/DownloadProvider/DownloadProvider.apk. target_sdk_version=36, uses_libraries=, library_path=/system/priv-app/DownloadProvider/lib/arm64:/system/lib64:/system_ext/lib64, permitted_path=/data:/mnt/expand:/data/user/0/com.android.providers.downloads:/system/priv-app/DownloadProvider:/system/lib64:/system_ext/lib64
01-31 16:17:55.269 32002 32002 D DownloadManager: DownloadProvider onCreate: grantAllDownloadsPermission start packageName=com.linkedin.android id=331
01-31 16:17:55.270 32002 32002 D DownloadManager: DownloadProvider onCreate: grantAllDownloadsPermission end packageName=com.linkedin.android id=331
01-31 16:17:55.270 32002 32002 D DownloadManager: DownloadProvider onCreate: grantAllDownloadsPermission start packageName=com.android.localtransport id=441
01-31 16:17:55.271 32002 32002 D DownloadManager: DownloadProvider onCreate: grantAllDownloadsPermission end packageName=com.android.localtransport id=441
01-31 16:17:55.271 32002 32002 D DownloadManager: DownloadProvider onCreate: grantAllDownloadsPermission start packageName=com.android.localtransport id=442
01-31 16:17:55.271 32002 32002 D DownloadManager: DownloadProvider onCreate: grantAllDownloadsPermission end packageName=com.android.localtransport id=442
01-31 16:17:55.271 32002 32002 D DownloadManager: DownloadProvider onCreate: grantAllDownloadsPermission start packageName=com.android.localtransport id=443
01-31 16:17:55.272 32002 32002 D DownloadManager: DownloadProvider onCreate: grantAllDownloadsPermission end packageName=com.android.localtransport id=443
01-31 16:17:55.272 32002 32002 D DownloadManager: DownloadProvider onCreate: grantAllDownloadsPermission start packageName=com.android.localtransport id=446
01-31 16:17:55.272 32002 32002 D DownloadManager: DownloadProvider onCreate: grantAllDownloadsPermission end packageName=com.android.localtransport id=446
01-31 16:17:55.272 32002 32002 D DownloadManager: DownloadProvider onCreate: grantAllDownloadsPermission start packageName=com.android.localtransport id=449
01-31 16:17:55.273 32002 32002 D DownloadManager: DownloadProvider onCreate: grantAllDownloadsPermission end packageName=com.android.localtransport id=449
01-31 16:17:55.273 32002 32002 D DownloadManager: DownloadProvider onCreate: grantAllDownloadsPermission start packageName=com.android.localtransport id=450
01-31 16:17:55.273  1678  1825 I SDM     : DisplayBase::CommitThread: Received idle timeout, panel: video, timeout: 70000 us
01-31 16:17:55.273 32002 32002 D DownloadManager: DownloadProvider onCreate: grantAllDownloadsPermission end packageName=com.android.localtransport id=450
01-31 16:17:55.273 32002 32002 D DownloadManager: DownloadProvider onCreate: grantAllDownloadsPermission start packageName=com.android.localtransport id=451
01-31 16:17:55.274 32002 32002 D DownloadManager: DownloadProvider onCreate: grantAllDownloadsPermission end packageName=com.android.localtransport id=451
01-31 16:17:55.274 32002 32002 D DownloadManager: DownloadProvider onCreate: grantAllDownloadsPermission start packageName=com.android.localtransport id=452
01-31 16:17:55.274 32002 32002 D DownloadManager: DownloadProvider onCreate: grantAllDownloadsPermission end packageName=com.android.localtransport id=452
01-31 16:17:55.274 32002 32002 D DownloadManager: DownloadProvider onCreate: grantAllDownloadsPermission start packageName=com.android.localtransport id=453
01-31 16:17:55.274 32002 32002 D DownloadManager: DownloadProvider onCreate: grantAllDownloadsPermission end packageName=com.android.localtransport id=453
01-31 16:17:55.274 32002 32002 D DownloadManager: DownloadProvider onCreate: grantAllDownloadsPermission start packageName=com.android.localtransport id=454
01-31 16:17:55.275 32002 32002 D DownloadManager: DownloadProvider onCreate: grantAllDownloadsPermission end packageName=com.android.localtransport id=454
01-31 16:17:55.275 32002 32002 D DownloadManager: DownloadProvider onCreate: grantAllDownloadsPermission start packageName=com.android.localtransport id=455
01-31 16:17:55.275 32002 32002 D DownloadManager: DownloadProvider onCreate: grantAllDownloadsPermission end packageName=com.android.localtransport id=455
01-31 16:17:55.275 32002 32002 D DownloadManager: DownloadProvider onCreate: grantAllDownloadsPermission start packageName=com.android.localtransport id=456
01-31 16:17:55.275 32002 32002 D DownloadManager: DownloadProvider onCreate: grantAllDownloadsPermission end packageName=com.android.localtransport id=456
01-31 16:17:55.275 32002 32002 D DownloadManager: DownloadProvider onCreate: grantAllDownloadsPermission start packageName=com.android.localtransport id=507
01-31 16:17:55.276 32002 32002 D DownloadManager: DownloadProvider onCreate: grantAllDownloadsPermission end packageName=com.android.localtransport id=507
01-31 16:17:55.276 32002 32002 D DownloadManager: DownloadProvider onCreate: grantAllDownloadsPermission start packageName=com.android.localtransport id=508
01-31 16:17:55.276 32002 32002 D DownloadManager: DownloadProvider onCreate: grantAllDownloadsPermission end packageName=com.android.localtransport id=508
01-31 16:17:55.276 32002 32002 D DownloadManager: DownloadProvider onCreate: grantAllDownloadsPermission start packageName=com.android.localtransport id=509
01-31 16:17:55.277 32002 32002 D DownloadManager: DownloadProvider onCreate: grantAllDownloadsPermission end packageName=com.android.localtransport id=509
01-31 16:17:55.277 32002 32002 D DownloadManager: DownloadProvider onCreate: grantAllDownloadsPermission start packageName=com.openai.chatgpt id=510
01-31 16:17:55.277 32002 32002 D DownloadManager: DownloadProvider onCreate: grantAllDownloadsPermission end packageName=com.openai.chatgpt id=510
01-31 16:17:55.277 32002 32002 D DownloadManager: DownloadProvider onCreate: grantAllDownloadsPermission start packageName=com.openai.chatgpt id=511
01-31 16:17:55.277 32002 32002 D DownloadManager: DownloadProvider onCreate: grantAllDownloadsPermission end packageName=com.openai.chatgpt id=511
01-31 16:17:55.277 32002 32002 D DownloadManager: DownloadProvider onCreate: grantAllDownloadsPermission start packageName=com.openai.chatgpt id=512
01-31 16:17:55.278 32002 32002 D DownloadManager: DownloadProvider onCreate: grantAllDownloadsPermission end packageName=com.openai.chatgpt id=512
01-31 16:17:55.278 32002 32002 D DownloadManager: DownloadProvider onCreate: grantAllDownloadsPermission start packageName=com.android.localtransport id=513
01-31 16:17:55.278 32002 32002 D DownloadManager: DownloadProvider onCreate: grantAllDownloadsPermission end packageName=com.android.localtransport id=513
01-31 16:17:55.278 32002 32002 D DownloadManager: DownloadProvider onCreate: grantAllDownloadsPermission start packageName=com.android.localtransport id=514
01-31 16:17:55.279 32002 32002 D DownloadManager: DownloadProvider onCreate: grantAllDownloadsPermission end packageName=com.android.localtransport id=514
01-31 16:17:55.279 32002 32002 D DownloadManager: DownloadProvider onCreate: grantAllDownloadsPermission start packageName=com.android.localtransport id=515
01-31 16:17:55.279 32002 32002 D DownloadManager: DownloadProvider onCreate: grantAllDownloadsPermission end packageName=com.android.localtransport id=515
01-31 16:17:55.279 32002 32002 D DownloadManager: DownloadProvider onCreate: grantAllDownloadsPermission start packageName=com.android.localtransport id=516
01-31 16:17:55.279 32002 32002 D DownloadManager: DownloadProvider onCreate: grantAllDownloadsPermission end packageName=com.android.localtransport id=516
01-31 16:17:55.279 32002 32002 D DownloadManager: DownloadProvider onCreate: grantAllDownloadsPermission start packageName=com.android.localtransport id=517
01-31 16:17:55.280 32002 32002 D DownloadManager: DownloadProvider onCreate: grantAllDownloadsPermission end packageName=com.android.localtransport id=517
01-31 16:17:55.285 32002 32002 I d.process.media: AssetManager2(0xb400007190359a78) locale list changing from [] to [en-GB]
01-31 16:17:55.290 32002 32002 D nativeloader: Configuring clns-shared-11 for other apk /system/priv-app/MediaProviderLegacy/MediaProviderLegacy.apk. target_sdk_version=36, uses_libraries=, library_path=/system/priv-app/MediaProviderLegacy/lib/arm64:/system/lib64:/system_ext/lib64, permitted_path=/data:/mnt/expand:/data/user/0/com.android.providers.media:/system/priv-app/MediaProviderLegacy:/system/lib64:/system_ext/lib64
