01-31 16:20:31.338 15252 31594 W aomt    : 	at gtzn.q(:com.google.android.gms@255034035@25.50.34 (260400-855735097):13)
01-31 16:20:31.338 15252 31594 W aomt    : 	at gtzf.run(:com.google.android.gms@255034035@25.50.34 (260400-855735097):120)
01-31 16:20:31.338 15252 31594 W aomt    : 	at gubm.execute(:com.google.android.gms@255034035@25.50.34 (260400-855735097):1)
01-31 16:20:31.338 15252 31594 W aomt    : 	at gtzn.f(:com.google.android.gms@255034035@25.50.34 (260400-855735097):1)
01-31 16:20:31.338 15252 31594 W aomt    : 	at gtzn.m(:com.google.android.gms@255034035@25.50.34 (260400-855735097):99)
01-31 16:20:31.338 15252 31594 W aomt    : 	at gtzn.q(:com.google.android.gms@255034035@25.50.34 (260400-855735097):13)
01-31 16:20:31.338 15252 31594 W aomt    : 	at gtzz.e(:com.google.android.gms@255034035@25.50.34 (260400-855735097):1)
01-31 16:20:31.338 15252 31594 W aomt    : 	at guaa.run(:com.google.android.gms@255034035@25.50.34 (260400-855735097):44)
01-31 16:20:31.338 15252 31594 W aomt    : 	at gubm.execute(:com.google.android.gms@255034035@25.50.34 (260400-855735097):1)
01-31 16:20:31.338 15252 31594 W aomt    : 	at gtzn.f(:com.google.android.gms@255034035@25.50.34 (260400-855735097):1)
01-31 16:20:31.338 15252 31594 W aomt    : 	at gtzn.m(:com.google.android.gms@255034035@25.50.34 (260400-855735097):99)
01-31 16:20:31.338 15252 31594 W aomt    : 	at gtzn.q(:com.google.android.gms@255034035@25.50.34 (260400-855735097):13)
01-31 16:20:31.338 15252 31594 W aomt    : 	at gtzf.run(:com.google.android.gms@255034035@25.50.34 (260400-855735097):120)
01-31 16:20:31.338 15252 31594 W aomt    : 	at gubm.execute(:com.google.android.gms@255034035@25.50.34 (260400-855735097):1)
01-31 16:20:31.338 15252 31594 W aomt    : 	at gtzn.f(:com.google.android.gms@255034035@25.50.34 (260400-855735097):1)
01-31 16:20:31.338 15252 31594 W aomt    : 	at gtzn.m(:com.google.android.gms@255034035@25.50.34 (260400-855735097):99)
01-31 16:20:31.338 15252 31594 W aomt    : 	at gtzn.q(:com.google.android.gms@255034035@25.50.34 (260400-855735097):13)
01-31 16:20:31.338 15252 31594 W aomt    : 	at gtzz.e(:com.google.android.gms@255034035@25.50.34 (260400-855735097):1)
01-31 16:20:31.338 15252 31594 W aomt    : 	at guaa.run(:com.google.android.gms@255034035@25.50.34 (260400-855735097):44)
01-31 16:20:31.338 15252 31594 W aomt    : 	at gubm.execute(:com.google.android.gms@255034035@25.50.34 (260400-855735097):1)
01-31 16:20:31.338 15252 31594 W aomt    : 	at gtzn.f(:com.google.android.gms@255034035@25.50.34 (260400-855735097):1)
01-31 16:20:31.338 15252 31594 W aomt    : 	at gtzn.m(:com.google.android.gms@255034035@25.50.34 (260400-855735097):99)
01-31 16:20:31.338 15252 31594 W aomt    : 	at gtzn.t(:com.google.android.gms@255034035@25.50.34 (260400-855735097):26)
01-31 16:20:31.338 15252 31594 W aomt    : 	at gucj.run(:com.google.android.gms@255034035@25.50.34 (260400-855735097):5)
01-31 16:20:31.338 15252 31594 W aomt    : 	at gubm.execute(:com.google.android.gms@255034035@25.50.34 (260400-855735097):1)
01-31 16:20:31.338 15252 31594 W aomt    : 	at gtzn.f(:com.google.android.gms@255034035@25.50.34 (260400-855735097):1)
01-31 16:20:31.338 15252 31594 W aomt    : 	at gtzn.m(:com.google.android.gms@255034035@25.50.34 (260400-855735097):99)
01-31 16:20:31.338 15252 31594 W aomt    : 	at gtzn.t(:com.google.android.gms@255034035@25.50.34 (260400-855735097):26)
01-31 16:20:31.338 15252 31594 W aomt    : 	at gtzy.e(:com.google.android.gms@255034035@25.50.34 (260400-855735097):3)
01-31 16:20:31.338 15252 31594 W aomt    : 	at guaa.run(:com.google.android.gms@255034035@25.50.34 (260400-855735097):44)
01-31 16:20:31.338 15252 31594 W aomt    : 	at gudp.run(:com.google.android.gms@255034035@25.50.34 (260400-855735097):64)
01-31 16:20:31.338 15252 31594 W aomt    : 	... 6 more
01-31 16:20:31.339 21435 21435 D BoundBrokerSvc: onBind: Intent { act=com.google.android.gms.wallet.service.BIND xflg=0x4 pkg=com.google.android.gms }
01-31 16:20:31.339 21435 21435 D BoundBrokerSvc: Loading bound service for intent: Intent { act=com.google.android.gms.wallet.service.BIND xflg=0x4 pkg=com.google.android.gms }
01-31 16:20:31.340  1694  1694 I vendor.qti.hardware.servicetrackeraidl-service: bindService is called for service : com.google.android.gms/.chimera.PersistentBoundBrokerService and for client com.google.android.gms.persistent
01-31 16:20:31.340  1694  1694 I vendor.qti.hardware.servicetrackeraidl-service: total connections for service : com.google.android.gms/.chimera.PersistentBoundBrokerServiceare :32
01-31 16:20:31.340  1694  1694 I vendor.qti.hardware.servicetrackeraidl-service: total connections for client : com.google.android.gms.persistentare :10
01-31 16:20:31.343  1694  1694 I vendor.qti.hardware.servicetrackeraidl-service: bindService is called for service : com.google.android.gms/.chimera.GmsApiService and for client com.google.android.gms.persistent
01-31 16:20:31.343  1694  1694 I vendor.qti.hardware.servicetrackeraidl-service: total connections for service : com.google.android.gms/.chimera.GmsApiServiceare :3
01-31 16:20:31.343  1694  1694 I vendor.qti.hardware.servicetrackeraidl-service: total connections for client : com.google.android.gms.persistentare :10
01-31 16:20:31.354 14449 14564 D OomAdjuster: process : com.google.android.gms.ui, pid = 20416, isTop = false, uid = 10151, hasActivity = false
01-31 16:20:31.354 14449 14564 D OomAdjuster: process : com.google.android.gms.ui is not top!
01-31 16:20:31.356 14449 14564 D ActivityManager: sync unfroze 20416 com.google.android.gms.ui for 6
01-31 16:20:31.364 15252 32594 I PasswordSaveInfoFactory: Form has a username and is not a password only form. [CONTEXT service_id=177 ]
01-31 16:20:31.364  1694  1694 I vendor.qti.hardware.servicetrackeraidl-service: bindService is called for service : com.google.android.gms/.auth.be.appcert.AppCertService and for client com.google.android.gms.persistent
01-31 16:20:31.364  1694  1694 I vendor.qti.hardware.servicetrackeraidl-service: total connections for service : com.google.android.gms/.auth.be.appcert.AppCertServiceare :1
01-31 16:20:31.364  1694  1694 I vendor.qti.hardware.servicetrackeraidl-service: total connections for client : com.google.android.gms.persistentare :11
01-31 16:20:31.366 15252 32594 I PasswordSaveInfoFactory: Form is not a password only form. [CONTEXT service_id=177 ]
01-31 16:20:31.367  1694  1694 I vendor.qti.hardware.servicetrackeraidl-service: bindService is called for service : com.google.android.gms/.chimera.PersistentApiService and for client com.google.android.gms
01-31 16:20:31.367  1694  1694 I vendor.qti.hardware.servicetrackeraidl-service: total connections for service : com.google.android.gms/.chimera.PersistentApiServiceare :431
01-31 16:20:31.367  1694  1694 I vendor.qti.hardware.servicetrackeraidl-service: total connections for client : com.google.android.gmsare :8
01-31 16:20:31.368 15252 32594 I UsernameSaveInfoFactory: Form has a password and is not a username only form. [CONTEXT service_id=177 ]
01-31 16:20:31.371  1694  1694 I vendor.qti.hardware.servicetrackeraidl-service: bindService is called for service : com.google.android.gms/.chimera.PersistentApiService and for client com.google.android.gms
01-31 16:20:31.371  1694  1694 I vendor.qti.hardware.servicetrackeraidl-service: total connections for service : com.google.android.gms/.chimera.PersistentApiServiceare :431
01-31 16:20:31.371  1694  1694 I vendor.qti.hardware.servicetrackeraidl-service: total connections for client : com.google.android.gmsare :8
01-31 16:20:31.373  1694  1694 I vendor.qti.hardware.servicetrackeraidl-service: bindService is called for service : com.google.android.gms/.chimera.GmsApiService and for client com.google.android.gms.ui
01-31 16:20:31.373  1694  1694 I vendor.qti.hardware.servicetrackeraidl-service: total connections for service : com.google.android.gms/.chimera.GmsApiServiceare :4
01-31 16:20:31.373  1694  1694 I vendor.qti.hardware.servicetrackeraidl-service: total connections for client : com.google.android.gms.uiare :3
01-31 16:20:31.376  1694  1694 I vendor.qti.hardware.servicetrackeraidl-service: bindService is called for service : com.google.android.gms/.auth.GetToken and for client com.google.android.gms.persistent
01-31 16:20:31.377  1694  1694 I vendor.qti.hardware.servicetrackeraidl-service: total connections for service : com.google.android.gms/.auth.GetTokenare :1
01-31 16:20:31.377  1694  1694 I vendor.qti.hardware.servicetrackeraidl-service: total connections for client : com.google.android.gms.persistentare :12
01-31 16:20:31.382  1553 15462 I vendor.qti.bluetooth@1.1-ibs_handler: ProcessIbsCmd: Received IBS_SLEEP_IND: 0xFE
01-31 16:20:31.382  1553 15462 D vendor.qti.bluetooth@1.1-ibs_handler: SerialClockVote: vote for UART CLK OFF
01-31 16:20:31.388 21435 18877 I SyncManager: (REDACTED) Executing sync(type=%s%s)
01-31 16:20:31.392  2025 15334 D StNfcHal: (#05701) Rx 6f 02 27 (hidden)
01-31 16:20:31.392  2025 15333 D StNfcHal: HalStopTimer 
01-31 16:20:31.399 21435 18877 I SyncManager: (REDACTED) Executing sync(type=%s) finished in %s
01-31 16:20:31.400  1694  1694 I vendor.qti.hardware.servicetrackeraidl-service: bindService is called for service : com.google.android.gms/.chimera.PersistentApiService and for client com.google.android.gms.persistent
01-31 16:20:31.400  1694  1694 I vendor.qti.hardware.servicetrackeraidl-service: total connections for service : com.google.android.gms/.chimera.PersistentApiServiceare :432
01-31 16:20:31.400  1694  1694 I vendor.qti.hardware.servicetrackeraidl-service: total connections for client : com.google.android.gms.persistentare :12
01-31 16:20:31.403 21435 18877 I SyncManager: (REDACTED) Executing sync(type=%s%s)
01-31 16:20:31.406 21435 18877 I SyncManager: (REDACTED) Executing sync(type=%s) finished in %s
01-31 16:20:31.407 21435 18877 I SyncManager: (REDACTED) Executing sync(type=%s%s)
01-31 16:20:31.411 21435 18877 I SyncManager: (REDACTED) Executing sync(type=%s) finished in %s
01-31 16:20:31.415 21435 18877 I SyncManager: (REDACTED) Executing sync(type=%s%s)
01-31 16:20:31.418 21435 18877 I SyncManager: (REDACTED) Executing sync(type=%s) finished in %s
01-31 16:20:31.420 21435 18877 I SyncManager: (REDACTED) Executing sync(type=%s%s)
01-31 16:20:31.423  2173  2173 I cnss-daemon: nl80211 response handler invoked
01-31 16:20:31.424  2173  2173 I cnss-daemon: nl80211_response_handler: cmd 103, vendorID 4980, subcmd 13  received
01-31 16:20:31.084  2112  2112 E [binder][0x160e8a6fc69][10:50:31.422076] qca6750: [2112:E:DP] dp_request_rx_hw_stats: Stats already requested
01-31 16:20:31.084  2112  2112 E [binder][0x160e8a6fe97][10:50:31.422105] qca6750: [2112:E:HDD] __wlan_hdd_cfg80211_stats_ext_request: Failed to get hw stats: 6
01-31 16:20:31.424 21435 18877 I SyncManager: (REDACTED) Executing sync(type=%s) finished in %s
01-31 16:20:31.424  1592 14745 I WifiHAL : event received NL80211_CMD_VENDOR, vendor_id = 0x1374, subcmd = 0xd
01-31 16:20:31.431 21435 18877 I SyncManager: (REDACTED) Executing sync(type=%s%s)
01-31 16:20:31.433 21435 18877 I SyncManager: (REDACTED) Executing sync(type=%s) finished in %s
01-31 16:20:31.439 21435 18877 I SyncManager: (REDACTED) Executing sync(type=%s%s)
01-31 16:20:31.441 20416 21811 I .android.gms.ui: AssetManager2(0xb400007190363078) locale list changing from [] to [en-GB]
01-31 16:20:31.442 21435 18877 I SyncManager: (REDACTED) Executing sync(type=%s) finished in %s
01-31 16:20:31.449 21435 18877 I SyncManager: (REDACTED) Executing sync(type=%s%s)
01-31 16:20:31.452 21435 18877 I SyncManager: (REDACTED) Executing sync(type=%s) finished in %s
01-31 16:20:31.455  1694  1694 I vendor.qti.hardware.servicetrackeraidl-service: bindService is called for service : com.google.android.gms/.chimera.GmsInternalBoundBrokerService and for client com.google.android.gms.persistent
01-31 16:20:31.455  1694  1694 I vendor.qti.hardware.servicetrackeraidl-service: total connections for service : com.google.android.gms/.chimera.GmsInternalBoundBrokerServiceare :2
01-31 16:20:31.455  1694  1694 I vendor.qti.hardware.servicetrackeraidl-service: total connections for client : com.google.android.gms.persistentare :13
01-31 16:20:31.456 21435 21435 D BoundBrokerSvc: onBind: Intent { act=com.google.android.gms.auth.api.credentials.internal_service.START dat=chimera-action:/... xflg=0x4 cmp=com.google.android.gms/.chimera.GmsInternalBoundBrokerService }
01-31 16:20:31.456 21435 21435 D BoundBrokerSvc: Loading bound service for intent: Intent { act=com.google.android.gms.auth.api.credentials.internal_service.START dat=chimera-action:/... xflg=0x4 cmp=com.google.android.gms/.chimera.GmsInternalBoundBrokerService }
01-31 16:20:31.457 14449 15256 D BiometricService: canAuthenticate: User=0, Caller=0, Authenticators=65536
01-31 16:20:31.457 14449 15256 D BiometricService/PreAuthInfo: getCanAuthenticateInternal Modality: 0 AuthenticatorStatus: 13
01-31 16:20:31.457 14449 15256 D AuthService: canAuthenticate, userId: 0, callingUserId: 0, authenticators: 65536, result: 20
01-31 16:20:31.460 14449 14576 D BiometricService: canAuthenticate: User=0, Caller=0, Authenticators=65536
01-31 16:20:31.460 14449 14576 D BiometricService/PreAuthInfo: getCanAuthenticateInternal Modality: 0 AuthenticatorStatus: 13
01-31 16:20:31.460 14449 14576 D AuthService: canAuthenticate, userId: 0, callingUserId: 0, authenticators: 65536, result: 20
01-31 16:20:31.461 14449 14576 D BiometricService: canAuthenticate: User=0, Caller=0, Authenticators=65536
01-31 16:20:31.461 14449 14576 D BiometricService/PreAuthInfo: getCanAuthenticateInternal Modality: 0 AuthenticatorStatus: 13
01-31 16:20:31.461 14449 14576 D AuthService: canAuthenticate, userId: 0, callingUserId: 0, authenticators: 65536, result: 20
01-31 16:20:31.462 14449 16086 D BiometricService: canAuthenticate: User=0, Caller=0, Authenticators=65536
01-31 16:20:31.462 14449 16086 D BiometricService/PreAuthInfo: getCanAuthenticateInternal Modality: 0 AuthenticatorStatus: 13
01-31 16:20:31.462 14449 16086 D AuthService: canAuthenticate, userId: 0, callingUserId: 0, authenticators: 65536, result: 20
01-31 16:20:31.463 14449 16086 D BiometricService: canAuthenticate: User=0, Caller=0, Authenticators=65536
01-31 16:20:31.463 14449 16086 D BiometricService/PreAuthInfo: getCanAuthenticateInternal Modality: 0 AuthenticatorStatus: 13
01-31 16:20:31.463 14449 16086 D AuthService: canAuthenticate, userId: 0, callingUserId: 0, authenticators: 65536, result: 20
01-31 16:20:31.463 18183 18183 W TooltipLifecycleManager: TooltipLifecycleManager.dismissTooltips():153 Tooltip with id spell_check_add_to_dictionary not found in tooltipManager.
01-31 16:20:31.464 14449 16086 D BiometricService: canAuthenticate: User=0, Caller=0, Authenticators=65536
01-31 16:20:31.464 14449 16086 D BiometricService/PreAuthInfo: getCanAuthenticateInternal Modality: 0 AuthenticatorStatus: 13
01-31 16:20:31.464 14449 16086 D AuthService: canAuthenticate, userId: 0, callingUserId: 0, authenticators: 65536, result: 20
01-31 16:20:31.466 14449 16086 D BiometricService: canAuthenticate: User=0, Caller=0, Authenticators=65536
01-31 16:20:31.466 14449 16086 D BiometricService/PreAuthInfo: getCanAuthenticateInternal Modality: 0 AuthenticatorStatus: 13
01-31 16:20:31.466 14449 16086 D AuthService: canAuthenticate, userId: 0, callingUserId: 0, authenticators: 65536, result: 20
01-31 16:20:31.467 14449 16086 D BiometricService: canAuthenticate: User=0, Caller=0, Authenticators=65536
01-31 16:20:31.468 14449 16086 D BiometricService/PreAuthInfo: getCanAuthenticateInternal Modality: 0 AuthenticatorStatus: 13
01-31 16:20:31.468 14449 16086 D AuthService: canAuthenticate, userId: 0, callingUserId: 0, authenticators: 65536, result: 20
01-31 16:20:31.468 14449 16086 D BiometricService: canAuthenticate: User=0, Caller=0, Authenticators=65536
01-31 16:20:31.469 14449 16086 D BiometricService/PreAuthInfo: getCanAuthenticateInternal Modality: 0 AuthenticatorStatus: 13
01-31 16:20:31.469 14449 16086 D AuthService: canAuthenticate, userId: 0, callingUserId: 0, authenticators: 65536, result: 20
01-31 16:20:31.469 15252 32646 W Conscrypt: Could not set socket write timeout: java.net.SocketException: Socket closed
01-31 16:20:31.469 15252 32646 W Conscrypt: 	at com.google.android.gms.org.conscrypt.Platform.setSocketWriteTimeout(:com.google.android.gms@255034035@25.50.34 (260400-855735097):204)
01-31 16:20:31.469 15252 32646 W Conscrypt: 	at com.google.android.gms.org.conscrypt.ConscryptFileDescriptorSocket.setSoWriteTimeout(:com.google.android.gms@255034035@25.50.34 (260400-855735097):4)
01-31 16:20:31.470 14449 16086 D BiometricService: canAuthenticate: User=0, Caller=0, Authenticators=65536
01-31 16:20:31.470 14449 16086 D BiometricService/PreAuthInfo: getCanAuthenticateInternal Modality: 0 AuthenticatorStatus: 13
01-31 16:20:31.470 14449 16086 D AuthService: canAuthenticate, userId: 0, callingUserId: 0, authenticators: 65536, result: 20
01-31 16:20:31.471 14449 16086 D BiometricService: canAuthenticate: User=0, Caller=0, Authenticators=65536
01-31 16:20:31.471 14449 16086 D BiometricService/PreAuthInfo: getCanAuthenticateInternal Modality: 0 AuthenticatorStatus: 13
01-31 16:20:31.471 14449 16086 D AuthService: canAuthenticate, userId: 0, callingUserId: 0, authenticators: 65536, result: 20
01-31 16:20:31.471 14449 16086 D BiometricService: canAuthenticate: User=0, Caller=0, Authenticators=65536
01-31 16:20:31.472 14449 16086 D BiometricService/PreAuthInfo: getCanAuthenticateInternal Modality: 0 AuthenticatorStatus: 13
01-31 16:20:31.472 14449 16086 D AuthService: canAuthenticate, userId: 0, callingUserId: 0, authenticators: 65536, result: 20
01-31 16:20:31.481 14449 14595 D ActivityManager: freezing 27209 com.android.traceur
01-31 16:20:31.482 14449 14595 D ActivityManager: freezing 27221 com.google.android.accessibility.switchaccess
01-31 16:20:31.483 14449 14595 D ActivityManager: freezing 27239 com.google.android.apps.messaging
01-31 16:20:31.484 14449 14595 D ActivityManager: freezing 27274 com.google.android.apps.safetyhub
01-31 16:20:31.485 14449 14595 D ActivityManager: freezing 27307 com.google.android.apps.wellbeing
01-31 16:20:31.486 14449 14595 D ActivityManager: freezing 27328 com.google.android.cellbroadcastreceiver
01-31 16:20:31.489 14449 14662 D InetDiagMessage: Destroyed 0 sockets, proto=IPPROTO_TCP, family=AF_INET, states=14
01-31 16:20:31.490 14449 14662 D InetDiagMessage: Destroyed 0 sockets, proto=IPPROTO_TCP, family=AF_INET6, states=14
01-31 16:20:31.490 14449 14662 D InetDiagMessage: Destroyed live tcp sockets for uids={10098} in 3ms
01-31 16:20:31.491 14449 14662 D InetDiagMessage: Destroyed 0 sockets, proto=IPPROTO_TCP, family=AF_INET, states=14
01-31 16:20:31.492 14449 14662 D InetDiagMessage: Destroyed 0 sockets, proto=IPPROTO_TCP, family=AF_INET6, states=14
01-31 16:20:31.492 14449 14662 D InetDiagMessage: Destroyed live tcp sockets for uids={10185} in 2ms
01-31 16:20:31.494 14449 14662 D InetDiagMessage: Destroyed 0 sockets, proto=IPPROTO_TCP, family=AF_INET, states=14
01-31 16:20:31.496 14449 14662 D InetDiagMessage: Destroyed 0 sockets, proto=IPPROTO_TCP, family=AF_INET6, states=14
01-31 16:20:31.496 14449 14662 D InetDiagMessage: Destroyed live tcp sockets for uids={10133} in 4ms
01-31 16:20:31.501 14449 16086 W Binder  : Outgoing transactions from this process must be FLAG_ONEWAY
01-31 16:20:31.501 14449 16086 W Binder  : java.lang.Throwable
01-31 16:20:31.501 14449 16086 W Binder  : 	at android.os.BinderProxy.transact(BinderProxy.java:560)
01-31 16:20:31.501 14449 16086 W Binder  : 	at android.content.pm.BaseParceledListSlice.<init>(BaseParceledListSlice.java:102)
01-31 16:20:31.501 14449 16086 W Binder  : 	at android.content.pm.ParceledListSlice.<init>(ParceledListSlice.java:42)
01-31 16:20:31.501 14449 16086 W Binder  : 	at android.content.pm.ParceledListSlice.<init>(Unknown Source:0)
01-31 16:20:31.501 14449 16086 W Binder  : 	at android.content.pm.ParceledListSlice$1.createFromParcel(ParceledListSlice.java:85)
01-31 16:20:31.501 14449 16086 W Binder  : 	at android.content.pm.ParceledListSlice$1.createFromParcel(ParceledListSlice.java:78)
01-31 16:20:31.501 14449 16086 W Binder  : 	at android.os.Parcel.readParcelableInternal(Parcel.java:5212)
01-31 16:20:31.501 14449 16086 W Binder  : 	at android.os.Parcel.readParcelable(Parcel.java:5196)
01-31 16:20:31.501 14449 16086 W Binder  : 	at android.service.autofill.FillResponse$1.createFromParcel(FillResponse.java:1297)
01-31 16:20:31.501 14449 16086 W Binder  : 	at android.service.autofill.FillResponse$1.createFromParcel(FillResponse.java:1290)
01-31 16:20:31.501 14449 16086 W Binder  : 	at android.os.Parcel.readTypedObject(Parcel.java:4324)
01-31 16:20:31.501 14449 16086 W Binder  : 	at android.service.autofill.IFillCallback$Stub.onTransact(IFillCallback.java:113)
01-31 16:20:31.501 14449 16086 W Binder  : 	at android.os.Binder.execTransactInternal(Binder.java:1433)
01-31 16:20:31.501 14449 16086 W Binder  : 	at android.os.Binder.execTransact(Binder.java:1372)
01-31 16:20:31.502 15252 16266 W ParceledListSlice: Element #2 is 21404 bytes.
01-31 16:20:31.506 14449 14449 D AutofillSession: Service did not request to wait for delayed fill response.
01-31 16:20:31.510 14449 14449 W HWUI    : Image decoding logging dropped!
01-31 16:20:31.514 14449 14486 D UiModeManager: LocalService.isNightMode(): mNightMode=com.android.server.UiModeManagerService$1@3bc0983; mComputedNightMode=true; uiMode=33; isIt=true
01-31 16:20:31.520 14449 14486 I system_server: AssetManager2(0xb40000719056c838) locale list changing from [] to [en-GB]
01-31 16:20:31.521 14449 14486 I system_server: AssetManager2(0xb4000071905a7b18) locale list changing from [] to [en-GB]
01-31 16:20:31.531 32763 32763 I ImeTracker: com.laundrybuddy:78637d8e: onShown
01-31 16:20:31.531 14449 14486 I DialogFillUi: Showing fill dialog
01-31 16:20:31.532  1553 15305 D vendor.qti.bluetooth@1.1-wake_lock: Release wakelock is released 
01-31 16:20:31.537 14449 14486 D CoreBackPreview: Window{5fbb41b u0 android}: Setting back callback OnBackInvokedCallbackInfo{mCallback=android.window.WindowOnBackInvokedDispatcher$OnBackInvokedCallbackWrapper@a93a882, mPriority=-1, mIsAnimationCallback=false, mOverrideBehavior=0}
01-31 16:20:31.541 14449 14486 D NtViewRootImpl: mPopUpViewOffsets: offset=(0.0, 0.0), scale=(1.0, 1.0)
01-31 16:20:31.200 29363 29363 E spi_geni a80000.spi: spi_geni_runtime_suspend: 0 ---1end ctlr->queue = 1 ctlr->busy = 0 ctlr->running = 1
01-31 16:20:31.550 14449 14489 I ImeTracker: system_server:1349e224: onRequestShow at ORIGIN_SERVER reason CONTROLS_CHANGED fromUser false
01-31 16:20:31.555 32763 32763 I ImeTracker: system_server:1349e224: onCancelled at PHASE_CLIENT_ON_CONTROLS_CHANGED
01-31 16:20:31.559 14449 14486 D AutofillSession: onShown(): 3, 2
01-31 16:20:31.563 15461 15461 W dataInfoSend: type=1400 audit(0.0:49100538): avc:  denied  { bpf } for  capability=39  scontext=u:r:bpfloader:s0 tcontext=u:r:bpfloader:s0 tclass=capability2 permissive=0
01-31 16:20:31.563 15461 15461 W dataInfoSend: type=1400 audit(0.0:49100539): avc:  denied  { bpf } for  capability=39  scontext=u:r:bpfloader:s0 tcontext=u:r:bpfloader:s0 tclass=capability2 permissive=0
01-31 16:20:31.563 15461 15461 W dataInfoSend: type=1400 audit(0.0:49100540): avc:  denied  { bpf } for  capability=39  scontext=u:r:bpfloader:s0 tcontext=u:r:bpfloader:s0 tclass=capability2 permissive=0
01-31 16:20:31.563 15461 15461 W dataInfoSend: type=1400 audit(0.0:49100541): avc:  denied  { bpf } for  capability=39  scontext=u:r:bpfloader:s0 tcontext=u:r:bpfloader:s0 tclass=capability2 permissive=0
01-31 16:20:31.563 15461 15461 W dataInfoSend: type=1400 audit(0.0:49100542): avc:  denied  { bpf } for  capability=39  scontext=u:r:bpfloader:s0 tcontext=u:r:bpfloader:s0 tclass=capability2 permissive=0
01-31 16:20:31.230 27537 27537 W audit   : audit_lost=49005759 audit_rate_limit=5 audit_backlog_limit=64
01-31 16:20:31.230 27537 27537 E audit   : rate limit exceeded
01-31 16:20:31.577 14449 14488 D NtPerfTraceManagerImpl: packageName = null, taskId = -1
01-31 16:20:31.577 14449 14486 D NtViewRootImpl: mPopUpViewOffsets: offset=(0.0, 0.0), scale=(1.0, 1.0)
01-31 16:20:31.280  3397  3397 I [dp_rx_][0x160e8e062df][10:50:31.618002] qca6750: [3397:I:QDF] DHCP-R RX: SA:f2:87:30:**:**:df DA:ff:ff:ff:**:**:ff
01-31 16:20:31.647 14449 14595 D ActivityManager: freezing 27352 com.google.android.googlequicksearchbox:search
01-31 16:20:31.647 14449 14662 D InetDiagMessage: Destroyed 0 sockets, proto=IPPROTO_TCP, family=AF_INET, states=14
01-31 16:20:31.648 14449 14662 D InetDiagMessage: Destroyed 0 sockets, proto=IPPROTO_TCP, family=AF_INET6, states=14
01-31 16:20:31.648 14449 14662 D InetDiagMessage: Destroyed live tcp sockets for uids={10148} in 2ms
01-31 16:20:31.648 14449 14595 D ActivityManager: freezing 27383 com.google.android.healthconnect.controller
01-31 16:20:31.650 14449 14595 D ActivityManager: freezing 27396 com.google.android.marvin.talkback
01-31 16:20:31.650 14449 14662 D InetDiagMessage: Destroyed 0 sockets, proto=IPPROTO_TCP, family=AF_INET, states=14
01-31 16:20:31.650 14449 14595 D ActivityManager: freezing 27425 com.google.android.projection.gearhead:projection
01-31 16:20:31.651 14449 14662 D InetDiagMessage: Destroyed 0 sockets, proto=IPPROTO_TCP, family=AF_INET6, states=14
01-31 16:20:31.651 14449 14662 D InetDiagMessage: Destroyed live tcp sockets for uids={10138} in 3ms
01-31 16:20:31.651 14449 14595 D ActivityManager: freezing 27455 com.nothing.essentialintelligence
01-31 16:20:31.652 14449 14662 D InetDiagMessage: Destroyed 0 sockets, proto=IPPROTO_TCP, family=AF_INET, states=14
01-31 16:20:31.652 14449 14595 D ActivityManager: freezing 27498 com.nothing.userguide
01-31 16:20:31.652 14449 14662 D InetDiagMessage: Destroyed 0 sockets, proto=IPPROTO_TCP, family=AF_INET6, states=14
01-31 16:20:31.652 14449 14662 D InetDiagMessage: Destroyed live tcp sockets for uids={10256} in 2ms
01-31 16:20:31.655 14449 14662 D InetDiagMessage: Destroyed 0 sockets, proto=IPPROTO_TCP, family=AF_INET, states=14
01-31 16:20:31.656 14449 14662 D InetDiagMessage: Destroyed 0 sockets, proto=IPPROTO_TCP, family=AF_INET6, states=14
01-31 16:20:31.656 14449 14662 D InetDiagMessage: Destroyed live tcp sockets for uids={10252} in 2ms
01-31 16:20:31.657 14449 14662 D InetDiagMessage: Destroyed 0 sockets, proto=IPPROTO_TCP, family=AF_INET, states=14
01-31 16:20:31.658 14449 14662 D InetDiagMessage: Destroyed 0 sockets, proto=IPPROTO_TCP, family=AF_INET6, states=14
01-31 16:20:31.658 14449 14662 D InetDiagMessage: Destroyed live tcp sockets for uids={10159} in 2ms
01-31 16:20:31.659 14449 14662 D InetDiagMessage: Destroyed 0 sockets, proto=IPPROTO_TCP, family=AF_INET, states=14
01-31 16:20:31.660 14449 14662 D InetDiagMessage: Destroyed 0 sockets, proto=IPPROTO_TCP, family=AF_INET6, states=14
01-31 16:20:31.661 14449 14662 D InetDiagMessage: Destroyed live tcp sockets for uids={10127} in 2ms
01-31 16:20:31.661 14449 14662 D InetDiagMessage: Destroyed 0 sockets, proto=IPPROTO_TCP, family=AF_INET, states=14
01-31 16:20:31.662 14449 14662 D InetDiagMessage: Destroyed 0 sockets, proto=IPPROTO_TCP, family=AF_INET6, states=14
01-31 16:20:31.662 14449 14662 D InetDiagMessage: Destroyed live tcp sockets for uids={10350} in 1ms
01-31 16:20:31.662 14449 14662 D InetDiagMessage: Destroyed 0 sockets, proto=IPPROTO_TCP, family=AF_INET, states=14
01-31 16:20:31.663 14449 14662 D InetDiagMessage: Destroyed 0 sockets, proto=IPPROTO_TCP, family=AF_INET6, states=14
01-31 16:20:31.663 14449 14662 D InetDiagMessage: Destroyed live tcp sockets for uids={10141} in 1ms
01-31 16:20:31.700  1694  1694 I vendor.qti.hardware.servicetrackeraidl-service: bindService is called for service : com.google.android.gms/.auth.GetToken and for client com.google.android.gms.ui
01-31 16:20:31.700  1694  1694 I vendor.qti.hardware.servicetrackeraidl-service: total connections for service : com.google.android.gms/.auth.GetTokenare :2
01-31 16:20:31.701  1694  1694 I vendor.qti.hardware.servicetrackeraidl-service: total connections for client : com.google.android.gms.uiare :4
01-31 16:20:31.702  1694  1694 I vendor.qti.hardware.servicetrackeraidl-service: bindService is called for service : com.google.android.gms/.chimera.PersistentApiService and for client com.google.android.gms.ui
01-31 16:20:31.702  1694  1694 I vendor.qti.hardware.servicetrackeraidl-service: total connections for service : com.google.android.gms/.chimera.PersistentApiServiceare :432
01-31 16:20:31.702  1694  1694 I vendor.qti.hardware.servicetrackeraidl-service: total connections for client : com.google.android.gms.uiare :4
01-31 16:20:31.735 15252 32646 W Conscrypt: Could not set socket write timeout: java.net.SocketException: Socket closed
01-31 16:20:31.735 15252 32646 W Conscrypt: 	at com.google.android.gms.org.conscrypt.Platform.setSocketWriteTimeout(:com.google.android.gms@255034035@25.50.34 (260400-855735097):204)
01-31 16:20:31.735 15252 32646 W Conscrypt: 	at com.google.android.gms.org.conscrypt.ConscryptFileDescriptorSocket.setSoWriteTimeout(:com.google.android.gms@255034035@25.50.34 (260400-855735097):4)
01-31 16:20:31.838  1623 14139 E QLM-Client-Lib: QLM-Lib-Client:do_common_listen:connect failure, err:13, path:/dev/socket/qlm_service
01-31 16:20:31.850  1553 15462 I vendor.qti.bluetooth@1.1-ibs_handler: ProcessIbsCmd: Received IBS_WAKE_IND: 0xFD
01-31 16:20:31.850  1553 15462 D vendor.qti.bluetooth@1.1-ibs_handler: SerialClockVote: vote for UART CLK ON
01-31 16:20:31.850  1553 15462 D vendor.qti.bluetooth@1.1-wake_lock: Acquire wakelock is acquired 
01-31 16:20:31.850  1553 15462 I vendor.qti.bluetooth@1.1-ibs_handler: ProcessIbsCmd: Writing IBS_WAKE_ACK
01-31 16:20:31.890  1694  1694 I vendor.qti.hardware.servicetrackeraidl-service: destroyService is called for service : com.google.android.gms/.chimera.PersistentIntentOperationService
01-31 16:20:31.937  1553 15462 I vendor.qti.bluetooth@1.1-ibs_handler: ProcessIbsCmd: Received IBS_SLEEP_IND: 0xFE
01-31 16:20:31.937  1553 15462 D vendor.qti.bluetooth@1.1-ibs_handler: SerialClockVote: vote for UART CLK OFF
01-31 16:20:31.957  1649  1731 E NtChgAidl: NtChgAidl: InGameStatus: 0
01-31 16:20:31.957  1649  1731 E NtChg   : NtChg:handle_batt_temp_little_cold triggered
01-31 16:20:31.957  1649  1731 E NtChg   : NtChg:set temp_region=1
01-31 16:20:31.957  1649  1731 E NtChg   : NtChg:set ibatmax=6000 and set vbatmax=4500
01-31 16:20:31.620  1731  1731 I NtChg   : T0-6:[50,350,370,390,410,430,500],chg_series:8,is_changed:1,TeBoT0-6:[30,350,370,390,410,430,500],TRegion:1,Temp:263,tzname:shell_max,Ibat:6000,onlineI:-400,param_type:6,AbnormalStatus:0,tzn:3,g_cp_mode:5,vbat:0,pr_id:6,OnGameStatus:0
01-31 16:20:31.620  1731  1731 W nt_vote : FCC_MAIN: FCC_NT_CHG_VOTER,0 same vote on of val=6000
01-31 16:20:31.620  1731  1731 W nt_vote : FCC_MAIN: FCC_NT_CHG_VOTER,0 Ignoring similar vote on of val=6000
01-31 16:20:31.967  1553 15462 I vendor.qti.bluetooth@1.1-ibs_handler: ProcessIbsCmd: Received IBS_WAKE_IND: 0xFD
01-31 16:20:31.967  1553 15462 D vendor.qti.bluetooth@1.1-ibs_handler: SerialClockVote: vote for UART CLK ON
01-31 16:20:31.967  1553 15462 I vendor.qti.bluetooth@1.1-ibs_handler: ProcessIbsCmd: Writing IBS_WAKE_ACK
01-31 16:20:32.025  2075  2075 I CNSS    : /sys/wifi/dump_in_progress doesn't exist
01-31 16:20:32.025  2075  2075 I CNSS    : /sys/wifi/max_chipset_log_size doesn't exist
01-31 16:20:32.039  1553 15462 I vendor.qti.bluetooth@1.1-ibs_handler: ProcessIbsCmd: Received IBS_SLEEP_IND: 0xFE
01-31 16:20:32.039  1553 15462 D vendor.qti.bluetooth@1.1-ibs_handler: SerialClockVote: vote for UART CLK OFF
01-31 16:20:32.049 16270 16297 W com.topstep.dbt: Reducing the number of considered missed Gc histogram windows from 129 to 100
01-31 16:20:32.165  1678  1825 I SDM     : DisplayBase::CommitThread: Received idle timeout, panel: video, timeout: 70000 us
01-31 16:20:32.167  1678  4761 E ANDR-PERF-OH: ANDR-PERF-OH: getPerfHandle() 55: Invalid handle req: 0
01-31 16:20:32.189  1553 15305 D vendor.qti.bluetooth@1.1-wake_lock: Release wakelock is released 
01-31 16:20:32.133  1665  1665 I [binder][0x160e9da4dbb][10:50:32.471053] qca6750: [1665:I:HDD] __wlan_hdd_cfg80211_get_logger_supp_feature: Ring buffer disable
01-31 16:20:32.473 14449 14651 I HalDevMgr: bestIfaceCreationProposal is null, requestIface=STA, existingIface=[name=wlan0 type=STA]
01-31 16:20:32.482 14449 14662 D ConnectivityService: NetReassign [no changes] [c 2] [a 2] [i 4]
01-31 16:20:32.515  1592 14745 I WifiHAL : event received NL80211_CMD_VENDOR, vendor_id = 0x1374, subcmd = 0xa
01-31 16:20:32.515  2173  2173 I cnss-daemon: nl80211 response handler invoked
01-31 16:20:32.515  2173  2173 I cnss-daemon: nl80211_response_handler: cmd 103, vendorID 4980, subcmd 10  received
01-31 16:20:32.516  2679  2679 I wpa_supplicant: wlan0: CTRL-EVENT-AVOID-FREQ ranges=6525-6845,0
01-31 16:20:32.571 15461 15461 W dataInfoSend: type=1400 audit(0.0:49103482): avc:  denied  { bpf } for  capability=39  scontext=u:r:bpfloader:s0 tcontext=u:r:bpfloader:s0 tclass=capability2 permissive=0
01-31 16:20:32.571 15461 15461 W dataInfoSend: type=1400 audit(0.0:49103483): avc:  denied  { bpf } for  capability=39  scontext=u:r:bpfloader:s0 tcontext=u:r:bpfloader:s0 tclass=capability2 permissive=0
01-31 16:20:32.571 15461 15461 W dataInfoSend: type=1400 audit(0.0:49103484): avc:  denied  { bpf } for  capability=39  scontext=u:r:bpfloader:s0 tcontext=u:r:bpfloader:s0 tclass=capability2 permissive=0
01-31 16:20:32.238 27537 27537 W audit   : audit_lost=49008698 audit_rate_limit=5 audit_backlog_limit=64
01-31 16:20:32.571 15461 15461 W dataInfoSend: type=1400 audit(0.0:49103485): avc:  denied  { bpf } for  capability=39  scontext=u:r:bpfloader:s0 tcontext=u:r:bpfloader:s0 tclass=capability2 permissive=0
01-31 16:20:32.238 27537 27537 E audit   : rate limit exceeded
01-31 16:20:32.571 15461 15461 W dataInfoSend: type=1400 audit(0.0:49103486): avc:  denied  { bpf } for  capability=39  scontext=u:r:bpfloader:s0 tcontext=u:r:bpfloader:s0 tclass=capability2 permissive=0
01-31 16:20:32.261  1114  1114 D [FTS_TS]fts_input_report_b: [B]P0(417, 1803)[p:63,tm:11] DOWN!
01-31 16:20:32.305  1114  1114 D [FTS_TS]fts_input_report_b: [B]P0 UP!
01-31 16:20:32.645 14449 14486 W WindowOnBackDispatcher: sendCancelIfRunning: isInProgress=false callback=android.app.Dialog$$ExternalSyntheticLambda2@65a77cd
01-31 16:20:32.645 14449 14486 D CoreBackPreview: Window{5fbb41b u0 android}: Setting back callback null
01-31 16:20:32.305  1114  1114 D [FTS_TS]fts_input_report_b: [B]Points All Up!
01-31 16:20:32.656 14449 14486 W InputEventReceiver: Attempted to finish an input event but the input event receiver has already been disposed.
01-31 16:20:32.663  1553 15462 I vendor.qti.bluetooth@1.1-ibs_handler: ProcessIbsCmd: Received IBS_WAKE_IND: 0xFD
01-31 16:20:32.663  1553 15462 D vendor.qti.bluetooth@1.1-ibs_handler: SerialClockVote: vote for UART CLK ON
01-31 16:20:32.663  1553 15462 D vendor.qti.bluetooth@1.1-wake_lock: Acquire wakelock is acquired 
01-31 16:20:32.663  1553 15462 I vendor.qti.bluetooth@1.1-ibs_handler: ProcessIbsCmd: Writing IBS_WAKE_ACK
01-31 16:20:32.664 14449 14488 V WindowManager: Unknown focus tokens, dropping reportFocusChanged
01-31 16:20:32.667 14449 15256 W PresentationStatsEventLogger: Bad view state for: -1, state: ViewState: [id=1073741824@1393370201, datasetId:1, state:AUTOFILLED|AUTOFILLED_ONCE|FILLABLE|FILL_DIALOG_SHOWN|STARTED_SESSION, currentValue:android.view.autofill.AutofillValue@60d80d3d, autofilledValue:android.view.autofill.AutofillValue@d1935b45]
01-31 16:20:32.667 14449 14489 I ImeTracker: system_server:b1c5b72c: onRequestShow at ORIGIN_SERVER reason CONTROLS_CHANGED fromUser false
01-31 16:20:32.669 14449 14488 D NtPerfTraceManagerImpl: packageName = com.laundrybuddy, taskId = 1889
01-31 16:20:32.670 14449 15165 W PresentationStatsEventLogger: Bad view state for: -1, state: ViewState: [id=1073741825@1393370201, datasetId:1, state:AUTOFILLED|AUTOFILLED_ONCE|FILLABLE, currentValue:android.view.autofill.AutofillValue@2f06e72, autofilledValue:android.view.autofill.AutofillValue@9cff7f70]
01-31 16:20:32.674 32763 32763 I ImeTracker: system_server:b1c5b72c: onCancelled at PHASE_CLIENT_ON_CONTROLS_CHANGED
01-31 16:20:32.675 18183 18183 I GoogleInputMethodService: GoogleInputMethodService.onStartInput():1349 onStartInput(EditorInfo{EditorInfo{packageName=com.laundrybuddy, inputType=21, inputTypeString=EmailAddress[], enableLearning=true, autoCorrection=false, autoComplete=true, imeOptions=8000005, privateImeOptions=null, actionName=NEXT, actionLabel=null, initialSelStart=18, initialSelEnd=18, initialCapsMode=1000, label=null, fieldId=2131230953, fieldName=null, extras=Bundle[mParcelledData.dataSize=404], hintText=non-empty, hintLocales=[]}}, true)
01-31 16:20:32.675 18183 18183 W SessionManager: SessionManager.beginSession():53 Try to begin an already begun session [INPUT_SESSION], end it first
01-31 16:20:32.675 18183 18183 W SessionManager: SessionManager.endSession():96 Child session [INPUT_VIEW_SESSION] is not ended while ending session [{TRAINING_CACHE_SESSION=1769856631261, INPUT_VIEW_SESSION=1769856631260, INPUT_SESSION=1769856631254, IME_SESSION=1769856631261}], ending it now.
01-31 16:20:32.675 32763 32763 W WindowOnBackDispatcher: sendCancelIfRunning: isInProgress=false callback=android.view.ImeBackAnimationController@5525f03
01-31 16:20:32.675 18183 18183 W SessionManager: SessionManager.endSession():96 Child session [IME_SESSION] is not ended while ending session [{TRAINING_CACHE_SESSION=1769856631261, INPUT_VIEW_SESSION=1769856631260, INPUT_SESSION=1769856631254, IME_SESSION=1769856631261}], ending it now.
01-31 16:20:32.675 14449 15256 D CoreBackPreview: Window{9f8a997 u0 com.laundrybuddy/com.laundrybuddy.ui.auth.LoginActivity}: Setting back callback OnBackInvokedCallbackInfo{mCallback=android.window.IOnBackInvokedCallback$Stub$Proxy@609b592, mPriority=0, mIsAnimationCallback=false, mOverrideBehavior=0}
01-31 16:20:32.676 14449 15256 D CoreBackPreview: Window{9f8a997 u0 com.laundrybuddy/com.laundrybuddy.ui.auth.LoginActivity}: Setting back callback OnBackInvokedCallbackInfo{mCallback=android.window.IOnBackInvokedCallback$Stub$Proxy@860fb63, mPriority=0, mIsAnimationCallback=true, mOverrideBehavior=0}
01-31 16:20:32.676 18183 18183 I Module  : DeviceLockedStatusModuleProvider$Module.updateDeviceLockedStatus():103 repeatCheckTimes = 1, locked = false
01-31 16:20:32.677 18183 18183 I GoogleInputMethodService: GoogleInputMethodService.onStartInputView():1447 onStartInputView(EditorInfo{EditorInfo{packageName=com.laundrybuddy, inputType=21, inputTypeString=EmailAddress[], enableLearning=true, autoCorrection=false, autoComplete=true, imeOptions=8000005, privateImeOptions=null, actionName=NEXT, actionLabel=null, initialSelStart=18, initialSelEnd=18, initialCapsMode=1000, label=null, fieldId=2131230953, fieldName=null, extras=Bundle[{android.support.text.emoji.emojiCompat_metadataVersion=11, androidx.core.view.inputmethod.EditorInfoCompat.STYLUS_HANDWRITING_ENABLED=true, android.support.text.emoji.emojiCompat_replaceAll=false}], hintText=non-empty, hintLocales=[]}}, true)
01-31 16:20:32.677 14449 16104 W PackageConfigPersister: App-specific configuration not found for packageName: com.laundrybuddy and userId: 0
01-31 16:20:32.677 18183 18183 I InputBundle: InputBundle.consumeEvent():1033 Skip consuming an event as keyboard status is INACTIVE
01-31 16:20:32.678 18183 18183 I AndroidIME: AbstractIme.onDeactivate():213 LatinIme.onDeactivate()
01-31 16:20:32.679 18183 18183 W SessionManager: SessionManager.endSession():88 Try to end a not begun session [IME_SESSION].
01-31 16:20:32.679 18183 18183 I KeyboardHeightUtil: KeyboardHeightUtil.getOemKeyboardHeightRatio():81 systemKeyboardHeightRatio:1.000000.
01-31 16:20:32.681 18183 18646 I NebulaeTrainingCacheMetricsProcessor: NebulaeTrainingCacheMetricsProcessor.processEndSession():555 No input action collection in this session, skip logging.
01-31 16:20:32.687 32763 32763 D NtViewRootImpl: mPopUpViewOffsets: offset=(0.0, 0.0), scale=(1.0, 1.0)
01-31 16:20:32.692 18183 18183 W TooltipLifecycleManager: TooltipLifecycleManager.dismissTooltips():153 Tooltip with id SUGGESTION_VIEW_EDU_MINI_DIALOG not found in tooltipManager.
01-31 16:20:32.692 18183 18183 I AndroidIME: InputBundleManager.loadActiveInputBundleId():528 loadActiveInputBundleId: en-GB, ime_english_great_britain
01-31 16:20:32.692 18183 18183 I AndroidIME: AbstractIme.onActivate():95 LatinIme.onActivate() : EditorInfo = EditorInfo{packageName=com.laundrybuddy, inputType=21, inputTypeString=EmailAddress[], enableLearning=true, autoCorrection=false, autoComplete=true, imeOptions=8000005, privateImeOptions=null, actionName=NEXT, actionLabel=null, initialSelStart=18, initialSelEnd=18, initialCapsMode=1000, label=null, fieldId=2131230953, fieldName=null, extras=Bundle[{android.support.text.emoji.emojiCompat_metadataVersion=11, androidx.core.view.inputmethod.EditorInfoCompat.STYLUS_HANDWRITING_ENABLED=true, android.support.text.emoji.emojiCompat_replaceAll=false}], hintText=non-empty, hintLocales=[]}, IncognitoMode = false, DeviceLocked = false
01-31 16:20:32.692 18183 18183 I Delight5Facilitator: Delight5Facilitator.initializeForIme():745 initializeForIme() : Locale = [en_GB], layout = qwerty
01-31 16:20:32.693 18183 18183 I LatinIme: LatinIme.updateEnableInlineSuggestionsOnDecoderSideFlags():1241 inline flag updated to:false
01-31 16:20:32.693 18183 18183 I LatinIme: LatinIme.updateEnableInlineSuggestionsOnDecoderSideFlags():1241 inline flag updated to:false
01-31 16:20:32.694 18183 18183 I LatinIme: LatinIme.resetInputContext():2247 resetInputContext(): reason=1, externalEditsInfo=ExternalEditsInfo{action=0, offset=-1, text=null, originalText=null, edits=null}
01-31 16:20:32.694 18183 18183 I InputBundle: InputBundle.consumeEvent():1033 Skip consuming an event as keyboard status is INACTIVE
01-31 16:20:32.695 18183 18183 I KeyboardWrapper: KeyboardWrapper.activateKeyboard():582 activateKeyboard(): type=prime, status=INACTIVE, imeDef=nch{stringId=ime_english_great_britain, language=en-GB, languageTag=en-GB, processedConditions={writing_helper_enable_by_word_revert=false, true=true, enable_number_row=false, device=phone, enable_pk_simulator=false}, className=com.google.android.apps.inputmethod.libs.latin5.LatinIme, label=0, keyEventInterpreter=null, inlineComposing=true, autoCapital=true, announceAutoSelectedCandidate=true, statusIcon=0, indicatorIcon=0, indicatorLabel=GB, displayAppCompletions=true, extraValues=nca{#0x7f0b02dd=TypedValue{t=0x3/d=0x0 "com.google.android.apps.inputmethod.libs.latin5.LatinIme"}}, processors=nea@cc2c916, unacceptableMetaKeys=4098, languageSpecificSettings=0, asciiCapable=true, alwaysShowSuggestions=false, useAsciiPasswordKeyboard=false, keyboardGroupDef=ndj@4079f67, phenotypeFlagId=0, localizationLanguageTag=null, supportsInlineSuggestion=true}
01-31 16:20:32.695 18183 18183 I KeyboardManager: KeyboardManager.requestKeyboard():249 Creating keyboard prime, imeId=ime_english_great_britain, cacheKey=theme,!gsf,!pgsans,!pgsf,!use_system_font,BORDER,EXPRESSION_PAPERCUTS_V2,FLAVOR_DPI=XXHDPI,KEYBOARD_WIDTH_CATEGORY=NORMAL,KEY_BORDER_SHAPE=1,LIGHT_THEME=false,PHYSICAL_DIAGONAL=5.9766912,POPUP,SCREEN_SHORTEST_WIDTH=411,SCREEN_SHORTEST_WIDTH_NO_SCALE=411,SW400DP,XXHDPI,bottom4dp,enable_popup_on_keypress=true,keyboard_redesign_google_sans=true,non_linear_scale,noshadow,overlay_builtin_dynamic_color_dark_base.binarypb:gm3-dark-ff121318-ffb3c5ff-abfb4965fdf133610d91604a442bf229,silkpopup,use_expression_papercuts_v2_colors=true
01-31 16:20:32.695 18183 18183 I KeyboardWrapper: KeyboardWrapper.onKeyboardReady():224 onKeyboardReady(): type=prime(prime), kb=com.google.android.apps.inputmethod.latin.keyboard.LatinPrimeKeyboard@8bbff4a
01-31 16:20:32.695 18183 18183 I KeyboardWrapper: KeyboardWrapper.doActivateKeyboard():612 doActivateKeyboard(): prime
01-31 16:20:32.696 18183 18183 I BaseKeyboardSizeHelper: BaseKeyboardSizeHelper.calculateMaxKeyboardBodyHeight():73 leave 281 height for app when ime window height:2140, header height:116 and isFullscreenMode:false, so the max keyboard body height is:1743
01-31 16:20:32.697 18183 18183 W TooltipLifecycleManager: TooltipLifecycleManager.dismissTooltips():153 Tooltip with id undo_access_point_promotion_banner not found in tooltipManager.
01-31 16:20:32.697 18183 18183 I GlobeKeyExtension: GlobeKeyExtension.getKeyboardInitialStates():175 
01-31 16:20:32.697 18183 18183 W Keyboard: Keyboard.getKeyboardViewHelper():604 null helper is returned: keyboardDef=ndb{processedConditions={show_comma_key=true, enable_more_candidates_view_for_multilingual=false, layout_9key_split=false, enable_secondary_symbols=false, pref_enable_flick_symbols=false, language=en-GB, deprecate_long_press_space_for_ime_picker=false, expressions=normal, android_software_xr_api_spatial=false, variant=qwerty, show_period_key=true, device=phone, keyboard_mode=normal, show_secondary_digits=true, enable_preemptive_decode=true, enable_pk_simulator=false}, globalConditions={global_theme_key=theme,!gsf,!pgsans,!pgsf,!use_system_font,BORDER,EXPRESSION_PAPERCUTS_V2,FLAVOR_DPI=XXHDPI,KEYBOARD_WIDTH_CATEGORY=NORMAL,KEY_BORDER_SHAPE=1,LIGHT_THEME=false,PHYSICAL_DIAGONAL=5.9766912,POPUP,SCREEN_SHORTEST_WIDTH=411,SCREEN_SHORTEST_WIDTH_NO_SCALE=411,SW400DP,XXHDPI,bottom4dp,enable_popup_on_keypress=true,keyboard_redesign_google_sans=true,non_linear_scale,noshadow,overlay_builtin_dynamic_color_dark_base.binarypb:gm3-dark-ff121318-ffb3c5ff-abfb4965fdf133610d91604a442bf229,silkpopup,use_expression_papercuts_v2_colors=true, global_locale=en_GB, global_density_dpi=420, global_orientation=1}, className=.latin.keyboard.LatinPrimeKeyboard, resourceIds=[#0x7f170600, #0x7f170891], initialStates=0, keyboardViewDefs=[ndr{direction=null, id=#0x7f0b0227, isScalable=true, layoutId=#0x7f0e0378, type=BODY, touchable=true, defaultShow=true}, ndr{direction=null, id=#0x7f0b0227, isScalable=false, layoutId=#0x7f0e020e, type=FLOATING_CANDIDATES, touchable=false, defaultShow=false}, ndr{direction=LOCALE, id=#0x7f0b0227, isScalable=false, layoutId=#0x7f0e0514, type=HEADER, touchable=true, defaultShow=true}], persistentStates=0, persistentStatesPrefKey=null, popupBubbleLayoutId=#0x7f0e0602, recentKeyLayoutId=#0x0, recentKeyPopupLayoutId=#0x0, recentKeyType=null, rememberRecentKey=NONE, sessionStates=17592186044419}, type=WIDGET, helpersCreated={HEADER=mpl@61840a5, BODY=mpl@a3fc7a, FLOATING_CANDIDATES=mpl@d1bdc2b}, context.getResources().getConfiguration(): {1.0 404mcc10mnc [en_GB] ldltr sw411dp w411dp h911dp 420dpi nrml long hdr widecg port night finger -keyb/v/h -nav/h winConfig={ mBounds=Rect(0, 0 - 1080, 2392) mAppBounds=Rect(0, 0 - 1080, 2392) mMaxBounds=Rect(0, 0 - 1080, 2392) mDisplayRotation=ROTATION_0 mWindowingMode=fullscreen mActivityType=undefined mAlwaysOnTop=undefined mRotation=ROTATION_0} as.3 s.112 ntfont=2 fontWeightAdjustment=0}
01-31 16:20:32.697 18183 18183 I BaseKeyboardSizeHelper: BaseKeyboardSizeHelper.calculateMaxKeyboardBodyHeight():73 leave 281 height for app when ime window height:2140, header height:116 and isFullscreenMode:false, so the max keyboard body height is:1743
01-31 16:20:32.698 18183 18183 I AndroidIME: InputBundleManager.startInput():358 startInput() with ndn[keyboardType=prime, payload=null]
01-31 16:20:32.698 18183 18183 I GlobeKeyExtension: GlobeKeyExtension.onDeactivate():144 
01-31 16:20:32.698 18183 18183 W TooltipLifecycleManager: TooltipLifecycleManager.dismissTooltips():153 Tooltip with id SUGGESTION_VIEW_EDU_MINI_DIALOG not found in tooltipManager.
01-31 16:20:32.699 18183 18183 I VoiceInputManagerWrapper: VoiceInputManagerWrapper.shutdown():131 shutdown()
01-31 16:20:32.699 18183 18183 I GlobeKeyExtension: GlobeKeyExtension.onActivate():120 
01-31 16:20:32.699 18183 18183 I LanguagePromoExtension: LanguagePromoExtension.checkDisplayPreconditions():171 Not show language promo: exceeds the max display times.
01-31 16:20:32.700 18183 18183 I VoiceInputManagerWrapper: VoiceInputManagerWrapper.cancelShutdown():109 cancelShutdown()
01-31 16:20:32.700 18183 18183 I VoiceInputManagerWrapper: VoiceInputManagerWrapper.syncLanguagePacks():121 syncLanguagePacks()
01-31 16:20:32.700 18183 21385 I SpeechFactory: SpeechRecognitionFactory.maybeScheduleAutoPackDownloadForFallback():217 maybeScheduleAutoPackDownloadForFallback()
01-31 16:20:32.700 18183 21385 I FallbackOnDeviceRecognitionProvider: FallbackOnDeviceRecognitionProvider.maybeScheduleAutoPackDownload():205 maybeScheduleAutoPackDownload() for language tag en-GB
01-31 16:20:32.700 18183 21385 I SpeechPackManager: SpeechPackManager.isPackAvailableToDownload():224 isPackAvailableToDownload() : LanguageTag = en-GB : ManifestUrl = https://dl.google.com/android/voice/gboard/terse/superpacks-manifest-20210519.json
01-31 16:20:32.701 18183 18183 I VoiceInputManager: VoiceInputManager.onKeyboardActivated():1213 onKeyboardActivated() [UD]
01-31 16:20:32.701 18183   413 I FallbackOnDeviceRecognitionProvider: FallbackOnDeviceRecognitionProvider$1.onSuccess():213 auto download packs.
01-31 16:20:32.701 18183 18183 I PkModeUpdater: PkModeUpdater.onActivate():74 onActivate false true
01-31 16:20:32.701 18183 18183 I AccessoryInputModeManager: AccessoryInputModeManager.onModeStarted():321 Accessory input mode started: null
01-31 16:20:32.701 18183   413 I SpeechPackManager: SpeechPackManager.syncPacks():343 syncPacks()
01-31 16:20:32.701 18183 18183 W SupplementaryKeyboardsWrapper: SupplementaryKeyboardsWrapper.deactivateKeyboard():162 keyboard accessory_candidates_consumer is not activated before!
01-31 16:20:32.701 18183   413 I SpeechPackManager: SpeechPackManager.registerManifest():509 registerManifest() : https://dl.google.com/android/voice/gboard/terse/superpacks-manifest-20210519.json
