01-31 16:20:26.471 15461 15461 W dataInfoSend: type=1400 audit(0.0:49085835): avc:  denied  { bpf } for  capability=39  scontext=u:r:bpfloader:s0 tcontext=u:r:bpfloader:s0 tclass=capability2 permissive=0
01-31 16:20:26.471 15461 15461 W dataInfoSend: type=1400 audit(0.0:49085836): avc:  denied  { bpf } for  capability=39  scontext=u:r:bpfloader:s0 tcontext=u:r:bpfloader:s0 tclass=capability2 permissive=0
01-31 16:20:26.471 15461 15461 W dataInfoSend: type=1400 audit(0.0:49085837): avc:  denied  { bpf } for  capability=39  scontext=u:r:bpfloader:s0 tcontext=u:r:bpfloader:s0 tclass=capability2 permissive=0
01-31 16:20:26.479 32763 32763 W WindowOnBackDispatcher: OnBackInvokedCallback is not enabled for the application.
01-31 16:20:26.479 32763 32763 W WindowOnBackDispatcher: Set 'android:enableOnBackInvokedCallback="true"' in the application manifest.
01-31 16:20:26.498 32763 32763 W HWUI    : Image decoding logging dropped!
01-31 16:20:26.509 32763 32763 W HWUI    : Image decoding logging dropped!
01-31 16:20:26.511 32763 32763 W HWUI    : Image decoding logging dropped!
01-31 16:20:26.521 32763 32763 W HWUI    : Image decoding logging dropped!
01-31 16:20:26.533 32763 32763 W HWUI    : Image decoding logging dropped!
01-31 16:20:26.537 32763 32763 W HWUI    : Image decoding logging dropped!
01-31 16:20:26.537 32763 32763 W HWUI    : Image decoding logging dropped!
01-31 16:20:26.538 32763 32763 W HWUI    : Image decoding logging dropped!
01-31 16:20:26.541 32763 32763 W HWUI    : Image decoding logging dropped!
01-31 16:20:26.567 32763   382 D ApiClient: --> GET https://laundry-buddy-api.onrender.com/api/orders/my-orders
01-31 16:20:26.567 32763   382 D ApiClient: --> END GET
01-31 16:20:26.568 32763   382 D LaundryBuddyApp: Reading Token: eyJhbGciOiJIUzI1NiIsInR5cCI6IkpXVCJ9.eyJpZCI6IjY5NDk4ZDg5ZDgzNDFmM2UzZDlmMWMxNSIsImVtYWlsIjoiYXl1c2htYWFuLnlhZGF2LjI0Y3NlQGJtdS5lZHUuaW4iLCJpc0FkbWluIjpmYWxzZSwiaWF0IjoxNzY5ODU2MzUxLCJleHAiOjE3Njk4NTcyNTF9.Dcv4gjLiewf9VldfbRZtk6oaphhj0ez7xbZNjr9Y9y4
01-31 16:20:26.568 32763   382 D ApiClient: Interceptor Check. Token: eyJhbGciOiJIUzI1NiIsInR5cCI6IkpXVCJ9.eyJpZCI6IjY5NDk4ZDg5ZDgzNDFmM2UzZDlmMWMxNSIsImVtYWlsIjoiYXl1c2htYWFuLnlhZGF2LjI0Y3NlQGJtdS5lZHUuaW4iLCJpc0FkbWluIjpmYWxzZSwiaWF0IjoxNzY5ODU2MzUxLCJleHAiOjE3Njk4NTcyNTF9.Dcv4gjLiewf9VldfbRZtk6oaphhj0ez7xbZNjr9Y9y4
01-31 16:20:26.379     0     0 W [    C0] [rt_task_fixup][725]: RT task was runnable for more than 200000 ns on CPU 0, moved it to CPU 1 (BckgrndExec HP-1969)
01-31 16:20:26.424     0     0 W [    C0] [rt_task_fixup][725]: RT task was runnable for more than 200000 ns on CPU 0, moved it to CPU 3 (crtc_event:146-1037)
01-31 16:20:26.450 29363 29363 E spi_geni a80000.spi: spi_geni_runtime_suspend: 0 ---1end ctlr->queue = 1 ctlr->busy = 0 ctlr->running = 1
01-31 16:20:26.837  1623 14139 E QLM-Client-Lib: QLM-Lib-Client:do_common_listen:connect failure, err:13, path:/dev/socket/qlm_service
01-31 16:20:26.596     0     0 W [    C0] [rt_task_fixup][725]: RT task was runnable for more than 200000 ns on CPU 0, moved it to CPU 2 (rcuog/4-50)
01-31 16:20:26.608     0     0 W [    C0] [rt_task_fixup][725]: RT task was runnable for more than 200000 ns on CPU 0, moved it to CPU 1 (vendor.qti.hard-1825)
01-31 16:20:27.054  2025 15334 D StNfcHal: (#056FC) Rx 6f 02 0f (hidden)
01-31 16:20:27.055  2025 15333 D StNfcHal: HalStopTimer 
01-31 16:20:27.289  2025 15334 D StNfcHal: (#056FD) Rx 6f 02 27 (hidden)
01-31 16:20:27.289  2025 15333 D StNfcHal: HalStopTimer 
01-31 16:20:27.407  1678  1825 I SDM     : DisplayBase::CommitThread: Received idle timeout, panel: video, timeout: 70000 us
01-31 16:20:27.078  2112  2112 E [binder][0x160e4114c17][10:50:27.415885] qca6750: [2112:E:DP] dp_request_rx_hw_stats: Stats already requested
01-31 16:20:27.078  2112  2112 E [binder][0x160e4114ff9][10:50:27.415937] qca6750: [2112:E:HDD] __wlan_hdd_cfg80211_stats_ext_request: Failed to get hw stats: 6
01-31 16:20:27.424  1592 14745 I WifiHAL : event received NL80211_CMD_VENDOR, vendor_id = 0x1374, subcmd = 0xd
01-31 16:20:27.425  2173  2173 I cnss-daemon: nl80211 response handler invoked
01-31 16:20:27.425  2173  2173 I cnss-daemon: nl80211_response_handler: cmd 103, vendorID 4980, subcmd 13  received
01-31 16:20:27.452 32763   382 D ApiClient: <-- 401 https://laundry-buddy-api.onrender.com/api/orders/my-orders (884ms)
01-31 16:20:27.452 32763   382 D ApiClient: date: Sat, 31 Jan 2026 10:50:26 GMT
01-31 16:20:27.452 32763   382 D ApiClient: content-type: application/json; charset=utf-8
01-31 16:20:27.452 32763   382 D ApiClient: cf-ray: 9c68a5ec1ae377d3-DEL
01-31 16:20:27.452 32763   382 D ApiClient: access-control-allow-credentials: true
01-31 16:20:27.452 32763   382 D ApiClient: access-control-expose-headers: set-cookie
01-31 16:20:27.452 32763   382 D ApiClient: content-security-policy: default-src 'self';style-src 'self' 'unsafe-inline' https://fonts.googleapis.com;script-src 'self' 'unsafe-inline' https://accounts.google.com https://apis.google.com;img-src 'self' data: https: blob:;connect-src 'self' https://accounts.google.com;font-src 'self' https://fonts.gstatic.com;object-src 'none';media-src 'self';frame-src https://accounts.google.com;base-uri 'self';form-action 'self';frame-ancestors 'none';script-src-attr 'none';upgrade-insecure-requests
01-31 16:20:27.452 32763   382 D ApiClient: cross-origin-opener-policy: same-origin
01-31 16:20:27.452 32763   382 D ApiClient: cross-origin-resource-policy: cross-origin
01-31 16:20:27.452 32763   382 D ApiClient: etag: W/"3e-s5mV16zaasa0XEANEPJR2r7TLdA"
01-31 16:20:27.452 32763   382 D ApiClient: origin-agent-cluster: ?1
01-31 16:20:27.452 32763   382 D ApiClient: ratelimit-limit: 500
01-31 16:20:27.452 32763   382 D ApiClient: ratelimit-policy: 500;w=900
01-31 16:20:27.452 32763   382 D ApiClient: ratelimit-remaining: 497
01-31 16:20:27.452 32763   382 D ApiClient: ratelimit-reset: 617
01-31 16:20:27.452 32763   382 D ApiClient: referrer-policy: strict-origin-when-cross-origin
01-31 16:20:27.452 32763   382 D ApiClient: rndr-id: ffa3046b-e016-479b
01-31 16:20:27.453 32763   382 D ApiClient: strict-transport-security: max-age=31536000; includeSubDomains; preload
01-31 16:20:27.453 32763   382 D ApiClient: vary: Origin, Accept-Encoding
01-31 16:20:27.453 32763   382 D ApiClient: vary: Accept-Encoding
01-31 16:20:27.453 32763   382 D ApiClient: x-content-type-options: nosniff
01-31 16:20:27.453 32763   382 D ApiClient: x-dns-prefetch-control: off
01-31 16:20:27.453 32763   382 D ApiClient: x-download-options: noopen
01-31 16:20:27.453 32763   382 D ApiClient: x-frame-options: SAMEORIGIN
01-31 16:20:27.453 32763   382 D ApiClient: x-permitted-cross-domain-policies: none
01-31 16:20:27.453 32763   382 D ApiClient: x-render-origin-server: Render
01-31 16:20:27.453 32763   382 D ApiClient: x-xss-protection: 0
01-31 16:20:27.453 32763   382 D ApiClient: cf-cache-status: DYNAMIC
01-31 16:20:27.453 32763   382 D ApiClient: server: cloudflare
01-31 16:20:27.453 32763   382 D ApiClient: alt-svc: h3=":443"; ma=86400
01-31 16:20:27.454 32763   382 D ApiClient: 
01-31 16:20:27.454 32763   382 D ApiClient: {"success":false,"message":"Not authenticated. Please login."}
01-31 16:20:27.454 32763   382 D ApiClient: <-- END HTTP (62-byte body)
01-31 16:20:27.482 14449 14595 D ActivityManager: freezing 30367 com.google.android.odad
01-31 16:20:27.487 14449 14662 D InetDiagMessage: Destroyed 0 sockets, proto=IPPROTO_TCP, family=AF_INET, states=14
01-31 16:20:27.489 14449 14662 D InetDiagMessage: Destroyed 0 sockets, proto=IPPROTO_TCP, family=AF_INET6, states=14
01-31 16:20:27.489 14449 14662 D InetDiagMessage: Destroyed live tcp sockets for uids={10130} in 3ms
01-31 16:20:27.491 15461 15461 W dataInfoSend: type=1400 audit(0.0:49088773): avc:  denied  { bpf } for  capability=39  scontext=u:r:bpfloader:s0 tcontext=u:r:bpfloader:s0 tclass=capability2 permissive=0
01-31 16:20:27.491 15461 15461 W dataInfoSend: type=1400 audit(0.0:49088774): avc:  denied  { bpf } for  capability=39  scontext=u:r:bpfloader:s0 tcontext=u:r:bpfloader:s0 tclass=capability2 permissive=0
01-31 16:20:27.491 15461 15461 W dataInfoSend: type=1400 audit(0.0:49088775): avc:  denied  { bpf } for  capability=39  scontext=u:r:bpfloader:s0 tcontext=u:r:bpfloader:s0 tclass=capability2 permissive=0
01-31 16:20:27.491 15461 15461 W dataInfoSend: type=1400 audit(0.0:49088776): avc:  denied  { bpf } for  capability=39  scontext=u:r:bpfloader:s0 tcontext=u:r:bpfloader:s0 tclass=capability2 permissive=0
01-31 16:20:27.491 15461 15461 W dataInfoSend: type=1400 audit(0.0:49088777): avc:  denied  { bpf } for  capability=39  scontext=u:r:bpfloader:s0 tcontext=u:r:bpfloader:s0 tclass=capability2 permissive=0
01-31 16:20:27.159 27537 27537 W audit   : audit_lost=48994014 audit_rate_limit=5 audit_backlog_limit=64
01-31 16:20:27.159 27537 27537 E audit   : rate limit exceeded
01-31 16:20:27.811 32320 32320 I Finsky:background: [2] Memory trim requested to level 40
01-31 16:20:27.811  5003  5003 I Finsky  : [2] Memory trim requested to level 40
01-31 16:20:27.811  5003  5003 I Finsky  : [2] Flushing in-memory image cache
01-31 16:20:27.833  1678  1825 I SDM     : DisplayBase::CommitThread: Received idle timeout, panel: video, timeout: 69999 us
01-31 16:20:27.799  3397  3397 I [dp_rx_][0x160e4e48585][10:50:28.136865] qca6750: [3397:I:QDF] DHCP-R RX: SA:98:bd:80:**:**:76 DA:ff:ff:ff:**:**:ff
01-31 16:20:28.270  2025 15334 D StNfcHal: (#056FE) Rx 6f 02 0f (hidden)
01-31 16:20:28.270  2025 15333 D StNfcHal: HalStopTimer 
01-31 16:20:28.002  3397  3397 I [dp_rx_][0x160e5200cab][10:50:28.340053] qca6750: [3397:I:QDF] DHCP-R RX: SA:00:41:0e:**:**:7b DA:ff:ff:ff:**:**:ff
01-31 16:20:28.439 32763   301 W om.laundrybuddy: Cleared Reference was only reachable from finalizer (only reported once)
01-31 16:20:28.441 32763   301 W om.laundrybuddy: userfaultfd: MOVE ioctl seems unsupported: Connection timed out
01-31 16:20:28.482  1553 15462 I vendor.qti.bluetooth@1.1-ibs_handler: ProcessIbsCmd: Received IBS_WAKE_IND: 0xFD
01-31 16:20:28.482  1553 15462 D vendor.qti.bluetooth@1.1-ibs_handler: SerialClockVote: vote for UART CLK ON
01-31 16:20:28.482  1553 15462 D vendor.qti.bluetooth@1.1-wake_lock: Acquire wakelock is acquired 
01-31 16:20:28.482  1553 15462 I vendor.qti.bluetooth@1.1-ibs_handler: ProcessIbsCmd: Writing IBS_WAKE_ACK
01-31 16:20:28.506  2025 15334 D StNfcHal: (#056FF) Rx 6f 02 27 (hidden)
01-31 16:20:28.506  2025 15333 D StNfcHal: HalStopTimer 
01-31 16:20:28.511 15461 15461 W dataInfoSend: type=1400 audit(0.0:49091714): avc:  denied  { bpf } for  capability=39  scontext=u:r:bpfloader:s0 tcontext=u:r:bpfloader:s0 tclass=capability2 permissive=0
01-31 16:20:28.511 15461 15461 W dataInfoSend: type=1400 audit(0.0:49091715): avc:  denied  { bpf } for  capability=39  scontext=u:r:bpfloader:s0 tcontext=u:r:bpfloader:s0 tclass=capability2 permissive=0
01-31 16:20:28.511 15461 15461 W dataInfoSend: type=1400 audit(0.0:49091716): avc:  denied  { bpf } for  capability=39  scontext=u:r:bpfloader:s0 tcontext=u:r:bpfloader:s0 tclass=capability2 permissive=0
01-31 16:20:28.511 15461 15461 W dataInfoSend: type=1400 audit(0.0:49091717): avc:  denied  { bpf } for  capability=39  scontext=u:r:bpfloader:s0 tcontext=u:r:bpfloader:s0 tclass=capability2 permissive=0
01-31 16:20:28.511 15461 15461 W dataInfoSend: type=1400 audit(0.0:49091718): avc:  denied  { bpf } for  capability=39  scontext=u:r:bpfloader:s0 tcontext=u:r:bpfloader:s0 tclass=capability2 permissive=0
01-31 16:20:28.176 27537 27537 W audit   : audit_lost=48996950 audit_rate_limit=5 audit_backlog_limit=64
01-31 16:20:28.176 27537 27537 E audit   : rate limit exceeded
01-31 16:20:28.523  1553 15462 I vendor.qti.bluetooth@1.1-ibs_handler: ProcessIbsCmd: Received IBS_SLEEP_IND: 0xFE
01-31 16:20:28.523  1553 15462 D vendor.qti.bluetooth@1.1-ibs_handler: SerialClockVote: vote for UART CLK OFF
01-31 16:20:28.312  3397  3397 I [dp_rx_][0x160e57aee06][10:50:28.650258] qca6750: [3397:I:QDF] DHCP-R RX: SA:cc:08:fa:**:**:4a DA:ff:ff:ff:**:**:ff
01-31 16:20:28.673  1553 15305 D vendor.qti.bluetooth@1.1-wake_lock: Release wakelock is released 
01-31 16:20:28.366  1114  1114 D [FTS_TS]fts_input_report_b: [B]P0(471, 1859)[p:63,tm:11] DOWN!
01-31 16:20:28.426  1114  1114 D [FTS_TS]fts_input_report_b: [B]P0 UP!
01-31 16:20:28.426  1114  1114 D [FTS_TS]fts_input_report_b: [B]Points All Up!
01-31 16:20:28.500     0     0 W [    C2] [rt_task_fixup][725]: RT task was runnable for more than 200000 ns on CPU 2, moved it to CPU 1 (binder:1726_3-2993)
01-31 16:20:28.617  3397  3397 I [dp_rx_][0x160e5d417ef][10:50:28.954604] qca6750: [3397:I:QDF] DHCP-R RX: SA:82:8c:66:**:**:88 DA:ff:ff:ff:**:**:ff
01-31 16:20:28.680 29363 29363 E spi_geni a80000.spi: spi_geni_runtime_suspend: 0 ---1end ctlr->queue = 1 ctlr->busy = 0 ctlr->running = 1
01-31 16:20:28.696     0     0 W [    C0] [rt_task_fixup][725]: RT task was runnable for more than 200000 ns on CPU 0, moved it to CPU 2 (BckgrndExec HP-1969)
01-31 16:20:29.099  1694  1694 I vendor.qti.hardware.servicetrackeraidl-service: unbindService is called for service : com.google.android.gms/.chimera.PersistentDirectBootAwareApiService and for client com.android.vending
01-31 16:20:29.100  1694  1694 I vendor.qti.hardware.servicetrackeraidl-service: unbindService is called for service : com.google.android.gms/.chimera.GmsBoundBrokerService and for client com.android.vending
01-31 16:20:29.100  1694  1694 I vendor.qti.hardware.servicetrackeraidl-service: size of service connections for service: com.google.android.gms/.chimera.GmsBoundBrokerServiceafter removal is 2
01-31 16:20:29.100  1694  1694 I vendor.qti.hardware.servicetrackeraidl-service: size of client connections for client: com.android.vendingafter removal is 4
01-31 16:20:29.101 21435 21435 D BoundBrokerSvc: onUnbind: Intent { act=com.google.android.gms.safetynet.service.START xflg=0x4 pkg=com.google.android.gms }
01-31 16:20:28.898  1114  1114 D [FTS_TS]fts_input_report_b: [B]P0(354, 2056)[p:63,tm:11] DOWN!
01-31 16:20:29.291  1691  4833 E ANDR-PERF-LM: SilkyScrolls: emptyContentDetection() 762: empty Content found
01-31 16:20:28.969  1114  1114 D [FTS_TS]fts_input_report_b: [B]P0 UP!
01-31 16:20:28.969  1114  1114 D [FTS_TS]fts_input_report_b: [B]Points All Up!
01-31 16:20:29.327 32763 32763 I om.laundrybuddy: hiddenapi: Accessing hidden method Ljava/lang/Void;-><init>()V (runtime_flags=0, domain=core-platform, api=unsupported) from Lcom/google/gson/internal/ConstructorConstructor; (domain=app, TargetSdkVersion=34) using reflection: allowed
01-31 16:20:29.329 32763   382 D ApiClient: --> POST https://laundry-buddy-api.onrender.com/api/auth/logout
01-31 16:20:29.330 32763   382 D ApiClient: Content-Length: 0
01-31 16:20:29.330 32763   382 D ApiClient: 
01-31 16:20:29.330 32763   382 D ApiClient: 
01-31 16:20:29.331 32763   382 D ApiClient: --> END POST (0-byte body)
01-31 16:20:29.331 32763   382 D LaundryBuddyApp: Reading Token: eyJhbGciOiJIUzI1NiIsInR5cCI6IkpXVCJ9.eyJpZCI6IjY5NDk4ZDg5ZDgzNDFmM2UzZDlmMWMxNSIsImVtYWlsIjoiYXl1c2htYWFuLnlhZGF2LjI0Y3NlQGJtdS5lZHUuaW4iLCJpc0FkbWluIjpmYWxzZSwiaWF0IjoxNzY5ODU2MzUxLCJleHAiOjE3Njk4NTcyNTF9.Dcv4gjLiewf9VldfbRZtk6oaphhj0ez7xbZNjr9Y9y4
01-31 16:20:29.331 32763   382 D ApiClient: Interceptor Check. Token: eyJhbGciOiJIUzI1NiIsInR5cCI6IkpXVCJ9.eyJpZCI6IjY5NDk4ZDg5ZDgzNDFmM2UzZDlmMWMxNSIsImVtYWlsIjoiYXl1c2htYWFuLnlhZGF2LjI0Y3NlQGJtdS5lZHUuaW4iLCJpc0FkbWluIjpmYWxzZSwiaWF0IjoxNzY5ODU2MzUxLCJleHAiOjE3Njk4NTcyNTF9.Dcv4gjLiewf9VldfbRZtk6oaphhj0ez7xbZNjr9Y9y4
01-31 16:20:29.363  1694  1694 I vendor.qti.hardware.servicetrackeraidl-service: unbindService is called for service : com.google.android.gms/.chimera.PersistentDirectBootAwareApiService and for client com.google.android.googlequicksearchbox:interactor
01-31 16:20:29.363  1694  1694 I vendor.qti.hardware.servicetrackeraidl-service: size of service connections for service: com.google.android.gms/.chimera.PersistentDirectBootAwareApiServiceafter removal is 338
01-31 16:20:29.363  1694  1694 I vendor.qti.hardware.servicetrackeraidl-service: size of client connections for client: com.google.android.googlequicksearchbox:interactorafter removal is 0
01-31 16:20:29.081  2112  2112 E [binder][0x160e65c2dc8][10:50:29.419107] qca6750: [2112:E:DP] dp_request_rx_hw_stats: Stats already requested
01-31 16:20:29.081  2112  2112 E [binder][0x160e65c30b7][10:50:29.419147] qca6750: [2112:E:HDD] __wlan_hdd_cfg80211_stats_ext_request: Failed to get hw stats: 6
01-31 16:20:29.428  1592 14745 I WifiHAL : event received NL80211_CMD_VENDOR, vendor_id = 0x1374, subcmd = 0xd
01-31 16:20:29.429  2173  2173 I cnss-daemon: nl80211 response handler invoked
01-31 16:20:29.429  2173  2173 I cnss-daemon: nl80211_response_handler: cmd 103, vendorID 4980, subcmd 13  received
01-31 16:20:29.114  1665  1665 I [binder][0x160e665ad90][10:50:29.451531] qca6750: [1665:I:HDD] __wlan_hdd_cfg80211_get_logger_supp_feature: Ring buffer disable
01-31 16:20:29.453 14449 14651 I HalDevMgr: bestIfaceCreationProposal is null, requestIface=STA, existingIface=[name=wlan0 type=STA]
01-31 16:20:29.463 14449 14662 D ConnectivityService: NetReassign [no changes] [c 1] [a 2] [i 5]
01-31 16:20:29.527 15461 15461 W dataInfoSend: type=1400 audit(0.0:49094655): avc:  denied  { bpf } for  capability=39  scontext=u:r:bpfloader:s0 tcontext=u:r:bpfloader:s0 tclass=capability2 permissive=0
01-31 16:20:29.527 15461 15461 W dataInfoSend: type=1400 audit(0.0:49094656): avc:  denied  { bpf } for  capability=39  scontext=u:r:bpfloader:s0 tcontext=u:r:bpfloader:s0 tclass=capability2 permissive=0
01-31 16:20:29.527 15461 15461 W dataInfoSend: type=1400 audit(0.0:49094657): avc:  denied  { bpf } for  capability=39  scontext=u:r:bpfloader:s0 tcontext=u:r:bpfloader:s0 tclass=capability2 permissive=0
01-31 16:20:29.527 15461 15461 W dataInfoSend: type=1400 audit(0.0:49094658): avc:  denied  { bpf } for  capability=39  scontext=u:r:bpfloader:s0 tcontext=u:r:bpfloader:s0 tclass=capability2 permissive=0
01-31 16:20:29.527 15461 15461 W dataInfoSend: type=1400 audit(0.0:49094659): avc:  denied  { bpf } for  capability=39  scontext=u:r:bpfloader:s0 tcontext=u:r:bpfloader:s0 tclass=capability2 permissive=0
01-31 16:20:29.193 27537 27537 W audit   : audit_lost=48999886 audit_rate_limit=5 audit_backlog_limit=64
01-31 16:20:29.193 27537 27537 E audit   : rate limit exceeded
01-31 16:20:29.245 29363 29363 E spi_geni a80000.spi: spi_geni_runtime_suspend: 0 ---1end ctlr->queue = 1 ctlr->busy = 0 ctlr->running = 1
01-31 16:20:29.596 16270 17655 D BluetoothAdapter: isLeEnabled(): ON
01-31 16:20:29.597 32763   382 D ApiClient: <-- 200 https://laundry-buddy-api.onrender.com/api/auth/logout (266ms)
01-31 16:20:29.598 32763   382 D ApiClient: date: Sat, 31 Jan 2026 10:50:29 GMT
01-31 16:20:29.598 32763   382 D ApiClient: content-type: application/json; charset=utf-8
01-31 16:20:29.598 32763   382 D ApiClient: access-control-allow-credentials: true
01-31 16:20:29.598 32763   382 D ApiClient: access-control-expose-headers: set-cookie
01-31 16:20:29.598 32763   382 D ApiClient: content-security-policy: default-src 'self';style-src 'self' 'unsafe-inline' https://fonts.googleapis.com;script-src 'self' 'unsafe-inline' https://accounts.google.com https://apis.google.com;img-src 'self' data: https: blob:;connect-src 'self' https://accounts.google.com;font-src 'self' https://fonts.gstatic.com;object-src 'none';media-src 'self';frame-src https://accounts.google.com;base-uri 'self';form-action 'self';frame-ancestors 'none';script-src-attr 'none';upgrade-insecure-requests
01-31 16:20:29.598 32763   382 D ApiClient: cross-origin-opener-policy: same-origin
01-31 16:20:29.598 32763   382 D ApiClient: cross-origin-resource-policy: cross-origin
01-31 16:20:29.598 32763   382 D ApiClient: etag: W/"34-RTw5tHxjaaqEcEVbesn1aQCzRls"
01-31 16:20:29.598 32763   382 D ApiClient: origin-agent-cluster: ?1
01-31 16:20:29.598 32763   382 D ApiClient: ratelimit-limit: 100
01-31 16:20:29.598 32763   382 D ApiClient: ratelimit-policy: 100;w=900
01-31 16:20:29.598 32763   382 D ApiClient: ratelimit-remaining: 98
01-31 16:20:29.598 32763   382 D ApiClient: ratelimit-reset: 615
01-31 16:20:29.598 32763   382 D ApiClient: referrer-policy: strict-origin-when-cross-origin
01-31 16:20:29.598 32763   382 D ApiClient: rndr-id: 87305728-b9d4-4820
01-31 16:20:29.598 32763   382 D ApiClient: set-cookie: connect.sid=; Path=/; Expires=Thu, 01 Jan 1970 00:00:00 GMT
01-31 16:20:29.598 32763   382 D ApiClient: strict-transport-security: max-age=31536000; includeSubDomains; preload
01-31 16:20:29.598 32763   382 D ApiClient: vary: Origin, Accept-Encoding
01-31 16:20:29.598 32763   382 D ApiClient: vary: Accept-Encoding
01-31 16:20:29.598 32763   382 D ApiClient: x-content-type-options: nosniff
01-31 16:20:29.598 32763   382 D ApiClient: x-dns-prefetch-control: off
01-31 16:20:29.598 32763   382 D ApiClient: x-download-options: noopen
01-31 16:20:29.598 32763   382 D ApiClient: x-frame-options: SAMEORIGIN
01-31 16:20:29.598 32763   382 D ApiClient: x-permitted-cross-domain-policies: none
01-31 16:20:29.598 32763   382 D ApiClient: x-render-origin-server: Render
01-31 16:20:29.598 32763   382 D ApiClient: x-xss-protection: 0
01-31 16:20:29.598 32763   382 D ApiClient: cf-cache-status: DYNAMIC
01-31 16:20:29.598 32763   382 D ApiClient: server: cloudflare
01-31 16:20:29.598 32763   382 D ApiClient: cf-ray: 9c68a5fc7b8c77d3-DEL
01-31 16:20:29.598 32763   382 D ApiClient: alt-svc: h3=":443"; ma=86400
01-31 16:20:29.598 32763   382 D ApiClient: 
01-31 16:20:29.599 32763   382 D ApiClient: {"success":true,"message":"Logged out successfully"}
01-31 16:20:29.599 32763   382 D ApiClient: <-- END HTTP (52-byte body)
01-31 16:20:29.601 16270  9194 D BluetoothLeScanner: onScannerRegistered() - status=0 scannerId=2 mScannerId=0
01-31 16:20:29.605   943   943 I hwservicemanager: getTransport: Cannot find entry vendor.qti.hardware.servicetracker@1.2::IServicetracker/default in either framework or device VINTF manifest.
01-31 16:20:29.605 14449 16102 W ActivityTaskManager: servicetracker HIDL not available
01-31 16:20:29.605 14449 16102 E ActivityTaskManager: Unable to get servicetracker HAL instance
01-31 16:20:29.606   943   943 I hwservicemanager: getTransport: Cannot find entry vendor.qti.hardware.servicetracker@1.2::IServicetracker/default in either framework or device VINTF manifest.
01-31 16:20:29.606 14449 16102 W ActivityTaskManager: servicetracker HIDL not available
01-31 16:20:29.606 14449 16102 E ActivityTaskManager: Unable to get servicetracker HAL instance
01-31 16:20:29.606 14449 16102 V GrammaticalInflectionUtils: AttributionSource: android.content.AttributionSource@16598e8c does not have READ_SYSTEM_GRAMMATICAL_GENDER permission.
01-31 16:20:29.606 14449 16102 W OptProp : Cannot read opt property android.window.PROPERTY_COMPAT_ALLOW_RESIZEABLE_ACTIVITY_OVERRIDES
01-31 16:20:29.606 14449 16102 W OptProp : Cannot read opt property android.window.PROPERTY_COMPAT_ALLOW_MIN_ASPECT_RATIO_OVERRIDE
01-31 16:20:29.608 14449 16102 D ActivityTrigger: ActivityTrigger activityPauseTrigger 
01-31 16:20:29.609   943   943 I hwservicemanager: getTransport: Cannot find entry vendor.qti.hardware.servicetracker@1.2::IServicetracker/default in either framework or device VINTF manifest.
01-31 16:20:29.609 14449 16102 W ActivityTaskManager: servicetracker HIDL not available
01-31 16:20:29.609 14449 16102 E ActivityTaskManager: Unable to get servicetracker HAL instance
01-31 16:20:29.610  1726  2993 I BpBinder: onLastStrongRef automatically unlinking death recipients: 
01-31 16:20:29.610  1623  1656 I ANDR-PWR-OPT: GAMEPOWEROPT: sendEvents() 232: Start hint for app com.laundrybuddy/com.laundrybuddy.ui.home.MainActivity/1, hintID : 4100, hintID hex : 1004 value: -1
01-31 16:20:29.611 14449 16102 W OptProp : Cannot read opt property android.window.PROPERTY_COMPAT_ALLOW_ORIENTATION_OVERRIDE
01-31 16:20:29.613  1623  1656 I ANDR-PWR-OPT: PowerAppClassifier: getAppType() 59: checking app [com.laundrybuddy] is type 0
01-31 16:20:29.613  1623  1656 I ANDR-PWR-OPT: GAMEPOWEROPT: isGame() 355: com.laundrybuddy is Game = 0
01-31 16:20:29.615 14449 16102 I ActivityTaskManager: START u0 {flg=0x10008000 xflg=0x4 cmp=com.laundrybuddy/.ui.auth.LoginActivity} with LAUNCH_MULTIPLE from uid 10163 pid 32763 (sr=33333752) (BAL_ALLOW_VISIBLE_WINDOW) result code=0
01-31 16:20:29.616 14449 16102 W ActivityTaskManager: Duplicate finish request for r=ActivityRecord{33333752 u0 com.laundrybuddy/.ui.home.MainActivity t1889 f}}
01-31 16:20:29.617  1553  1553 D vendor.qti.bluetooth@1.1-ibs_handler: SerialClockVote: vote for UART CLK ON
01-31 16:20:29.617 14794 14821 V WindowManagerShell: Transition requested (#2044): android.os.BinderProxy@98265af TransitionRequestInfo { type = OPEN, triggerTask = TaskInfo{userId=0 taskId=1889 effectiveUid=10163 displayId=0 isRunning=true baseIntent=Intent { act=android.intent.action.MAIN cat=[android.intent.category.LAUNCHER] flg=0x10200000 cmp=com.laundrybuddy/.ui.auth.LoginActivity } baseActivity=ComponentInfo{com.laundrybuddy/com.laundrybuddy.ui.auth.LoginActivity} topActivity=ComponentInfo{com.laundrybuddy/com.laundrybuddy.ui.auth.LoginActivity} origActivity=null realActivity=ComponentInfo{com.laundrybuddy/com.laundrybuddy.ui.auth.LoginActivity} numActivities=1 lastActiveTime=78939098 supportsMultiWindow=true resizeMode=1 isResizeable=true minWidth=-1 minHeight=-1 defaultMinSize=220 token=WCT{android.window.IWindowContainerToken$Stub$Proxy@bdacdbc} topActivityType=1 pictureInPictureParams=null shouldDockBigOverlays=false launchIntoPipHostTaskId=-1 lastParentTaskIdBeforePip=-1 displayCutoutSafeInsets=Rect(0, 126 - 0, 0) topActivityInfo=ActivityInfo{2411145 com.laundrybuddy.ui.auth.LoginActivity} launchCookies=[android.os.BinderProxy@1281141] positionInParent=Point(0, 0) parentTaskId=-1 isFocused=true isVisible=true isVisibleRequested=false isTopActivityNoDisplay=false isSleeping=false locusId=null displayAreaFeatureId=1 isTopActivityTransparent=false isActivityStackTransparent=false lastNonFullscreenBounds=Rect(276, 687 - 805, 1767) capturedLink=null capturedLinkTimestamp=0 requestedVisibleTypes=-9 topActivityRequestOpenInBrowserEducationTimestamp=0 appCompatTaskInfo=AppCompatTaskInfo { topActivityInSizeCompat=false eligibleForLetterboxEducation= false isLetterboxEducationEnabled= false isLetterboxDoubleTapEnabled= false eligibleForUserAspectRatioButton= false topActivityBoundsLetterboxed= false isFromLetterboxDoubleTap= false topActivityLetterboxVerticalPosition= -1 topActivityLetterboxHorizontalPosition= -1 topActivityLetterboxWidth=-1 topActivityLetterboxHeight=-1 topActivityAppBounds=Rect(0, 126 - 1080, 2329) isUserFullscreenOverrideEnabled=false isSystemFullscreenOverrideEnabled=false hasMinAspectRatioOverride=false topActivityLetterboxBounds=null cameraCompatTaskInfo=CameraCompatTaskInfo { freeformCameraCompatMode=inactive}} topActivityMainWindowFrame=null}, pipChange = null, remoteTransition = null, displayChange = null, flags = 0, debugId = 2044 }
01-31 16:20:29.618 14794 14821 D ShellSplitScreen: logExit: no-op, mLoggerSessionId is null
01-31 16:20:29.618  1553  1553 D vendor.qti.bluetooth@1.1-wake_lock: Acquire wakelock is acquired 
01-31 16:20:29.618  1553  1553 I vendor.qti.bluetooth@1.1-ibs_handler: DeviceWakeUp: Writing IBS_WAKE_IND
01-31 16:20:29.621   943   943 I hwservicemanager: getTransport: Cannot find entry vendor.qti.hardware.servicetracker@1.2::IServicetracker/default in either framework or device VINTF manifest.
01-31 16:20:29.621 14449 16102 W ActivityTaskManager: servicetracker HIDL not available
01-31 16:20:29.621 14449 16102 E ActivityTaskManager: Unable to get servicetracker HAL instance
01-31 16:20:29.621 14449 14506 D OomAdjuster: set group = 5
01-31 16:20:29.621 14449 14506 D OomAdjuster: set cpuset: 5
01-31 16:20:29.621   943   943 I hwservicemanager: getTransport: Cannot find entry vendor.qti.hardware.servicetracker@1.2::IServicetracker/default in either framework or device VINTF manifest.
01-31 16:20:29.621 14449 15165 W ProcessStats: Tracking association SourceState{c3e3b88 com.nothing.launcher/10221 BFgs #174977} whose proc state 4 is better than process ProcessState{91e1a8d com.nothing.universal.search/10357 pkg=com.nothing.universal.search} proc state 14 (192 skipped)
01-31 16:20:29.622 14449 16102 W ActivityTaskManager: servicetracker HIDL not available
01-31 16:20:29.622 14449 16102 E ActivityTaskManager: Unable to get servicetracker HAL instance
01-31 16:20:29.622   943   943 I hwservicemanager: getTransport: Cannot find entry vendor.qti.hardware.servicetracker@1.2::IServicetracker/default in either framework or device VINTF manifest.
01-31 16:20:29.622 14449 16102 W ActivityTaskManager: servicetracker HIDL not available
01-31 16:20:29.622 14449 16102 E ActivityTaskManager: Unable to get servicetracker HAL instance
01-31 16:20:29.622 14449 14705 D BackgroundInstallControlService: Package event received: 0
01-31 16:20:29.622 14449 16102 D NtMemoryManager: mIsHighPressureScene: false : com.laundrybuddy
01-31 16:20:29.622 14449 16102 D NtProcessManager: Top app: com.laundrybuddy
01-31 16:20:29.623 14449 16102 I ActivityTaskManager: The Process com.laundrybuddy Already Exists in BG. So sending its PID: 32763
01-31 16:20:29.624 14449 15165 W AutofillManagerServiceImpl: getFillEventHistory() called by UID 10150, but service UID is 10151
01-31 16:20:29.625   943   943 I hwservicemanager: getTransport: Cannot find entry vendor.qti.hardware.servicetracker@1.2::IServicetracker/default in either framework or device VINTF manifest.
01-31 16:20:29.625  1623  1656 I ANDR-PWR-OPT: GAMEPOWEROPT: sendEvents() 232: Start hint for app com.laundrybuddy/com.laundrybuddy.ui.auth.LoginActivity/1, hintID : 4099, hintID hex : 1003 value: -1
01-31 16:20:29.625 14449 16102 W ActivityTaskManager: servicetracker HIDL not available
01-31 16:20:29.625 14449 16102 E ActivityTaskManager: Unable to get servicetracker HAL instance
01-31 16:20:29.625 14449 16102 V NtGameModeImpl: onAppFocusChanged: pkg=com.laundrybuddy, uid=10163, category=-1, launchMode= 1
01-31 16:20:29.625 14449 16102 D NtPopUpViewImpl: PopUpView: onAppFocusChanged: newTask=Task{e49bc7c #1889 type=standard A=10163:com.laundrybuddy}, showDimmer=false
01-31 16:20:29.625 14449 16102 D NtKafkaEventHelper: onActivityRecordChanged: info com.laundrybuddy:10163:32763
01-31 16:20:29.626  1623  1656 I ANDR-PWR-OPT: PowerAppClassifier: getAppType() 59: checking app [com.laundrybuddy] is type 0
01-31 16:20:29.626  1623  1656 I ANDR-PWR-OPT: GAMEPOWEROPT: isGame() 355: com.laundrybuddy is Game = 0
01-31 16:20:29.627  1553 15462 I vendor.qti.bluetooth@1.1-ibs_handler: ProcessIbsCmd: Received IBS_WAKE_ACK: 0xFC
01-31 16:20:29.627  1553 15462 I vendor.qti.bluetooth@1.1-ibs_handler: ProcessIbsCmd: Signal wack_cond_
01-31 16:20:29.627  1553  1553 D vendor.qti.bluetooth@1.1-ibs_handler: DeviceWakeUp: Unblocked from waiting for FC, pthread_cond_timedwait ret = 0
01-31 16:20:29.628  1553 15462 I vendor.qti.bluetooth@1.1-ibs_handler: ProcessIbsCmd: Received IBS_WAKE_IND: 0xFD
01-31 16:20:29.628  1553 15462 I vendor.qti.bluetooth@1.1-ibs_handler: ProcessIbsCmd: Writing IBS_WAKE_ACK
01-31 16:20:29.628 14449 14705 D BackgroundInstallControlService: Package event received: 0
01-31 16:20:29.628 14449 14705 D BackgroundInstallControlService: Package event received: 0
01-31 16:20:29.631 32763 32763 I om.laundrybuddy: AssetManager2(0xb4000071903639d8) locale list changing from [] to [en-GB]
01-31 16:20:29.633 14449 16086 D CoreBackPreview: Window{a9da59f u0 Splash Screen com.laundrybuddy}: Setting back callback OnBackInvokedCallbackInfo{mCallback=android.window.IOnBackInvokedCallback$Stub$Proxy@c4aab5, mPriority=0, mIsAnimationCallback=false, mOverrideBehavior=0}
01-31 16:20:29.635 14794 14852 D NtViewRootImpl: mPopUpViewOffsets: offset=(0.0, 0.0), scale=(1.0, 1.0)
01-31 16:20:29.644 32763 32763 W HWUI    : Image decoding logging dropped!
01-31 16:20:29.646 14449 14485 V WindowManager: Sent Transition (#2044) createdAt=01-31 16:20:29.607 via request=TransitionRequestInfo { type = OPEN, triggerTask = TaskInfo{userId=0 taskId=1889 effectiveUid=10163 displayId=0 isRunning=true baseIntent=Intent { act=android.intent.action.MAIN cat=[android.intent.category.LAUNCHER] flg=0x10200000 cmp=com.laundrybuddy/.ui.auth.LoginActivity } baseActivity=ComponentInfo{com.laundrybuddy/com.laundrybuddy.ui.auth.LoginActivity} topActivity=ComponentInfo{com.laundrybuddy/com.laundrybuddy.ui.auth.LoginActivity} origActivity=null realActivity=ComponentInfo{com.laundrybuddy/com.laundrybuddy.ui.auth.LoginActivity} numActivities=1 lastActiveTime=78939098 supportsMultiWindow=true resizeMode=1 isResizeable=true minWidth=-1 minHeight=-1 defaultMinSize=220 token=WCT{RemoteToken{5d51880 Task{e49bc7c #1889 type=standard A=10163:com.laundrybuddy}}} topActivityType=1 pictureInPictureParams=null shouldDockBigOverlays=false launchIntoPipHostTaskId=-1 lastParentTaskIdBeforePip=-1 displayCutoutSafeInsets=Rect(0, 126 - 0, 0) topActivityInfo=ActivityInfo{a623d31 com.laundrybuddy.ui.auth.LoginActivity} launchCookies=[android.os.BinderProxy@a0022fe] positionInParent=Point(0, 0) parentTaskId=-1 isFocused=true isVisible=true isVisibleRequested=false isTopActivityNoDisplay=false isSleeping=false locusId=null displayAreaFeatureId=1 isTopActivityTransparent=false isActivityStackTransparent=false lastNonFullscreenBounds=Rect(276, 687 - 805, 1767) capturedLink=null capturedLinkTimestamp=0 requestedVisibleTypes=-9 topActivityRequestOpenInBrowserEducationTimestamp=0 appCompatTaskInfo=AppCompatTaskInfo { topActivityInSizeCompat=false eligibleForLetterboxEducation= false isLetterboxEducationEnabled= false isLetterboxDoubleTapEnabled= false eligibleForUserAspectRatioButton= false topActivityBoundsLetterboxed= false isFromLetterboxDoubleTap= false topActivityLetterboxVerticalPosition= -1 topActivityLetterboxHorizontalPosition= -1 topActivityLetterboxWidth=-1 topActivityLetterboxHeight=-1 topActivityAppBounds=Rect(0, 126 - 1080, 2329) isUserFullscreenOverrideEnabled=false isSystemFullscreenOverrideEnabled=false hasMinAspectRatioOverride=false topActivityLetterboxBounds=null cameraCompatTaskInfo=CameraCompatTaskInfo { freeformCameraCompatMode=inactive}} topActivityMainWindowFrame=null}, pipChange = null, remoteTransition = null, displayChange = null, flags = 0, debugId = 2044 }
01-31 16:20:29.646 14449 14485 V WindowManager:     startWCT=WindowContainerTransaction { changes= {} hops= [] errorCallbackToken=null taskFragmentOrganizer=null }
01-31 16:20:29.647 14449 14485 V WindowManager:     info={id=2044 t=OPEN f=0x0 trk=0 r=[0@Point(0, 0)] c=[
01-31 16:20:29.647 14449 14485 V WindowManager:         {m=OPEN f=FILLS_TASK|IS_BEHIND_STARTING_WINDOW leash=Surface(name=ActivityRecord{21022787 u0 com.laundrybuddy/.ui.auth.LoginActivity)/@0x3c0fcbb sb=Rect(0, 0 - 0, 0) eb=Rect(0, 0 - 1080, 2392) epz=Point(1080, 2392) d=-1->0 r=-1->0:-1 bc=ff111827 component=com.laundrybuddy/.ui.auth.LoginActivity ntPopUpView={mIsTryEnterWindowingMode=false mIsEnterWindowingModeLandscape=false mIsChangingWindowformBounds=false mStartPos=Point(0, 0) mEndPos=Point(0, 0) mStartScale=0.0 mEndScale=0.0 mStartCornerRadius=0.0 mEndCornerRadius=0.0 mAppBounds=Rect(0, 0 - 0, 0) mWindowCrop=Rect(0, 0 - 0, 0) mStartDragOrChangingBounds=Rect(0, 0 - 0, 0) mEndDragOrChangingBounds=Rect(0, 0 - 0, 0) mBottomLeftCornerLeash=null mBottomRightCornerLeash=null mDragBarLeash=null mCornerHintSize=0x0 mDragBarSize=0x0}},
01-31 16:20:29.647 14449 14485 V WindowManager:         {m=CLOSE f=FILLS_TASK|IS_BEHIND_STARTING_WINDOW leash=Surface(name=ActivityRecord{33333752 u0 com.laundrybuddy/.ui.home.MainActivity)/@0x177f4d3 sb=Rect(0, 0 - 1080, 2392) eb=Rect(0, 0 - 1080, 2392) epz=Point(1080, 2392) d=0 bc=ff111827 component=com.laundrybuddy/.ui.home.MainActivity ntPopUpView={mIsTryEnterWindowingMode=false mIsEnterWindowingModeLandscape=false mIsChangingWindowformBounds=false mStartPos=Point(0, 0) mEndPos=Point(0, 0) mStartScale=0.0 mEndScale=0.0 mStartCornerRadius=0.0 mEndCornerRadius=0.0 mAppBounds=Rect(0, 0 - 0, 0) mWindowCrop=Rect(0, 0 - 0, 0) mStartDragOrChangingBounds=Rect(0, 0 - 0, 0) mEndDragOrChangingBounds=Rect(0, 0 - 0, 0) mBottomLeftCornerLeash=null mBottomRightCornerLeash=null mDragBarLeash=null mCornerHintSize=0x0 mDragBarSize=0x0}}
01-31 16:20:29.647 14449 14485 V WindowManager:     ]}
01-31 16:20:29.647 14794 14805 V WindowManagerShell: onTransitionReady(transaction=62057982598208)
01-31 16:20:29.647 14794 14821 V WindowManagerShell: onTransitionReady (#2044) android.os.BinderProxy@98265af: {id=2044 t=OPEN f=0x0 trk=0 r=[0@Point(0, 0)] c=[
01-31 16:20:29.647 14794 14821 V WindowManagerShell:         {m=OPEN f=FILLS_TASK|IS_BEHIND_STARTING_WINDOW leash=Surface(name=ActivityRecord{21022787 u0 com.laundrybuddy/.ui.auth.LoginActivity)/@0x19565c0 sb=Rect(0, 0 - 0, 0) eb=Rect(0, 0 - 1080, 2392) epz=Point(1080, 2392) d=-1->0 r=-1->0:-1 bc=ff111827 component=com.laundrybuddy/.ui.auth.LoginActivity ntPopUpView={mIsTryEnterWindowingMode=false mIsEnterWindowingModeLandscape=false mIsChangingWindowformBounds=false mStartPos=Point(0, 0) mEndPos=Point(0, 0) mStartScale=0.0 mEndScale=0.0 mStartCornerRadius=0.0 mEndCornerRadius=0.0 mAppBounds=Rect(0, 0 - 0, 0) mWindowCrop=Rect(0, 0 - 0, 0) mStartDragOrChangingBounds=Rect(0, 0 - 0, 0) mEndDragOrChangingBounds=Rect(0, 0 - 0, 0) mBottomLeftCornerLeash=null mBottomRightCornerLeash=null mDragBarLeash=null mCornerHintSize=0x0 mDragBarSize=0x0}},
01-31 16:20:29.647 14794 14821 V WindowManagerShell:         {m=CLOSE f=FILLS_TASK|IS_BEHIND_STARTING_WINDOW leash=Surface(name=ActivityRecord{33333752 u0 com.laundrybuddy/.ui.home.MainActivity)/@0x41d02f9 sb=Rect(0, 0 - 1080, 2392) eb=Rect(0, 0 - 1080, 2392) epz=Point(1080, 2392) d=0 bc=ff111827 component=com.laundrybuddy/.ui.home.MainActivity ntPopUpView={mIsTryEnterWindowingMode=false mIsEnterWindowingModeLandscape=false mIsChangingWindowformBounds=false mStartPos=Point(0, 0) mEndPos=Point(0, 0) mStartScale=0.0 mEndScale=0.0 mStartCornerRadius=0.0 mEndCornerRadius=0.0 mAppBounds=Rect(0, 0 - 0, 0) mWindowCrop=Rect(0, 0 - 0, 0) mStartDragOrChangingBounds=Rect(0, 0 - 0, 0) mEndDragOrChangingBounds=Rect(0, 0 - 0, 0) mBottomLeftCornerLeash=null mBottomRightCornerLeash=null mDragBarLeash=null mCornerHintSize=0x0 mDragBarSize=0x0}}
01-31 16:20:29.647 14794 14821 V WindowManagerShell:     ]}
01-31 16:20:29.648 14794 14821 V WindowManagerShell: Playing animation for (#2044) android.os.BinderProxy@98265af@0
01-31 16:20:29.648 14794 14821 V ShellRecents: RecentsTransitionHandler.startAnimation: no controller found
01-31 16:20:29.648 14794 14821 V WindowManagerShell: Transition doesn't have explicit remote, search filters for match for {id=2044 t=OPEN f=0x0 trk=0 r=[0@Point(0, 0)] c=[{m=OPEN f=FILLS_TASK|IS_BEHIND_STARTING_WINDOW leash=Surface(name=ActivityRecord{21022787 u0 com.laundrybuddy/.ui.auth.LoginActivity)/@0x19565c0 sb=Rect(0, 0 - 0, 0) eb=Rect(0, 0 - 1080, 2392) epz=Point(1080, 2392) d=-1->0 r=-1->0:-1 bc=ff111827 component=com.laundrybuddy/.ui.auth.LoginActivity ntPopUpView={mIsTryEnterWindowingMode=false mIsEnterWindowingModeLandscape=false mIsChangingWindowformBounds=false mStartPos=Point(0, 0) mEndPos=Point(0, 0) mStartScale=0.0 mEndScale=0.0 mStartCornerRadius=0.0 mEndCornerRadius=0.0 mAppBounds=Rect(0, 0 - 0, 0) mWindowCrop=Rect(0, 0 - 0, 0) mStartDragOrChangingBounds=Rect(0, 0 - 0, 0) mEndDragOrChangingBounds=Rect(0, 0 - 0, 0) mBottomLeftCornerLeash=null mBottomRightCornerLeash=null mDragBarLeash=null mCornerHintSize=0x0 mDragBarSize=0x0}},{m=CLOSE f=FILLS_TASK|IS_BEHIND_STARTING_WINDOW leash=Surface(name=ActivityRecord{33333752 u0 com.laundrybuddy/.ui.home.MainActivity)/@0x41d02f9 sb=Rect(0, 0 - 1080, 2392) eb=Rect(0, 0 - 1080, 2392) epz=Point(1080, 2392) d=0 bc=ff111827 component=com.laundrybuddy/.ui.home.MainActivity ntPopUpView={mIsTryEnterWindowingMode=false mIsEnterWindowingModeLandscape=false mIsChangingWindowformBounds=false mStartPos=Point(0, 0) mEndPos=Point(0, 0) mStartScale=0.0 mEndScale=0.0 mStartCornerRadius=0.0 mEndCornerRadius=0.0 mAppBounds=Rect(0, 0 - 0, 0) mWindowCrop=Rect(0, 0 - 0, 0) mStartDragOrChangingBounds=Rect(0, 0 - 0, 0) mEndDragOrChangingBounds=Rect(0, 0 - 0, 0) mBottomLeftCornerLeash=null mBottomRightCornerLeash=null mDragBarLeash=null mCornerHintSize=0x0 mDragBarSize=0x0}}]}
01-31 16:20:29.648 14794 14821 V WindowManagerShell:  Checking filter Pair{{types=[] flags=0x0] notFlags=0x100 checks=[{atype=home independent=true modes=[OPEN,TO_FRONT] flags=NONE mustBeTask=false order=TOP topActivity=ComponentInfo{com.nothing.launcher/com.android.searchlauncher.SearchLauncher} launchCookie=null windowingMode=undefined},{atype=standard independent=true modes=[CLOSE,TO_BACK] flags=NONE mustBeTask=false order=ANY topActivity=null launchCookie=null windowingMode=undefined},{NOT atype=undefined independent=true modes=[] flags=NONE mustBeTask=true order=ANY topActivity=null launchCookie=null customAnim=true windowingMode=undefined}]} RemoteTransition { remoteTransition = android.window.IRemoteTransition$Stub$Proxy@24aab93, appThread = android.app.IApplicationThread$Stub$Proxy@c407d0, debugName = QuickstepLaunchHome }}
01-31 16:20:29.648 14794 14821 V WindowManagerShell:  Checking filter Pair{{types=[] flags=0x0] notFlags=0x100 checks=[{atype=standard independent=true modes=[CLOSE,TO_BACK] flags=TRANSLUCENT mustBeTask=false order=ANY topActivity=null launchCookie=null windowingMode=undefined}]} RemoteTransition { remoteTransition = android.window.IRemoteTransition$Stub$Proxy@8b8e3c9, appThread = android.app.IApplicationThread$Stub$Proxy@2966ace, debugName = QuickstepLaunchHome_OpenTransluent }}
01-31 16:20:29.648 14794 14821 V WindowManagerShell:  Delegate animation for (#2044) to null
01-31 16:20:29.648 14794 14821 V WindowManagerShell: start default transition animation, info = {id=2044 t=OPEN f=0x0 trk=0 r=[0@Point(0, 0)] c=[{m=OPEN f=FILLS_TASK|IS_BEHIND_STARTING_WINDOW leash=Surface(name=ActivityRecord{21022787 u0 com.laundrybuddy/.ui.auth.LoginActivity)/@0x19565c0 sb=Rect(0, 0 - 0, 0) eb=Rect(0, 0 - 1080, 2392) epz=Point(1080, 2392) d=-1->0 r=-1->0:-1 bc=ff111827 component=com.laundrybuddy/.ui.auth.LoginActivity ntPopUpView={mIsTryEnterWindowingMode=false mIsEnterWindowingModeLandscape=false mIsChangingWindowformBounds=false mStartPos=Point(0, 0) mEndPos=Point(0, 0) mStartScale=0.0 mEndScale=0.0 mStartCornerRadius=0.0 mEndCornerRadius=0.0 mAppBounds=Rect(0, 0 - 0, 0) mWindowCrop=Rect(0, 0 - 0, 0) mStartDragOrChangingBounds=Rect(0, 0 - 0, 0) mEndDragOrChangingBounds=Rect(0, 0 - 0, 0) mBottomLeftCornerLeash=null mBottomRightCornerLeash=null mDragBarLeash=null mCornerHintSize=0x0 mDragBarSize=0x0}},{m=CLOSE f=FILLS_TASK|IS_BEHIND_STARTING_WINDOW leash=Surface(name=ActivityRecord{33333752 u0 com.laundrybuddy/.ui.home.MainActivity)/@0x41d02f9 sb=Rect(0, 0 - 1080, 2392) eb=Rect(0, 0 - 1080, 2392) epz=Point(1080, 2392) d=0 bc=ff111827 component=com.laundrybuddy/.ui.home.MainActivity ntPopUpView={mIsTryEnterWindowingMode=false mIsEnterWindowingModeLandscape=false mIsChangingWindowformBounds=false mStartPos=Point(0, 0) mEndPos=Point(0, 0) mStartScale=0.0 mEndScale=0.0 mStartCornerRadius=0.0 mEndCornerRadius=0.0 mAppBounds=Rect(0, 0 - 0, 0) mWindowCrop=Rect(0, 0 - 0, 0) mStartDragOrChangingBounds=Rect(0, 0 - 0, 0) mEndDragOrChangingBounds=Rect(0, 0 - 0, 0) mBottomLeftCornerLeash=null mBottomRightCornerLeash=null mDragBarLeash=null mCornerHintSize=0x0 mDragBarSize=0x0}}]}
01-31 16:20:29.650 14794 14821 V WindowManagerShell: loadAnimation: anim=android.view.animation.AnimationSet@303544a animAttr=0x5 type=OPEN isEntrance=false
01-31 16:20:29.652 14794 14821 V WindowManagerShell: loadAnimation: anim=android.view.animation.AnimationSet@2671831 animAttr=0x4 type=OPEN isEntrance=true
01-31 16:20:29.653 14794 14821 V WindowManagerShell:  animated by com.android.wm.shell.transition.DefaultTransitionHandler@a46e071
01-31 16:20:29.656 32763 32763 W HWUI    : Image decoding logging dropped!
01-31 16:20:29.659  1678  4759 E ANDR-PERF-OH: ANDR-PERF-OH: getPerfHandle() 55: Invalid handle req: 0
01-31 16:20:29.677 32763 32763 D LaundryBuddyApp: Reading Token: null
01-31 16:20:29.688 32763 32763 I ContentCaptureHelper: Setting logging level to OFF
01-31 16:20:29.699 14449 15256 D CompatChangeReporter: Compat change id reported: 261072174; UID 10163; state: ENABLED
01-31 16:20:29.700 14449 16086 D CoreBackPreview: Window{9f8a997 u0 com.laundrybuddy/com.laundrybuddy.ui.auth.LoginActivity}: Setting back callback OnBackInvokedCallbackInfo{mCallback=android.window.IOnBackInvokedCallback$Stub$Proxy@9626169, mPriority=0, mIsAnimationCallback=false, mOverrideBehavior=0}
01-31 16:20:29.701  1694  1694 I vendor.qti.hardware.servicetrackeraidl-service: bindService is called for service : com.google.android.gms/.chimera.GmsApiService and for client com.laundrybuddy
01-31 16:20:29.701  1694  1694 I vendor.qti.hardware.servicetrackeraidl-service: total connections for service : com.google.android.gms/.chimera.GmsApiServiceare :4
01-31 16:20:29.701  1694  1694 I vendor.qti.hardware.servicetrackeraidl-service: total connections for client : com.laundrybuddyare :1
01-31 16:20:29.701  1553 15462 I vendor.qti.bluetooth@1.1-ibs_handler: ProcessIbsCmd: Received IBS_SLEEP_IND: 0xFE
01-31 16:20:29.703 15986 16271 V OsAgent : broadcastSystemEvent - 7
01-31 16:20:29.705 15986 16271 V OsAgent : broadcastSystemEvent - 7
01-31 16:20:29.709  1553 15462 I vendor.qti.bluetooth@1.1-ibs_handler: ProcessIbsCmd: Received IBS_WAKE_IND: 0xFD
01-31 16:20:29.709  1553 15462 I vendor.qti.bluetooth@1.1-ibs_handler: ProcessIbsCmd: Writing IBS_WAKE_ACK
01-31 16:20:29.710 32763 32763 D NtViewRootImpl: mPopUpViewOffsets: offset=(0.0, 0.0), scale=(1.0, 1.0)
01-31 16:20:29.731 32763 32763 W TextView: onProvideContentCaptureStructure(): calling assumeLayout()
01-31 16:20:29.731 32763 32763 W TextView: onProvideContentCaptureStructure(): calling assumeLayout()
01-31 16:20:29.731 32763 32763 W TextView: onProvideContentCaptureStructure(): calling assumeLayout()
01-31 16:20:29.735 14449 14485 I ActivityTaskManager: Displayed com.laundrybuddy/.ui.auth.LoginActivity for user 0: +130ms
01-31 16:20:29.740  1694  1694 I vendor.qti.hardware.servicetrackeraidl-service: bindService is called for service : com.google.android.odad/com.google.android.apps.miphone.odad.contentprotection.ContentProtectionService and for client system
01-31 16:20:29.740  1694  1694 I vendor.qti.hardware.servicetrackeraidl-service: total connections for service : com.google.android.odad/com.google.android.apps.miphone.odad.contentprotection.ContentProtectionServiceare :1
01-31 16:20:29.740  1694  1694 I vendor.qti.hardware.servicetrackeraidl-service: total connections for client : systemare :36
01-31 16:20:29.742 14449 14449 D OomAdjuster: process : com.google.android.odad, pid = 30367, isTop = false, uid = 10130, hasActivity = false
01-31 16:20:29.742 14449 14449 D OomAdjuster: process : com.google.android.odad is not top!
01-31 16:20:29.744 14449 14705 D BackgroundInstallControlService: Package event received: 0
01-31 16:20:29.744 14449 14449 D ActivityManager: sync unfroze 30367 com.google.android.odad for 6
01-31 16:20:29.746 14449 14705 D BackgroundInstallControlService: Package event received: 0
01-31 16:20:29.748 30367 30367 I ContentProtectionServic: CP service created
01-31 16:20:29.750  1553 15462 I vendor.qti.bluetooth@1.1-ibs_handler: ProcessIbsCmd: Received IBS_SLEEP_IND: 0xFE
01-31 16:20:29.750 14449 14449 I RemoteContentProtectionService: Connection status for: ComponentInfo{com.google.android.odad/com.google.android.apps.miphone.odad.contentprotection.ContentProtectionService} changed to: connected
01-31 16:20:29.752 30367 30367 I bya     : Starting to handle end event for package: com.laundrybuddy
01-31 16:20:29.754 21435 22353 W Auth.Api.SignIn: [Service,SignInChimeraService] **************************** WARNING ***************************
01-31 16:20:29.754 21435 22353 W Auth.Api.SignIn: You are using the deprecated legacy Google Sign-In APIs from
01-31 16:20:29.754 21435 22353 W Auth.Api.SignIn: play-services-auth SDK. Please migrate to the Credential Manager
01-31 16:20:29.754 21435 22353 W Auth.Api.SignIn: APIs, see https://goo.gle/gsi-migration.
01-31 16:20:29.754 21435 22353 W Auth.Api.SignIn: ****************************************************************
01-31 16:20:29.754 30367 30367 I brp     : Starting work type: HANDLE_CONTENT_PROTECTION using foreground service, isShort: false
01-31 16:20:29.755 14449 14488 D NtPerfTraceManagerImpl: packageName = com.laundrybuddy, taskId = 1889
01-31 16:20:29.756  1553 15462 I vendor.qti.bluetooth@1.1-ibs_handler: ProcessIbsCmd: Received IBS_WAKE_IND: 0xFD
01-31 16:20:29.756  1553 15462 I vendor.qti.bluetooth@1.1-ibs_handler: ProcessIbsCmd: Writing IBS_WAKE_ACK
01-31 16:20:29.756 14449 15256 I ActivityManager: Background started FGS: Allowed [callingPackage: com.google.android.odad; callingUid: 10130; uidState: IMPF; uidBFSL: n/a; intent: Intent { xflg=0x4 cmp=com.google.android.odad/com.google.android.apps.miphone.odad.backgroundwork.impl.WorkService (has extras) }; code:BACKGROUND_ACTIVITY_PERMISSION; tempAllowListReason:<null>; allowWiu:58; targetSdkVersion:36; callerTargetSdkVersion:36; startForegroundCount:0; bindFromPackage:null: isBindService:false]
01-31 16:20:29.759 15986 16271 V OsAgent : broadcastSystemEvent - 7
01-31 16:20:29.761 30367 30367 I WorkService: Work service created
01-31 16:20:29.762 30367 30510 I cij     : Started coroutine watchdog: work-service, duration: PT3M
01-31 16:20:29.769 14449 16102 W ForegroundServiceTypeLoggerModule: Foreground service start for UID: 10130 does not have any types
01-31 16:20:29.769 14449 14705 D BackgroundInstallControlService: Package event received: 0
01-31 16:20:29.771 30367 30367 I WorkService: Moved work service to foreground
