01-31 16:20:42.522  1694  1694 I vendor.qti.hardware.servicetrackeraidl-service: total connections for client : systemare :36
01-31 16:20:42.523 14449 14583 V GrammaticalInflectionUtils: AttributionSource: android.content.AttributionSource@12efdd4e does not have READ_SYSTEM_GRAMMATICAL_GENDER permission.
01-31 16:20:42.549 14283 14283 D Zygote  : Forked child process 511
01-31 16:20:42.550 14449 14499 I ActivityManager: Start proc 511:com.google.android.contacts/u0a161 for service {com.google.android.contacts/com.google.android.apps.contacts.shortcut.ShortcutJobService}
01-31 16:20:42.550 14449 14499 I ActivityManager: ProcessObserver broadcast disabled
01-31 16:20:42.584   511   511 I ndroid.contacts: Using CollectorTypeCMC GC.
01-31 16:20:42.591  2604  2633 I adbd    : jdwp connection from 511
01-31 16:20:42.592   511   511 D nativeloader: Load libframework-connectivity-tiramisu-jni.so using APEX ns com_android_tethering for caller /apex/com.android.tethering/javalib/framework-connectivity-t.jar: ok
01-31 16:20:42.597 14449 14920 D CompatibilityInfo: mCompatibilityFlags - 0
01-31 16:20:42.597 14449 14920 D CompatibilityInfo: applicationDensity - 420
01-31 16:20:42.597 14449 14920 D CompatibilityInfo: applicationScale - 1.0
01-31 16:20:42.598 14449 14920 D OomAdjuster: process : com.google.android.contacts, pid = 511, isTop = false, uid = 10161, hasActivity = false
01-31 16:20:42.598 14449 14920 D OomAdjuster: process : com.google.android.contacts is not top!
01-31 16:20:42.599 15986 16271 V OsAgent : broadcastSystemEvent - 7
01-31 16:20:42.603 14449 14500 D ActivityManager: uid = 10161, pid = 511, processName = com.google.android.contacts is not top app, set nt foreground
01-31 16:20:42.603   511   511 D nativeloader: Load libstats_jni.so using APEX ns com_android_os_statsd for caller /apex/com.android.os.statsd/javalib/framework-statsd.jar: ok
01-31 16:20:42.606   511   511 D ApplicationLoaders: Returning zygote-cached class loader: /system_ext/framework/androidx.window.extensions.jar
01-31 16:20:42.606   511   511 D ApplicationLoaders: Returning zygote-cached class loader: /system_ext/framework/androidx.window.sidecar.jar
01-31 16:20:42.632   511   511 W ndroid.contacts: Failed to find entry 'classes.dex': Entry not found
01-31 16:20:42.633   511   511 W ndroid.contacts: Failed to find entry 'classes.dex': Entry not found
01-31 16:20:42.634   511   511 W ndroid.contacts: Failed to find entry 'classes.dex': Entry not found
01-31 16:20:42.635   511   511 D nativeloader: Configuring clns-9 for other apk /data/app/~~aScriPfwtNPw745Sq3TVhQ==/com.google.android.contacts-9G1TzqgB9MD8J01X9_HpbA==/base.apk:/data/app/~~aScriPfwtNPw745Sq3TVhQ==/com.google.android.contacts-9G1TzqgB9MD8J01X9_HpbA==/split_config.arm64_v8a.apk:/data/app/~~aScriPfwtNPw745Sq3TVhQ==/com.google.android.contacts-9G1TzqgB9MD8J01X9_HpbA==/split_config.en.apk:/data/app/~~aScriPfwtNPw745Sq3TVhQ==/com.google.android.contacts-9G1TzqgB9MD8J01X9_HpbA==/split_config.xxhdpi.apk. target_sdk_version=36, uses_libraries=, library_path=/data/app/~~aScriPfwtNPw745Sq3TVhQ==/com.google.android.contacts-9G1TzqgB9MD8J01X9_HpbA==/lib/arm64:/data/app/~~aScriPfwtNPw745Sq3TVhQ==/com.google.android.contacts-9G1TzqgB9MD8J01X9_HpbA==/base.apk!/lib/arm64-v8a:/data/app/~~aScriPfwtNPw745Sq3TVhQ==/com.google.android.contacts-9G1TzqgB9MD8J01X9_HpbA==/split_config.arm64_v8a.apk!/lib/arm64-v8a:/data/app/~~aScriPfwtNPw745Sq3TVhQ==/com.google.android.contacts-9G1TzqgB9MD8J01X9_HpbA==/split_config.en.apk!/lib/arm64-v8a:/data/app/~~aScriPfwtNPw7
01-31 16:20:42.644   511   511 I ndroid.contacts: AssetManager2(0xb40000719035e578) locale list changing from [] to [en-GB]
01-31 16:20:42.647   511   511 I Perf    : Connecting to perf service.
01-31 16:20:42.650   511   511 V GraphicsEnvironment: Currently set values for:
01-31 16:20:42.650   511   511 V GraphicsEnvironment:   angle_gl_driver_selection_pkgs=[com.android.angle, com.linecorp.b612.android, com.campmobile.snow, com.google.android.apps.tachyon]
01-31 16:20:42.650   511   511 V GraphicsEnvironment:   angle_gl_driver_selection_values=[angle, native, native, native]
01-31 16:20:42.650   511   511 V GraphicsEnvironment: com.google.android.contacts is not listed in per-application setting
01-31 16:20:42.650   511   511 V GraphicsEnvironment: ANGLE allowlist from config: 
01-31 16:20:42.650   511   511 V GraphicsEnvironment: com.google.android.contacts is not listed in ANGLE allowlist or settings, returning default
01-31 16:20:42.651   511   511 V GraphicsEnvironment: Neither updatable production driver nor prerelease driver is supported.
01-31 16:20:42.705   511   511 I SdnProvider: onCreate
01-31 16:20:42.705   511   511 I OtherContactsProvider: onCreate started
01-31 16:20:42.705   511   511 I OtherContactsProvider: onCreate finished
01-31 16:20:42.729  1694  1694 I vendor.qti.hardware.servicetrackeraidl-service: bindService is called for service : com.google.android.gms/.chimera.PersistentDirectBootAwareApiService and for client com.google.android.contacts
01-31 16:20:42.729  1694  1694 I vendor.qti.hardware.servicetrackeraidl-service: total connections for service : com.google.android.gms/.chimera.PersistentDirectBootAwareApiServiceare :340
01-31 16:20:42.729  1694  1694 I vendor.qti.hardware.servicetrackeraidl-service: total connections for client : com.google.android.contactsare :2
01-31 16:20:42.730  1694  1694 I vendor.qti.hardware.servicetrackeraidl-service: bindService is called for service : com.google.android.gms/.chimera.GmsBoundBrokerService and for client com.google.android.contacts
01-31 16:20:42.731  1694  1694 I vendor.qti.hardware.servicetrackeraidl-service: total connections for service : com.google.android.gms/.chimera.GmsBoundBrokerServiceare :4
01-31 16:20:42.731  1694  1694 I vendor.qti.hardware.servicetrackeraidl-service: total connections for client : com.google.android.contactsare :3
01-31 16:20:42.731 21435 21435 D BoundBrokerSvc: onBind: Intent { act=com.google.android.gms.people.contactssync.service.START xflg=0x4 pkg=com.google.android.gms }
01-31 16:20:42.732  1553 15462 I vendor.qti.bluetooth@1.1-ibs_handler: ProcessIbsCmd: Received IBS_WAKE_IND: 0xFD
01-31 16:20:42.732 21435 21435 D BoundBrokerSvc: Loading bound service for intent: Intent { act=com.google.android.gms.people.contactssync.service.START xflg=0x4 pkg=com.google.android.gms }
01-31 16:20:42.732  1553 15462 D vendor.qti.bluetooth@1.1-ibs_handler: SerialClockVote: vote for UART CLK ON
01-31 16:20:42.732  1553 15462 D vendor.qti.bluetooth@1.1-wake_lock: Acquire wakelock is acquired 
01-31 16:20:42.732  1553 15462 I vendor.qti.bluetooth@1.1-ibs_handler: ProcessIbsCmd: Writing IBS_WAKE_ACK
01-31 16:20:42.734 21435 22353 I PeopleChimeraService: onService. callbacks = cpif@daab698, request = com.google.android.gms.common.internal.GetServiceRequest@6e23ef1
01-31 16:20:42.736 21435 22353 I PeopleChimeraService: onService. callbacks = cpif@ce86ad6, request = com.google.android.gms.common.internal.GetServiceRequest@706e157
01-31 16:20:42.737 21435 22353 I PeopleChimeraService: onService. callbacks = cpif@6e0a444, request = com.google.android.gms.common.internal.GetServiceRequest@4ad92d
01-31 16:20:42.735 15461 15461 W dataInfoSend: type=1400 audit(0.0:49132959): avc:  denied  { bpf } for  capability=39  scontext=u:r:bpfloader:s0 tcontext=u:r:bpfloader:s0 tclass=capability2 permissive=0
01-31 16:20:42.735 15461 15461 W dataInfoSend: type=1400 audit(0.0:49132960): avc:  denied  { bpf } for  capability=39  scontext=u:r:bpfloader:s0 tcontext=u:r:bpfloader:s0 tclass=capability2 permissive=0
01-31 16:20:42.735 15461 15461 W dataInfoSend: type=1400 audit(0.0:49132961): avc:  denied  { bpf } for  capability=39  scontext=u:r:bpfloader:s0 tcontext=u:r:bpfloader:s0 tclass=capability2 permissive=0
01-31 16:20:42.401 27537 27537 W audit   : audit_lost=49038125 audit_rate_limit=5 audit_backlog_limit=64
01-31 16:20:42.401 27537 27537 E audit   : rate limit exceeded
01-31 16:20:42.735 15461 15461 W dataInfoSend: type=1400 audit(0.0:49132962): avc:  denied  { bpf } for  capability=39  scontext=u:r:bpfloader:s0 tcontext=u:r:bpfloader:s0 tclass=capability2 permissive=0
01-31 16:20:42.735 15461 15461 W dataInfoSend: type=1400 audit(0.0:49132963): avc:  denied  { bpf } for  capability=39  scontext=u:r:bpfloader:s0 tcontext=u:r:bpfloader:s0 tclass=capability2 permissive=0
01-31 16:20:42.741 21435 22353 I PeopleChimeraService: onService. callbacks = cpif@3d85e62, request = com.google.android.gms.common.internal.GetServiceRequest@1ae3bf3
01-31 16:20:42.742 21435 22353 I PeopleChimeraService: onService. callbacks = cpif@e65c0b0, request = com.google.android.gms.common.internal.GetServiceRequest@a28db29
01-31 16:20:42.745  1694  1694 I vendor.qti.hardware.servicetrackeraidl-service: bindService is called for service : com.google.android.gms/.chimera.PersistentApiService and for client com.google.android.contacts
01-31 16:20:42.745  1694  1694 I vendor.qti.hardware.servicetrackeraidl-service: total connections for service : com.google.android.gms/.chimera.PersistentApiServiceare :433
01-31 16:20:42.745  1694  1694 I vendor.qti.hardware.servicetrackeraidl-service: total connections for client : com.google.android.contactsare :3
01-31 16:20:42.748   511   542 I SingleContactWidgetApiI: Refreshing all widgets: []
01-31 16:20:42.757  1694  1694 I vendor.qti.hardware.servicetrackeraidl-service: bindService is called for service : com.google.android.gms/.chimera.PersistentApiService and for client com.google.android.contacts
01-31 16:20:42.757  1694  1694 I vendor.qti.hardware.servicetrackeraidl-service: total connections for service : com.google.android.gms/.chimera.PersistentApiServiceare :433
01-31 16:20:42.757  1694  1694 I vendor.qti.hardware.servicetrackeraidl-service: total connections for client : com.google.android.contactsare :3
01-31 16:20:42.759   511   530 E ashmem  : Pinning is deprecated since Android Q. Please use trim or other methods.
01-31 16:20:42.769   511   545 D nativeloader: Load /data/app/~~aScriPfwtNPw745Sq3TVhQ==/com.google.android.contacts-9G1TzqgB9MD8J01X9_HpbA==/split_config.arm64_v8a.apk!/lib/arm64-v8a/libdatastore_shared_counter.so using class loader ns clns-9 (caller=/data/app/~~aScriPfwtNPw745Sq3TVhQ==/com.google.android.contacts-9G1TzqgB9MD8J01X9_HpbA==/base.apk): ok
01-31 16:20:42.786 15252 17390 I FontLog : (REDACTED) Received query %s, URI %s
01-31 16:20:42.786 15252 17390 I FontLog : (REDACTED) Query [%s] resolved to %s
01-31 16:20:42.787 15252 17390 I FontLog : (REDACTED) Font PFD returned from cache for %s
01-31 16:20:42.788 15252 17390 I FontLog : (REDACTED) Fetch %s end status %s
01-31 16:20:42.790 15252 17390 I FontLog : (REDACTED) Pulling font file for id = %d, cache size = %d
01-31 16:20:42.793 14449 14595 D ActivityManager: freezing 30367 com.google.android.odad
01-31 16:20:42.797 14449 14662 D InetDiagMessage: Destroyed 0 sockets, proto=IPPROTO_TCP, family=AF_INET, states=14
01-31 16:20:42.798 14449 14662 D InetDiagMessage: Destroyed 0 sockets, proto=IPPROTO_TCP, family=AF_INET6, states=14
01-31 16:20:42.798 14449 14662 D InetDiagMessage: Destroyed live tcp sockets for uids={10130} in 3ms
01-31 16:20:42.802   511   553 W HWUI    : Image decoding logging dropped!
01-31 16:20:42.807   511   535 W JobInfo : Requested important-while-foreground flag for job130318 is ignored and takes no effect
01-31 16:20:42.824   511   535 W JobInfo : Requested important-while-foreground flag for job130317 is ignored and takes no effect
01-31 16:20:42.825 14449 16086 I system_server: AssetManager2(0xb4000071905ad298) locale list changing from [] to [en-GB]
01-31 16:20:42.827  1694  1694 I vendor.qti.hardware.servicetrackeraidl-service: bindService is called for service : com.google.android.contacts/androidx.work.impl.background.systemjob.SystemJobService and for client system
01-31 16:20:42.827  1694  1694 I vendor.qti.hardware.servicetrackeraidl-service: total connections for service : com.google.android.contacts/androidx.work.impl.background.systemjob.SystemJobServiceare :1
01-31 16:20:42.827  1694  1694 I vendor.qti.hardware.servicetrackeraidl-service: total connections for client : systemare :37
01-31 16:20:42.827  1553 15462 I vendor.qti.bluetooth@1.1-ibs_handler: ProcessIbsCmd: Received IBS_SLEEP_IND: 0xFE
01-31 16:20:42.828  1553 15462 D vendor.qti.bluetooth@1.1-ibs_handler: SerialClockVote: vote for UART CLK OFF
01-31 16:20:42.833  1553 15462 I vendor.qti.bluetooth@1.1-ibs_handler: ProcessIbsCmd: Received IBS_WAKE_IND: 0xFD
01-31 16:20:42.833  1553 15462 D vendor.qti.bluetooth@1.1-ibs_handler: SerialClockVote: vote for UART CLK ON
01-31 16:20:42.833  1553 15462 I vendor.qti.bluetooth@1.1-ibs_handler: ProcessIbsCmd: Writing IBS_WAKE_ACK
01-31 16:20:42.836   511   535 I ndroid.contacts: AssetManager2(0xb4000071903636b8) locale list changing from [] to [en-GB]
01-31 16:20:42.836  1694  1694 I vendor.qti.hardware.servicetrackeraidl-service: unbindService is called for service : com.google.android.contacts/androidx.work.impl.background.systemjob.SystemJobService and for client system
01-31 16:20:42.836  1694  1694 I vendor.qti.hardware.servicetrackeraidl-service: size of service connections for service: com.google.android.contacts/androidx.work.impl.background.systemjob.SystemJobServiceafter removal is 0
01-31 16:20:42.836  1694  1694 I vendor.qti.hardware.servicetrackeraidl-service: size of client connections for client: systemafter removal is 36
01-31 16:20:42.836  1694  1694 I vendor.qti.hardware.servicetrackeraidl-service: destroyService is called for service : com.google.android.contacts/androidx.work.impl.background.systemjob.SystemJobService
01-31 16:20:42.837 14449 16086 W JobScheduler: Job didn't exist in JobStore: 3c5baf1 {androidx.work.systemjobscheduler} #u0a161/130317 @androidx.work.systemjobscheduler@com.google.android.contacts/androidx.work.impl.background.systemjob.SystemJobService
01-31 16:20:42.842  1694  1694 I vendor.qti.hardware.servicetrackeraidl-service: unbindService is called for service : com.google.android.contacts/com.google.android.apps.contacts.shortcut.ShortcutJobService and for client system
01-31 16:20:42.842  1694  1694 I vendor.qti.hardware.servicetrackeraidl-service: size of service connections for service: com.google.android.contacts/com.google.android.apps.contacts.shortcut.ShortcutJobServiceafter removal is 0
01-31 16:20:42.842  1694  1694 I vendor.qti.hardware.servicetrackeraidl-service: size of client connections for client: systemafter removal is 35
01-31 16:20:42.842  1694  1694 I vendor.qti.hardware.servicetrackeraidl-service: destroyService is called for service : com.google.android.contacts/com.google.android.apps.contacts.shortcut.ShortcutJobService
01-31 16:20:42.843   511   536 W JobInfo : Requested important-while-foreground flag for job130322 is ignored and takes no effect
01-31 16:20:42.844 14449 16104 W JobScheduler: Job didn't exist in JobStore: 30646f #u0a161/7 com.google.android.contacts/com.google.android.apps.contacts.shortcut.ShortcutJobService
01-31 16:20:42.854   511   536 W JobInfo : Requested important-while-foreground flag for job130323 is ignored and takes no effect
01-31 16:20:42.857   511   535 I ndroid.contacts: AssetManager2(0xb400007190364658) locale list changing from [] to [en-GB]
01-31 16:20:42.865   511   536 W WM-Processor: Didn't find WorkSpec for id WorkGenerationalId(workSpecId=164b114d-c4f1-474c-a94d-6968a08e4408, generation=0)
01-31 16:20:42.867   511   535 I ndroid.contacts: AssetManager2(0xb40000719035f838) locale list changing from [] to [en-GB]
01-31 16:20:42.870   511   535 I AccountLoadingWorker: Emitting initial loaded accounts
01-31 16:20:42.880 15073 15662 W TelephonyPermissions: reportAccessDeniedToReadIdentifiers:com.google.android.contacts:getActiveSubscriptionInfoList:1
01-31 16:20:42.897  1553 15462 I vendor.qti.bluetooth@1.1-ibs_handler: ProcessIbsCmd: Received IBS_SLEEP_IND: 0xFE
01-31 16:20:42.897  1553 15462 D vendor.qti.bluetooth@1.1-ibs_handler: SerialClockVote: vote for UART CLK OFF
01-31 16:20:43.048  1553 15305 D vendor.qti.bluetooth@1.1-wake_lock: Release wakelock is released 
01-31 16:20:43.264 14449 14628 I ImeTracker: com.laundrybuddy:d7dd1c15: setFinished at PHASE_CLIENT_ANIMATION_CANCEL with STATUS_TIMEOUT
01-31 16:20:43.103  2112  2112 E [binder][0x160f667ffc6][10:50:43.440467] qca6750: [2112:E:DP] dp_request_rx_hw_stats: Stats already requested
01-31 16:20:43.103  2112  2112 E [binder][0x160f66803bb][10:50:43.440520] qca6750: [2112:E:HDD] __wlan_hdd_cfg80211_stats_ext_request: Failed to get hw stats: 6
01-31 16:20:43.449  1592 14745 I WifiHAL : event received NL80211_CMD_VENDOR, vendor_id = 0x1374, subcmd = 0xd
01-31 16:20:43.449  2173  2173 I cnss-daemon: nl80211 response handler invoked
01-31 16:20:43.449  2173  2173 I cnss-daemon: nl80211_response_handler: cmd 103, vendorID 4980, subcmd 13  received
01-31 16:20:43.516 18183 18646 I ProtoXDBBufferWrapper: ProtoXDBBufferWrapper.flushToStorage():158 Flushed 6 data item(s) to storage.
01-31 16:20:43.240     0     0 W [    C0] [rt_task_fixup][725]: RT task was runnable for more than 200000 ns on CPU 0, moved it to CPU 3 (kgsl-events-1009)
01-31 16:20:43.743 15461 15461 W dataInfoSend: type=1400 audit(0.0:49135908): avc:  denied  { bpf } for  capability=39  scontext=u:r:bpfloader:s0 tcontext=u:r:bpfloader:s0 tclass=capability2 permissive=0
01-31 16:20:43.743 15461 15461 W dataInfoSend: type=1400 audit(0.0:49135909): avc:  denied  { bpf } for  capability=39  scontext=u:r:bpfloader:s0 tcontext=u:r:bpfloader:s0 tclass=capability2 permissive=0
01-31 16:20:43.743 15461 15461 W dataInfoSend: type=1400 audit(0.0:49135910): avc:  denied  { bpf } for  capability=39  scontext=u:r:bpfloader:s0 tcontext=u:r:bpfloader:s0 tclass=capability2 permissive=0
01-31 16:20:43.743 15461 15461 W dataInfoSend: type=1400 audit(0.0:49135911): avc:  denied  { bpf } for  capability=39  scontext=u:r:bpfloader:s0 tcontext=u:r:bpfloader:s0 tclass=capability2 permissive=0
01-31 16:20:43.743 15461 15461 W dataInfoSend: type=1400 audit(0.0:49135912): avc:  denied  { bpf } for  capability=39  scontext=u:r:bpfloader:s0 tcontext=u:r:bpfloader:s0 tclass=capability2 permissive=0
01-31 16:20:43.410 27537 27537 W audit   : audit_lost=49041069 audit_rate_limit=5 audit_backlog_limit=64
01-31 16:20:43.410 27537 27537 E audit   : rate limit exceeded
01-31 16:20:43.805 14449 16086 W NotificationService: Toast already killed. pkg=com.laundrybuddy token=android.os.BinderProxy@d7941c2
01-31 16:20:43.899  1678  1825 I SDM     : DisplayBase::CommitThread: Received idle timeout, panel: video, timeout: 69999 us
01-31 16:20:43.910  2173  2173 I cnss-daemon: nl80211 response handler invoked
01-31 16:20:43.910  2173  2173 I cnss-daemon: nl80211_response_handler: cmd 103, vendorID 4980, subcmd 10  received
01-31 16:20:43.911  2679  2679 I wpa_supplicant: wlan0: CTRL-EVENT-AVOID-FREQ ranges=
01-31 16:20:43.911  1592 14745 I WifiHAL : event received NL80211_CMD_VENDOR, vendor_id = 0x1374, subcmd = 0xa
01-31 16:20:43.579     0     0 E [    C3] [soft_i][0x160f6f38ac2][10: 50:43.916774] qca6750: [0:E:DP] dp_tx_update_peer_stats: Release source:3 is not from TQM
01-31 16:20:43.939   943   943 I hwservicemanager: getTransport: Cannot find entry vendor.qti.hardware.servicetracker@1.1::IServicetracker/default in either framework or device VINTF manifest.
01-31 16:20:43.939   943   943 I hwservicemanager: getTransport: Cannot find entry vendor.qti.hardware.servicetracker@1.0::IServicetracker/default in either framework or device VINTF manifest.
01-31 16:20:43.940  1691  4766 E ANDR-PERF-LM: DependentServices: getSTServiceAndLinkToDeath() 66: IServicetracker::getService failed!
01-31 16:20:43.967  1649  1731 E NtChgAidl: NtChgAidl: InGameStatus: 0
01-31 16:20:43.967  1649  1731 E NtChg   : NtChg:handle_batt_temp_little_cold triggered
01-31 16:20:43.967  1649  1731 E NtChg   : NtChg:set temp_region=1
01-31 16:20:43.967  1649  1731 E NtChg   : NtChg:set ibatmax=6000 and set vbatmax=4500
01-31 16:20:43.630  1731  1731 I NtChg   : T0-6:[50,350,370,390,410,430,500],chg_series:8,is_changed:1,TeBoT0-6:[30,350,370,390,410,430,500],TRegion:1,Temp:264,tzname:shell_max,Ibat:6000,onlineI:-400,param_type:6,AbnormalStatus:0,tzn:3,g_cp_mode:5,vbat:0,pr_id:6,OnGameStatus:0
01-31 16:20:43.630  1731  1731 W nt_vote : FCC_MAIN: FCC_NT_CHG_VOTER,0 same vote on of val=6000
01-31 16:20:43.630  1731  1731 W nt_vote : FCC_MAIN: FCC_NT_CHG_VOTER,0 Ignoring similar vote on of val=6000
01-31 16:20:43.726  3397  3397 I [dp_rx_][0x160f71e951e][10:50:44.063686] qca6750: [3397:I:QDF] DHCP-R RX: SA:72:b3:9a:**:**:2f DA:ff:ff:ff:**:**:ff
01-31 16:20:44.276  1553 15462 I vendor.qti.bluetooth@1.1-ibs_handler: ProcessIbsCmd: Received IBS_WAKE_IND: 0xFD
01-31 16:20:44.276  1553 15462 D vendor.qti.bluetooth@1.1-ibs_handler: SerialClockVote: vote for UART CLK ON
01-31 16:20:44.277  1553 15462 D vendor.qti.bluetooth@1.1-wake_lock: Acquire wakelock is acquired 
01-31 16:20:44.277  1553 15462 I vendor.qti.bluetooth@1.1-ibs_handler: ProcessIbsCmd: Writing IBS_WAKE_ACK
01-31 16:20:44.389  1553 15462 I vendor.qti.bluetooth@1.1-ibs_handler: ProcessIbsCmd: Received IBS_SLEEP_IND: 0xFE
01-31 16:20:44.389  1553 15462 D vendor.qti.bluetooth@1.1-ibs_handler: SerialClockVote: vote for UART CLK OFF
01-31 16:20:44.513 16047 18179 I CardLab-CalendarDataManager: obtainEventFromCalendar
01-31 16:20:44.517  1694  1694 I vendor.qti.hardware.servicetrackeraidl-service: bindService is called for service : com.truecaller/androidx.work.impl.background.systemjob.SystemJobService and for client system
01-31 16:20:44.517  1694  1694 I vendor.qti.hardware.servicetrackeraidl-service: total connections for service : com.truecaller/androidx.work.impl.background.systemjob.SystemJobServiceare :1
01-31 16:20:44.517  1694  1694 I vendor.qti.hardware.servicetrackeraidl-service: total connections for client : systemare :36
01-31 16:20:44.518 14449 14583 V GrammaticalInflectionUtils: AttributionSource: android.content.AttributionSource@38716822 does not have READ_SYSTEM_GRAMMATICAL_GENDER permission.
01-31 16:20:44.524 14449 14705 D BackgroundInstallControlService: Package event received: 0
01-31 16:20:44.183  3397  3397 I [dp_rx_][0x160f7a47bfa][10:50:44.520738] qca6750: [3397:I:QDF] DHCP-R RX: SA:06:f4:94:**:**:b9 DA:ff:ff:ff:**:**:ff
01-31 16:20:44.524 14449 15256 V GrammaticalInflectionUtils: AttributionSource: android.content.AttributionSource@88b752ff does not have READ_SYSTEM_GRAMMATICAL_GENDER permission.
01-31 16:20:44.538 14283 14283 D Zygote  : Forked child process 558
01-31 16:20:44.538 14449 14499 I ActivityManager: Start proc 558:com.truecaller/u0a333 for service {com.truecaller/androidx.work.impl.background.systemjob.SystemJobService}
01-31 16:20:44.538 14449 14499 I ActivityManager: ProcessObserver broadcast disabled
01-31 16:20:44.540  1553 15305 D vendor.qti.bluetooth@1.1-wake_lock: Release wakelock is released 
01-31 16:20:44.548 14449 14651 I HalDevMgr: bestIfaceCreationProposal is null, requestIface=STA, existingIface=[name=wlan0 type=STA]
01-31 16:20:44.210  1665  1665 I [binder][0x160f7ac4ad0][10:50:44.547388] qca6750: [1665:I:HDD] __wlan_hdd_cfg80211_get_logger_supp_feature: Ring buffer disable
01-31 16:20:44.549 14283 14283 D Zygote  : Forked child process 559
01-31 16:20:44.549 14449 14499 I ActivityManager: Start proc 559:com.android.providers.calendar/u0a80 for content provider {com.android.providers.calendar/com.android.providers.calendar.CalendarProvider2}
01-31 16:20:44.550 14449 14499 I ActivityManager: ProcessObserver broadcast disabled
01-31 16:20:44.556 14449 14662 D ConnectivityService: NetReassign [no changes] [c 2] [a 1] [i 5]
01-31 16:20:44.560   559   559 I viders.calendar: Using CollectorTypeCMC GC.
01-31 16:20:44.560   558   558 I com.truecaller: Using CollectorTypeCMC GC.
01-31 16:20:44.566   558   558 D nativeloader: Load libframework-connectivity-tiramisu-jni.so using APEX ns com_android_tethering for caller /apex/com.android.tethering/javalib/framework-connectivity-t.jar: ok
01-31 16:20:44.566   559   559 D nativeloader: Load libframework-connectivity-tiramisu-jni.so using APEX ns com_android_tethering for caller /apex/com.android.tethering/javalib/framework-connectivity-t.jar: ok
01-31 16:20:44.571 14449 15256 D CompatibilityInfo: mCompatibilityFlags - 0
01-31 16:20:44.571 14449 15256 D CompatibilityInfo: applicationDensity - 420
01-31 16:20:44.571 14449 15256 D CompatibilityInfo: applicationScale - 1.0
01-31 16:20:44.572 14449 15256 D OomAdjuster: process : com.truecaller, pid = 558, isTop = false, uid = 10333, hasActivity = false
01-31 16:20:44.572 14449 15256 D OomAdjuster: process : com.truecaller is not top!
01-31 16:20:44.573 15986 16271 V OsAgent : broadcastSystemEvent - 7
01-31 16:20:44.575 14449 16086 D CompatibilityInfo: mCompatibilityFlags - 0
01-31 16:20:44.575   558   558 D nativeloader: Load libstats_jni.so using APEX ns com_android_os_statsd for caller /apex/com.android.os.statsd/javalib/framework-statsd.jar: ok
01-31 16:20:44.575 14449 16086 D CompatibilityInfo: applicationDensity - 420
01-31 16:20:44.575 14449 16086 D CompatibilityInfo: applicationScale - 1.0
01-31 16:20:44.577 14449 16086 D OomAdjuster: process : com.android.providers.calendar, pid = 559, isTop = false, uid = 10080, hasActivity = false
01-31 16:20:44.577 14449 16086 D OomAdjuster: process : com.android.providers.calendar is not top!
01-31 16:20:44.578   558   558 D ApplicationLoaders: Returning zygote-cached class loader: /system/framework/org.apache.http.legacy.jar
01-31 16:20:44.578   558   558 D ApplicationLoaders: Returning zygote-cached class loader: /system_ext/framework/androidx.window.extensions.jar
01-31 16:20:44.578   558   558 D ApplicationLoaders: Returning zygote-cached class loader: /system_ext/framework/androidx.window.sidecar.jar
01-31 16:20:44.578 15986 16271 V OsAgent : broadcastSystemEvent - 7
01-31 16:20:44.580   559   559 D nativeloader: Load libstats_jni.so using APEX ns com_android_os_statsd for caller /apex/com.android.os.statsd/javalib/framework-statsd.jar: ok
01-31 16:20:44.588 14449 14500 D ActivityManager: uid = 10333, pid = 558, processName = com.truecaller is not top app, set nt foreground
01-31 16:20:44.588   559   559 D nativeloader: Configuring clns-shared-9 for other apk /system/priv-app/CalendarProvider/CalendarProvider.apk. target_sdk_version=36, uses_libraries=, library_path=/system/priv-app/CalendarProvider/lib/arm64:/system/lib64:/system_ext/lib64, permitted_path=/data:/mnt/expand:/data/user/0/com.android.providers.calendar:/system/priv-app/CalendarProvider:/system/lib64:/system_ext/lib64
01-31 16:20:44.591   559   559 I viders.calendar: AssetManager2(0xb400007190358178) locale list changing from [] to [en-GB]
01-31 16:20:44.593   559   559 I Perf    : Connecting to perf service.
01-31 16:20:44.596   559   559 V GraphicsEnvironment: Currently set values for:
01-31 16:20:44.596   559   559 V GraphicsEnvironment:   angle_gl_driver_selection_pkgs=[com.android.angle, com.linecorp.b612.android, com.campmobile.snow, com.google.android.apps.tachyon]
01-31 16:20:44.596   559   559 V GraphicsEnvironment:   angle_gl_driver_selection_values=[angle, native, native, native]
01-31 16:20:44.596   559   559 V GraphicsEnvironment: com.android.providers.calendar is not listed in per-application setting
01-31 16:20:44.596   559   559 V GraphicsEnvironment: ANGLE allowlist from config: 
01-31 16:20:44.596   559   559 V GraphicsEnvironment: com.android.providers.calendar is not listed in ANGLE allowlist or settings, returning default
01-31 16:20:44.596   559   559 V GraphicsEnvironment: Neither updatable production driver nor prerelease driver is supported.
01-31 16:20:44.599 14449 14500 D ActivityManager: uid = 10080, pid = 559, processName = com.android.providers.calendar is not top app, set nt foreground
01-31 16:20:44.600   559   559 E ashmem  : Pinning is deprecated since Android Q. Please use trim or other methods.
01-31 16:20:44.607   559   559 I CalendarProvider2: Created com.android.providers.calendar.CalendarAlarmManager@5c7294a(com.android.providers.calendar.CalendarProvider2@d9d50bb)
01-31 16:20:44.272   941   941 I servicemanager: Caller(pid=559,uid=10080,sid=u:r:priv_app:s0:c512,c768) Found vendor.qti.hardware.perf2.IPerf/default in device VINTF manifest.
01-31 16:20:44.613   559   559 E ANDR-PERF-CLIENT-SYS: death recipent object is fine
01-31 16:20:44.613   559   559 W viders.calendar: AIBinder_linkToDeath is being called with a non-null cookie and no onUnlink callback set. This might not be intended. AIBinder_DeathRecipient_setOnUnlinked should be called first.
01-31 16:20:44.615 14449 14486 I SensorService: checkAndReportAmbientLightSensorStateChangeLocked new 0 old 0 force 0
01-31 16:20:44.616 14449 14705 D BackgroundInstallControlService: Package event received: 0
01-31 16:20:44.622 16047 18179 V Configuration: Updating configuration, locales updated from [en_GB] to [en-gb]
01-31 16:20:44.622 16047 18179 V Configuration: Updating configuration, locales updated from [en_GB] to [en-gb]
01-31 16:20:44.627 16047 18179 I CardLab-CalendarDataManager: obtainContactsEvent
01-31 16:20:44.632 16378   476 I NTWidget-CardWidgetService: getAppWidgetIds, component = ComponentInfo{com.nothing.hearthstone/com.nothing.hearthstone.date.provider.DateProvider}
01-31 16:20:44.644   558   558 W com.truecaller: Failed to find entry 'classes.dex': Entry not found
01-31 16:20:44.644   558   558 W com.truecaller: Failed to find entry 'classes.dex': Entry not found
01-31 16:20:44.647   558   558 W com.truecaller: Failed to find entry 'classes.dex': Entry not found
01-31 16:20:44.647   558   558 D nativeloader: Configuring clns-9 for other apk /data/app/~~mbWQy1oVDhmfv7cuoa5hlQ==/com.truecaller-BDcEy1cUYWx7fw0eYFKm0Q==/base.apk:/data/app/~~mbWQy1oVDhmfv7cuoa5hlQ==/com.truecaller-BDcEy1cUYWx7fw0eYFKm0Q==/split_config.arm64_v8a.apk:/data/app/~~mbWQy1oVDhmfv7cuoa5hlQ==/com.truecaller-BDcEy1cUYWx7fw0eYFKm0Q==/split_config.xxhdpi.apk:/data/app/~~mbWQy1oVDhmfv7cuoa5hlQ==/com.truecaller-BDcEy1cUYWx7fw0eYFKm0Q==/split_insights_category_model.apk:/data/app/~~mbWQy1oVDhmfv7cuoa5hlQ==/com.truecaller-BDcEy1cUYWx7fw0eYFKm0Q==/split_insights_category_model.config.arm64_v8a.apk. target_sdk_version=36, uses_libraries=, library_path=/data/app/~~mbWQy1oVDhmfv7cuoa5hlQ==/com.truecaller-BDcEy1cUYWx7fw0eYFKm0Q==/lib/arm64:/data/app/~~mbWQy1oVDhmfv7cuoa5hlQ==/com.truecaller-BDcEy1cUYWx7fw0eYFKm0Q==/base.apk!/lib/arm64-v8a:/data/app/~~mbWQy1oVDhmfv7cuoa5hlQ==/com.truecaller-BDcEy1cUYWx7fw0eYFKm0Q==/split_config.arm64_v8a.apk!/lib/arm64-v8a:/data/app/~~mbWQy1oVDhmfv7cuoa5hlQ==/com.truecaller-BDcEy1cUYWx7fw0eYFKm0Q==/split_config.xxhdpi.ap
01-31 16:20:44.656   558   558 I com.truecaller: AssetManager2(0xb40000719035d2b8) locale list changing from [] to [en-GB]
01-31 16:20:44.658   558   558 I Perf    : Connecting to perf service.
01-31 16:20:44.661   558   558 V GraphicsEnvironment: Currently set values for:
01-31 16:20:44.661   558   558 V GraphicsEnvironment:   angle_gl_driver_selection_pkgs=[com.android.angle, com.linecorp.b612.android, com.campmobile.snow, com.google.android.apps.tachyon]
01-31 16:20:44.661   558   558 V GraphicsEnvironment:   angle_gl_driver_selection_values=[angle, native, native, native]
01-31 16:20:44.661   558   558 V GraphicsEnvironment: com.truecaller is not listed in per-application setting
01-31 16:20:44.661   558   558 V GraphicsEnvironment: ANGLE allowlist from config: 
01-31 16:20:44.661   558   558 V GraphicsEnvironment: com.truecaller is not listed in ANGLE allowlist or settings, returning default
01-31 16:20:44.661   558   558 V GraphicsEnvironment: Neither updatable production driver nor prerelease driver is supported.
01-31 16:20:44.741   558   558 I com.truecaller: AssetManager2(0xb400007190359a78) locale list changing from [] to [en-GB]
01-31 16:20:44.759 15461 15461 W dataInfoSend: type=1400 audit(0.0:49138857): avc:  denied  { bpf } for  capability=39  scontext=u:r:bpfloader:s0 tcontext=u:r:bpfloader:s0 tclass=capability2 permissive=0
01-31 16:20:44.759 15461 15461 W dataInfoSend: type=1400 audit(0.0:49138858): avc:  denied  { bpf } for  capability=39  scontext=u:r:bpfloader:s0 tcontext=u:r:bpfloader:s0 tclass=capability2 permissive=0
01-31 16:20:44.759 15461 15461 W dataInfoSend: type=1400 audit(0.0:49138859): avc:  denied  { bpf } for  capability=39  scontext=u:r:bpfloader:s0 tcontext=u:r:bpfloader:s0 tclass=capability2 permissive=0
01-31 16:20:44.759 15461 15461 W dataInfoSend: type=1400 audit(0.0:49138860): avc:  denied  { bpf } for  capability=39  scontext=u:r:bpfloader:s0 tcontext=u:r:bpfloader:s0 tclass=capability2 permissive=0
01-31 16:20:44.759 15461 15461 W dataInfoSend: type=1400 audit(0.0:49138861): avc:  denied  { bpf } for  capability=39  scontext=u:r:bpfloader:s0 tcontext=u:r:bpfloader:s0 tclass=capability2 permissive=0
01-31 16:20:44.425 27537 27537 W audit   : audit_lost=49044013 audit_rate_limit=5 audit_backlog_limit=64
01-31 16:20:44.425 27537 27537 E audit   : rate limit exceeded
01-31 16:20:44.766   558   558 W HMSSDK_PushPreferences: get new sharedPreferences failed,start to get from context. 
01-31 16:20:44.864   558   587 W com.truecaller: ClassLoaderContext classpath size mismatch. expected=1, found=0 (DLC[];PCL[base.apk*3083633597]{PCL[/system/framework/org.apache.http.legacy.jar*4247870504]#PCL[/system/framework/com.android.media.remotedisplay.jar*487574312]#PCL[/system/framework/com.android.location.provider.jar*1570284764]#PCL[/system_ext/framework/androidx.window.extensions.jar*2649168746]#PCL[/system_ext/framework/androidx.window.sidecar.jar*2491547954]} | DLC[];PCL[])
01-31 16:20:44.873   558   593 E ashmem  : Pinning is deprecated since Android Q. Please use trim or other methods.
01-31 16:20:44.874   558   587 W System  : ClassLoader referenced unknown path: 
01-31 16:20:44.874   558   587 D nativeloader: Configuring clns-10 for other apk . target_sdk_version=36, uses_libraries=, library_path=/data/app/~~w5He8vo7h9IjhsVv2Pc18g==/com.google.android.gms-iGGOZJh8sGFEROl9uLbzig==/lib/arm64:/data/app/~~w5He8vo7h9IjhsVv2Pc18g==/com.google.android.gms-iGGOZJh8sGFEROl9uLbzig==/base.apk!/lib/arm64-v8a, permitted_path=/data:/mnt/expand:/data/user/0/com.google.android.gms
01-31 16:20:44.877   558   587 I com.truecaller: AssetManager2(0xb40000719035e898) locale list changing from [] to [en-GB]
01-31 16:20:44.880 14449 15165 D FileUtils: Rounded bytes from 7821406208 to 8000000000
01-31 16:20:44.881   558   587 W com.truecaller: ClassLoaderContext classpath size mismatch. expected=1, found=2 (DLC[];PCL[base.apk*3083633597]{PCL[/system/framework/org.apache.http.legacy.jar*4247870504]#PCL[/system/framework/com.android.media.remotedisplay.jar*487574312]#PCL[/system/framework/com.android.location.provider.jar*1570284764]#PCL[/system_ext/framework/androidx.window.extensions.jar*2649168746]#PCL[/system_ext/framework/androidx.window.sidecar.jar*2491547954]} | DLC[];PCL[/data/app/~~mbWQy1oVDhmfv7cuoa5hlQ==/com.truecaller-BDcEy1cUYWx7fw0eYFKm0Q==/base.apk*4161263476:/data/app/~~mbWQy1oVDhmfv7cuoa5hlQ==/com.truecaller-BDcEy1cUYWx7fw0eYFKm0Q==/split_insights_category_model.apk*2097074272]{PCL[/system/framework/org.apache.http.legacy.jar*4247870504]#PCL[/system_ext/framework/androidx.window.extensions.jar*2649168746]#PCL[/system_ext/framework/androidx.window.sidecar.jar*2491547954]})
01-31 16:20:44.881  1694  1694 I vendor.qti.hardware.servicetrackeraidl-service: bindService is called for service : com.google.android.gms/.gcm.PushMessagingRegistrarProxy and for client com.truecaller
01-31 16:20:44.881  1694  1694 I vendor.qti.hardware.servicetrackeraidl-service: total connections for service : com.google.android.gms/.gcm.PushMessagingRegistrarProxyare :1
01-31 16:20:44.881  1694  1694 I vendor.qti.hardware.servicetrackeraidl-service: total connections for client : com.truecallerare :1
01-31 16:20:44.882 14449 14705 D BackgroundInstallControlService: Package event received: 0
01-31 16:20:44.885   558   587 I com.truecaller: AssetManager2(0xb400007190362a38) locale list changing from [] to [en-GB]
01-31 16:20:44.886   558   587 I com.truecaller: AssetManager2(0xb400007190364c98) locale list changing from [] to [en-GB]
01-31 16:20:44.902  1694  1694 I vendor.qti.hardware.servicetrackeraidl-service: bindService is called for service : com.truecaller/com.google.firebase.sessions.SessionLifecycleService and for client com.truecaller
01-31 16:20:44.903  1694  1694 I vendor.qti.hardware.servicetrackeraidl-service: total connections for service : com.truecaller/com.google.firebase.sessions.SessionLifecycleServiceare :1
01-31 16:20:44.903  1694  1694 I vendor.qti.hardware.servicetrackeraidl-service: total connections for client : com.truecallerare :2
01-31 16:20:44.905  1694  1694 I vendor.qti.hardware.servicetrackeraidl-service: bindService is called for service : com.google.android.gms/.chimera.PersistentApiService and for client com.truecaller
01-31 16:20:44.905  1694  1694 I vendor.qti.hardware.servicetrackeraidl-service: total connections for service : com.google.android.gms/.chimera.PersistentApiServiceare :434
01-31 16:20:44.905  1694  1694 I vendor.qti.hardware.servicetrackeraidl-service: total connections for client : com.truecallerare :3
01-31 16:20:44.912 15252   423 I PhenotypeResourceReader: unable to find any Phenotype resource metadata for com.truecaller
01-31 16:20:44.933   558   607 E com.truecaller: No package ID 6a found for resource ID 0x6a0b0013.
01-31 16:20:44.933   558   607 I FA      : App measurement initialized, version: 148008
01-31 16:20:44.933   558   607 I FA      : To enable debug logging run: adb shell setprop log.tag.FA VERBOSE
01-31 16:20:44.934   558   607 I FA      : To enable faster debug mode event logging run:
01-31 16:20:44.934   558   607 I FA      :   adb shell setprop debug.firebase.analytics.app com.truecaller
01-31 16:20:44.948  1694  1694 I vendor.qti.hardware.servicetrackeraidl-service: bindService is called for service : com.google.android.gms/.measurement.service.MeasurementBrokerService and for client com.truecaller
01-31 16:20:44.948  1694  1694 I vendor.qti.hardware.servicetrackeraidl-service: total connections for service : com.google.android.gms/.measurement.service.MeasurementBrokerServiceare :1
01-31 16:20:44.948  1694  1694 I vendor.qti.hardware.servicetrackeraidl-service: total connections for client : com.truecallerare :4
01-31 16:20:44.948 14449 14705 D BackgroundInstallControlService: Package event received: 0
01-31 16:20:44.950 21435 21435 D BoundBrokerSvc: onBind: Intent { act=com.google.android.gms.measurement.START xflg=0x4 pkg=com.google.android.gms }
01-31 16:20:44.951 21435 21435 D BoundBrokerSvc: Loading bound service for intent: Intent { act=com.google.android.gms.measurement.START xflg=0x4 pkg=com.google.android.gms }
01-31 16:20:44.965   558   601 W System.err: SLF4J(W): No SLF4J providers were found.
01-31 16:20:44.965   558   601 W System.err: SLF4J(W): Defaulting to no-operation (NOP) logger implementation
01-31 16:20:44.965   558   601 W System.err: SLF4J(W): See https://www.slf4j.org/codes.html#noProviders for further details.
01-31 16:20:44.969 15252 17392 W ProviderHelper: Unknown dynamite feature providerinstaller.dynamite
01-31 16:20:44.970   558   616 D ApplicationLoaders: Returning zygote-cached class loader: /system/framework/org.apache.http.legacy.jar
01-31 16:20:44.970   558   616 D ApplicationLoaders: Returning zygote-cached class loader: /system/framework/com.android.media.remotedisplay.jar
01-31 16:20:44.970   558   616 D ApplicationLoaders: Returning zygote-cached class loader: /system/framework/com.android.location.provider.jar
01-31 16:20:44.970   558   616 D ApplicationLoaders: Returning zygote-cached class loader: /system_ext/framework/androidx.window.extensions.jar
01-31 16:20:44.970   558   616 D ApplicationLoaders: Returning zygote-cached class loader: /system_ext/framework/androidx.window.sidecar.jar
01-31 16:20:44.991 15902 15933 I dyom    : (REDACTED) appOpsListener %s %s
01-31 16:20:44.992 15902 15933 I dyom    : (REDACTED) Ignoring irrelevant audio permission changes for package %s
01-31 16:20:45.004   558   616 D nativeloader: Configuring clns-11 for other apk /data/app/~~w5He8vo7h9IjhsVv2Pc18g==/com.google.android.gms-iGGOZJh8sGFEROl9uLbzig==/base.apk. target_sdk_version=36, uses_libraries=, library_path=/data/app/~~w5He8vo7h9IjhsVv2Pc18g==/com.google.android.gms-iGGOZJh8sGFEROl9uLbzig==/lib/arm64:/data/app/~~w5He8vo7h9IjhsVv2Pc18g==/com.google.android.gms-iGGOZJh8sGFEROl9uLbzig==/base.apk!/lib/arm64-v8a, permitted_path=/data:/mnt/expand:/data/user/0/com.google.android.gms
01-31 16:20:45.009 14449 14662 D ConnectivityService: NetReassign [no changes] [c 1] [a 5] [i 6]
01-31 16:20:45.012  1694  1694 I vendor.qti.hardware.servicetrackeraidl-service: bindService is called for service : com.google.android.gms/.chimera.PersistentApiService and for client com.truecaller
01-31 16:20:45.012  1694  1694 I vendor.qti.hardware.servicetrackeraidl-service: total connections for service : com.google.android.gms/.chimera.PersistentApiServiceare :434
01-31 16:20:45.012  1694  1694 I vendor.qti.hardware.servicetrackeraidl-service: total connections for client : com.truecallerare :4
01-31 16:20:45.016   558   643 E GoogleApiManager: Failed to get service from broker. 
01-31 16:20:45.016   558   643 E GoogleApiManager: java.lang.SecurityException: Unknown calling package name 'com.google.android.gms'.
01-31 16:20:45.016   558   643 E GoogleApiManager: 	at android.os.Parcel.createExceptionOrNull(Parcel.java:3339)
01-31 16:20:45.016   558   643 E GoogleApiManager: 	at android.os.Parcel.createException(Parcel.java:3323)
01-31 16:20:45.016   558   643 E GoogleApiManager: 	at android.os.Parcel.readException(Parcel.java:3306)
01-31 16:20:45.016   558   643 E GoogleApiManager: 	at android.os.Parcel.readException(Parcel.java:3248)
01-31 16:20:45.016   558   643 E GoogleApiManager: 	at bdks.a(:com.google.android.gms@255034035@25.50.34 (260400-855735097):36)
01-31 16:20:45.016   558   643 E GoogleApiManager: 	at bdit.z(:com.google.android.gms@255034035@25.50.34 (260400-855735097):143)
01-31 16:20:45.016   558   643 E GoogleApiManager: 	at bcow.run(:com.google.android.gms@255034035@25.50.34 (260400-855735097):42)
01-31 16:20:45.016   558   643 E GoogleApiManager: 	at android.os.Handler.handleCallback(Handler.java:995)
01-31 16:20:45.016   558   643 E GoogleApiManager: 	at android.os.Handler.dispatchMessage(Handler.java:103)
01-31 16:20:45.016   558   643 E GoogleApiManager: 	at cqvy.mv(:com.google.android.gms@255034035@25.50.34 (260400-855735097):1)
01-31 16:20:45.016   558   643 E GoogleApiManager: 	at cqvy.dispatchMessage(:com.google.android.gms@255034035@25.50.34 (260400-855735097):5)
01-31 16:20:45.016   558   643 E GoogleApiManager: 	at android.os.Looper.loopOnce(Looper.java:283)
01-31 16:20:45.016   558   643 E GoogleApiManager: 	at android.os.Looper.loop(Looper.java:392)
01-31 16:20:45.016   558   643 E GoogleApiManager: 	at android.os.HandlerThread.run(HandlerThread.java:94)
01-31 16:20:45.016   558   643 W GoogleApiManager: Not showing notification since connectionResult is not user-facing: ConnectionResult{statusCode=DEVELOPER_ERROR, resolution=null, message=null, clientMethodKey=null}
01-31 16:20:45.017   558   616 D nativeloader: Load /data/app/~~w5He8vo7h9IjhsVv2Pc18g==/com.google.android.gms-iGGOZJh8sGFEROl9uLbzig==/base.apk!/lib/arm64-v8a/libconscrypt_gmscore_jni.so using class loader ns clns-11 (caller=/data/app/~~w5He8vo7h9IjhsVv2Pc18g==/com.google.android.gms-iGGOZJh8sGFEROl9uLbzig==/base.apk): ok
01-31 16:20:45.017   558   616 V NativeCrypto: Registering com/google/android/gms/org/conscrypt/NativeCrypto's 329 native methods...
01-31 16:20:45.018   558   642 W FlagRegistrar: Failed to register com.google.android.gms.providerinstaller#com.truecaller
01-31 16:20:45.018   558   642 W FlagRegistrar: fwfk: 17: 17: API: Phenotype.API is not available on this device. Connection failed with: ConnectionResult{statusCode=DEVELOPER_ERROR, resolution=null, message=null, clientMethodKey=null}
01-31 16:20:45.018   558   642 W FlagRegistrar: 	at fwfm.a(:com.google.android.gms@255034035@25.50.34 (260400-855735097):13)
01-31 16:20:45.018   558   642 W FlagRegistrar: 	at gtzd.d(:com.google.android.gms@255034035@25.50.34 (260400-855735097):3)
01-31 16:20:45.018   558   642 W FlagRegistrar: 	at gtzf.run(:com.google.android.gms@255034035@25.50.34 (260400-855735097):130)
01-31 16:20:45.018   558   642 W FlagRegistrar: 	at gubm.execute(:com.google.android.gms@255034035@25.50.34 (260400-855735097):1)
01-31 16:20:45.018   558   642 W FlagRegistrar: 	at gtzn.f(:com.google.android.gms@255034035@25.50.34 (260400-855735097):1)
01-31 16:20:45.018   558   642 W FlagRegistrar: 	at gtzn.m(:com.google.android.gms@255034035@25.50.34 (260400-855735097):99)
01-31 16:20:45.018   558   642 W FlagRegistrar: 	at gtzn.r(:com.google.android.gms@255034035@25.50.34 (260400-855735097):17)
01-31 16:20:45.018   558   642 W FlagRegistrar: 	at fowx.hz(:com.google.android.gms@255034035@25.50.34 (260400-855735097):35)
01-31 16:20:45.018   558   642 W FlagRegistrar: 	at fciq.run(:com.google.android.gms@255034035@25.50.34 (260400-855735097):12)
01-31 16:20:45.018   558   642 W FlagRegistrar: 	at gubm.execute(:com.google.android.gms@255034035@25.50.34 (260400-855735097):1)
01-31 16:20:45.018   558   642 W FlagRegistrar: 	at fcir.b(:com.google.android.gms@255034035@25.50.34 (260400-855735097):18)
01-31 16:20:45.018   558   642 W FlagRegistrar: 	at fcjg.b(:com.google.android.gms@255034035@25.50.34 (260400-855735097):34)
01-31 16:20:45.018   558   642 W FlagRegistrar: 	at fcji.d(:com.google.android.gms@255034035@25.50.34 (260400-855735097):25)
01-31 16:20:45.018   558   642 W FlagRegistrar: 	at bcmf.c(:com.google.android.gms@255034035@25.50.34 (260400-855735097):9)
01-31 16:20:45.018   558   642 W FlagRegistrar: 	at bcou.q(:com.google.android.gms@255034035@25.50.34 (260400-855735097):48)
01-31 16:20:45.018   558   642 W FlagRegistrar: 	at bcou.d(:com.google.android.gms@255034035@25.50.34 (260400-855735097):10)
01-31 16:20:45.018   558   642 W FlagRegistrar: 	at bcou.g(:com.google.android.gms@255034035@25.50.34 (260400-855735097):191)
01-31 16:20:45.018   558   642 W FlagRegistrar: 	at bcou.onConnectionFailed(:com.google.android.gms@255034035@25.50.34 (260400-855735097):2)
01-31 16:20:45.018   558   642 W FlagRegistrar: 	at bcow.run(:com.google.android.gms@255034035@25.50.34 (260400-855735097):70)
01-31 16:20:45.018   558   642 W FlagRegistrar: 	at android.os.Handler.handleCallback(Handler.java:995)
01-31 16:20:45.018   558   642 W FlagRegistrar: 	at android.os.Handler.dispatchMessage(Handler.java:103)
01-31 16:20:45.018   558   642 W FlagRegistrar: 	at cqvy.mv(:com.google.android.gms@255034035@25.50.34 (260400-855735097):1)
01-31 16:20:45.018   558   642 W FlagRegistrar: 	at cqvy.dispatchMessage(:com.google.android.gms@255034035@25.50.34 (260400-855735097):5)
01-31 16:20:45.018   558   642 W FlagRegistrar: 	at android.os.Looper.loopOnce(Looper.java:283)
01-31 16:20:45.018   558   642 W FlagRegistrar: 	at android.os.Looper.loop(Looper.java:392)
01-31 16:20:45.018   558   642 W FlagRegistrar: 	at android.os.HandlerThread.run(HandlerThread.java:94)
01-31 16:20:45.018   558   642 W FlagRegistrar: Caused by: bckm: 17: API: Phenotype.API is not available on this device. Connection failed with: ConnectionResult{statusCode=DEVELOPER_ERROR, resolution=null, message=null, clientMethodKey=null}
01-31 16:20:45.018   558   642 W FlagRegistrar: 	at bdif.a(:com.google.android.gms@255034035@25.50.34 (260400-855735097):15)
01-31 16:20:45.018   558   642 W FlagRegistrar: 	at bcmi.a(:com.google.android.gms@255034035@25.50.34 (260400-855735097):1)
01-31 16:20:45.018   558   642 W FlagRegistrar: 	at bcmf.c(:com.google.android.gms@255034035@25.50.34 (260400-855735097):5)
01-31 16:20:45.018   558   642 W FlagRegistrar: 	... 12 more
01-31 16:20:45.022  1694  1694 I vendor.qti.hardware.servicetrackeraidl-service: unbindService is called for service : com.google.android.gms/.gcm.PushMessagingRegistrarProxy and for client com.truecaller
01-31 16:20:45.022  1694  1694 I vendor.qti.hardware.servicetrackeraidl-service: size of service connections for service: com.google.android.gms/.gcm.PushMessagingRegistrarProxyafter removal is 0
01-31 16:20:45.022  1694  1694 I vendor.qti.hardware.servicetrackeraidl-service: size of client connections for client: com.truecallerafter removal is 3
01-31 16:20:45.022  1694  1694 I vendor.qti.hardware.servicetrackeraidl-service: destroyService is called for service : com.google.android.gms/.gcm.PushMessagingRegistrarProxy
01-31 16:20:45.024   558   616 I ProviderInstaller: Installed default security provider GmsCore_OpenSSL
01-31 16:20:45.032 14449 15165 D ConnectivityService: requestNetwork for uid/pid:10333/558 activeRequest: null callbackRequest: 11354 [NetworkRequest [ REQUEST id=11355, [ Capabilities: INTERNET&NOT_RESTRICTED&TRUSTED&NOT_VCN_MANAGED&NOT_BANDWIDTH_CONSTRAINED Uid: 10333 RequestorUid: 10333 RequestorPkg: com.truecaller UnderlyingNetworks: Null] ]] callback flags: 0 order: 2147483647 isUidTracked: false declaredMethods: AVAIL|LOST
01-31 16:20:45.034 21435   650 D AdvertisingIdClient: AdvertisingIdClient already created.
01-31 16:20:45.034 21435   650 D AdvertisingIdClient: AdvertisingIdClient is not bounded. Starting to bind it...
01-31 16:20:45.035 14449 14651 D WifiNetworkFactory: got request NetworkRequest [ REQUEST id=11355, [ Capabilities: INTERNET&NOT_RESTRICTED&TRUSTED&NOT_VCN_MANAGED&NOT_BANDWIDTH_CONSTRAINED Uid: 10333 RequestorUid: 10333 RequestorPkg: com.truecaller UnderlyingNetworks: Null] ]
