01-31 16:20:37.832 14449 14595 D ActivityManager: freezing 32320 com.android.vending:background
01-31 16:20:37.834 14449 14595 D ActivityManager: freezing 5003 com.android.vending
01-31 16:20:37.838 14449 14662 D InetDiagMessage: Destroyed 0 sockets, proto=IPPROTO_TCP, family=AF_INET, states=14
01-31 16:20:37.840 14449 14662 D InetDiagMessage: Destroyed 2 sockets, proto=IPPROTO_TCP, family=AF_INET6, states=14
01-31 16:20:37.840 14449 14662 D InetDiagMessage: Destroyed live tcp sockets for uids={10139} in 3ms
01-31 16:20:37.522  3397  3397 I [dp_rx_][0x160f0050e37][10:50:37.859860] qca6750: [3397:I:QDF] DHCP-R RX: SA:d2:8b:c1:**:**:22 DA:ff:ff:ff:**:**:ff
01-31 16:20:37.578  1114  1114 D [FTS_TS]fts_input_report_b: [B]P0 UP!
01-31 16:20:37.578  1114  1114 D [FTS_TS]fts_input_report_b: [B]Points All Up!
01-31 16:20:37.962  1649  1731 E NtChgAidl: NtChgAidl: InGameStatus: 0
01-31 16:20:37.962  1649  1731 E NtChg   : NtChg:handle_batt_temp_little_cold triggered
01-31 16:20:37.962  1649  1731 E NtChg   : NtChg:set temp_region=1
01-31 16:20:37.962  1649  1731 E NtChg   : NtChg:set ibatmax=6000 and set vbatmax=4500
01-31 16:20:37.625  1731  1731 I NtChg   : T0-6:[50,350,370,390,410,430,500],chg_series:8,is_changed:1,TeBoT0-6:[30,350,370,390,410,430,500],TRegion:1,Temp:263,tzname:shell_max,Ibat:6000,onlineI:-400,param_type:6,AbnormalStatus:0,tzn:3,g_cp_mode:5,vbat:0,pr_id:6,OnGameStatus:0
01-31 16:20:37.625  1731  1731 W nt_vote : FCC_MAIN: FCC_NT_CHG_VOTER,0 same vote on of val=6000
01-31 16:20:37.625  1731  1731 W nt_vote : FCC_MAIN: FCC_NT_CHG_VOTER,0 Ignoring similar vote on of val=6000
01-31 16:20:37.667  1114  1114 D [FTS_TS]fts_input_report_b: [B]P0(904, 669)[p:63,tm:11] DOWN!
01-31 16:20:37.735  1114  1114 D [FTS_TS]fts_input_report_b: [B]P0 UP!
01-31 16:20:37.735  1114  1114 D [FTS_TS]fts_input_report_b: [B]Points All Up!
01-31 16:20:38.191 14794 14794 D EdgeBackGestureHandler: mAllowGesture false | mDisableForQuickstep: false, mIsBackGestureAllowed: true, mGestureBlockingActivityRunning: false, isBackGestureDisabled by Flags: false, mIsTrackpadThreeFingerSwipe: false, isWithinTouchRegion: false
01-31 16:20:37.852  1114  1114 D [FTS_TS]fts_input_report_b: [B]P0(969, 521)[p:63,tm:11] DOWN!
01-31 16:20:37.912  1114  1114 D [FTS_TS]fts_input_report_b: [B]P0 UP!
01-31 16:20:37.912  1114  1114 D [FTS_TS]fts_input_report_b: [B]Points All Up!
01-31 16:20:38.378  1694  1694 I vendor.qti.hardware.servicetrackeraidl-service: destroyService is called for service : com.google.android.gms/.chimera.UiIntentOperationService
01-31 16:20:38.386 14794 14794 D EdgeBackGestureHandler: mAllowGesture false | mDisableForQuickstep: false, mIsBackGestureAllowed: true, mGestureBlockingActivityRunning: false, isBackGestureDisabled by Flags: false, mIsTrackpadThreeFingerSwipe: false, isWithinTouchRegion: false
01-31 16:20:38.045  1114  1114 D [FTS_TS]fts_input_report_b: [B]P0(932, 661)[p:63,tm:11] DOWN!
01-31 16:20:38.122  1114  1114 D [FTS_TS]fts_input_report_b: [B]P0 UP!
01-31 16:20:38.122  1114  1114 D [FTS_TS]fts_input_report_b: [B]Points All Up!
01-31 16:20:38.515 14449 14651 I HalDevMgr: bestIfaceCreationProposal is null, requestIface=STA, existingIface=[name=wlan0 type=STA]
01-31 16:20:38.176  1665  1665 I [binder][0x160f0c49abb][10:50:38.513680] qca6750: [1665:I:HDD] __wlan_hdd_cfg80211_get_logger_supp_feature: Ring buffer disable
01-31 16:20:38.521 14449 14662 D ConnectivityService: NetReassign [no changes] [c 0] [a 1] [i 2]
01-31 16:20:38.203     0     0 W [    C0] [rt_task_fixup][725]: RT task was runnable for more than 200000 ns on CPU 0, moved it to CPU 1 (binder:1726_3-2993)
01-31 16:20:38.255  1114  1114 D [FTS_TS]fts_input_report_b: [B]P0(967, 862)[p:63,tm:11] DOWN!
01-31 16:20:38.595 14794 14794 D EdgeBackGestureHandler: mAllowGesture false | mDisableForQuickstep: false, mIsBackGestureAllowed: true, mGestureBlockingActivityRunning: false, isBackGestureDisabled by Flags: false, mIsTrackpadThreeFingerSwipe: false, isWithinTouchRegion: false
01-31 16:20:38.302  1114  1114 D [FTS_TS]fts_input_report_b: [B]P0 UP!
01-31 16:20:38.302  1114  1114 D [FTS_TS]fts_input_report_b: [B]Points All Up!
01-31 16:20:38.655 15461 15461 W dataInfoSend: type=1400 audit(0.0:49121167): avc:  denied  { bpf } for  capability=39  scontext=u:r:bpfloader:s0 tcontext=u:r:bpfloader:s0 tclass=capability2 permissive=0
01-31 16:20:38.655 15461 15461 W dataInfoSend: type=1400 audit(0.0:49121168): avc:  denied  { bpf } for  capability=39  scontext=u:r:bpfloader:s0 tcontext=u:r:bpfloader:s0 tclass=capability2 permissive=0
01-31 16:20:38.655 15461 15461 W dataInfoSend: type=1400 audit(0.0:49121169): avc:  denied  { bpf } for  capability=39  scontext=u:r:bpfloader:s0 tcontext=u:r:bpfloader:s0 tclass=capability2 permissive=0
01-31 16:20:38.655 15461 15461 W dataInfoSend: type=1400 audit(0.0:49121170): avc:  denied  { bpf } for  capability=39  scontext=u:r:bpfloader:s0 tcontext=u:r:bpfloader:s0 tclass=capability2 permissive=0
01-31 16:20:38.655 15461 15461 W dataInfoSend: type=1400 audit(0.0:49121171): avc:  denied  { bpf } for  capability=39  scontext=u:r:bpfloader:s0 tcontext=u:r:bpfloader:s0 tclass=capability2 permissive=0
01-31 16:20:38.321 27537 27537 W audit   : audit_lost=49026353 audit_rate_limit=5 audit_backlog_limit=64
01-31 16:20:38.321 27537 27537 E audit   : rate limit exceeded
01-31 16:20:38.678  1553 15462 I vendor.qti.bluetooth@1.1-ibs_handler: ProcessIbsCmd: Received IBS_WAKE_IND: 0xFD
01-31 16:20:38.678  1553 15462 D vendor.qti.bluetooth@1.1-ibs_handler: SerialClockVote: vote for UART CLK ON
01-31 16:20:38.678  1553 15462 D vendor.qti.bluetooth@1.1-wake_lock: Acquire wakelock is acquired 
01-31 16:20:38.678  1553 15462 I vendor.qti.bluetooth@1.1-ibs_handler: ProcessIbsCmd: Writing IBS_WAKE_ACK
01-31 16:20:38.403     0     0 W [    C0] [rt_task_fixup][725]: RT task was runnable for more than 200000 ns on CPU 0, moved it to CPU 1 (TimerDispatch-1949)
01-31 16:20:38.742  1553 15462 I vendor.qti.bluetooth@1.1-ibs_handler: ProcessIbsCmd: Received IBS_SLEEP_IND: 0xFE
01-31 16:20:38.742  1553 15462 D vendor.qti.bluetooth@1.1-ibs_handler: SerialClockVote: vote for UART CLK OFF
01-31 16:20:38.892  1553 15305 D vendor.qti.bluetooth@1.1-wake_lock: Release wakelock is released 
01-31 16:20:38.564     0     0 W [    C1] [rt_task_fixup][725]: RT task was runnable for more than 200000 ns on CPU 1, moved it to CPU 3 (rcuog/0-15)
01-31 16:20:38.605 29363 29363 E spi_geni a80000.spi: spi_geni_runtime_suspend: 0 ---1end ctlr->queue = 1 ctlr->busy = 0 ctlr->running = 1
01-31 16:20:38.957 14449 15165 W ActivityManager: Unbind failed: could not find connection for android.os.BinderProxy@9690d62
01-31 16:20:38.958 15073 15073 D SatelliteModemInterface: Binding to vendor.qti.data.ntnsatapp
01-31 16:20:38.958 14449 16104 W ActivityManager: Unable to start service Intent { act=android.telephony.satellite.SatelliteService xflg=0x4 pkg=vendor.qti.data.ntnsatapp } U=0: not found
01-31 16:20:38.958 15073 15073 E SatelliteModemInterface: Error binding to the satellite service. Retrying in 54104 ms.
01-31 16:20:38.668  1564  1564 E healthd : soc_b:89, soc:35, soc_c:35, Vol:4021, Cur:2577,chg_s:1,t_l:32,b_s:2,OffTlast:0,lcd_off:0,Vu:4735,Vw:0,pid:1564,brightness:2.982044,rmCap:1600
01-31 16:20:38.668  1564  1564 E healthd : battery l=35 v=4021 t=22.0 h=2 st=2 c=2577273 fc=4566000 cc=256 chg=a
01-31 16:20:38.683  1564  1564 E healthd : soc_b:89, soc:35, soc_c:35, Vol:4021, Cur:2577,chg_s:1,t_l:32,b_s:2,OffTlast:0,lcd_off:0,Vu:4733,Vw:0,pid:1564,brightness:2.982044,rmCap:1600
01-31 16:20:38.684  1564  1564 W HealthLoop: debug.tracing.screen_brightness:2.982044
01-31 16:20:38.822  1114  1114 D [FTS_TS]fts_input_report_b: [B]P0(806, 1730)[p:63,tm:11] DOWN!
01-31 16:20:38.878  1114  1114 D [FTS_TS]fts_input_report_b: [B]P0 UP!
01-31 16:20:38.878  1114  1114 D [FTS_TS]fts_input_report_b: [B]Points All Up!
01-31 16:20:39.244 32763   382 D ApiClient: --> POST https://laundry-buddy-api.onrender.com/api/orders
01-31 16:20:39.244 32763   382 D ApiClient: Content-Type: application/json; charset=UTF-8
01-31 16:20:39.244 32763   382 D ApiClient: Content-Length: 351
01-31 16:20:39.245 32763   382 D ApiClient: 
01-31 16:20:39.245 32763   382 D ApiClient: {"serviceType":"Wash \u0026 Fold","totalAmount":60,"totalItems":6,"pickupTime":"Anytime","pickupDate":"Today","deliveryDate":"Tomorrow","items":[{"quantity":2,"name":"Shirts","category":"tops"},{"quantity":2,"name":"Pants","category":"bottoms"},{"quantity":1,"name":"Towels","category":"linens"},{"quantity":1,"name":"Bedsheets","category":"linens"}]}
01-31 16:20:39.245 32763   382 D ApiClient: --> END POST (351-byte body)
01-31 16:20:39.245 32763   382 D LaundryBuddyApp: Reading Token: eyJhbGciOiJIUzI1NiIsInR5cCI6IkpXVCJ9.eyJpZCI6IjY5NDlhNzE5M2FlZjU3YWJhYTE0NWM5ZiIsImVtYWlsIjoibGF1bmRyeUBibXUuZWR1LmluIiwiaXNBZG1pbiI6dHJ1ZSwiaWF0IjoxNzY5ODU2NjMzLCJleHAiOjE3Njk4NTc1MzN9.Xx7JBozO1YHu9hK1FV7Ig2E3MR9ctCqrbmdHCep0iMQ
01-31 16:20:39.245 32763   382 D ApiClient: Interceptor Check. Token: eyJhbGciOiJIUzI1NiIsInR5cCI6IkpXVCJ9.eyJpZCI6IjY5NDlhNzE5M2FlZjU3YWJhYTE0NWM5ZiIsImVtYWlsIjoibGF1bmRyeUBibXUuZWR1LmluIiwiaXNBZG1pbiI6dHJ1ZSwiaWF0IjoxNzY5ODU2NjMzLCJleHAiOjE3Njk4NTc1MzN9.Xx7JBozO1YHu9hK1FV7Ig2E3MR9ctCqrbmdHCep0iMQ
01-31 16:20:39.334  1694  1694 I vendor.qti.hardware.servicetrackeraidl-service: unbindService is called for service : com.google.android.gms/.chimera.PersistentDirectBootAwareApiService and for client com.google.android.gms.persistent
01-31 16:20:39.335 15252 15252 D BoundBrokerSvc: onUnbind: Intent { act=com.google.android.gms.libs.gmscorelogger.service.START dat=chimera-action:/... xflg=0x4 cmp=com.google.android.gms/.chimera.PersistentDirectBootAwareApiService }
01-31 16:20:39.096  2112  2112 E [binder][0x160f1d22c16][10:50:39.433805] qca6750: [2112:E:DP] dp_request_rx_hw_stats: Stats already requested
01-31 16:20:39.096  2112  2112 E [binder][0x160f1d22f59][10:50:39.433848] qca6750: [2112:E:HDD] __wlan_hdd_cfg80211_stats_ext_request: Failed to get hw stats: 6
01-31 16:20:39.445  1592 14745 I WifiHAL : event received NL80211_CMD_VENDOR, vendor_id = 0x1374, subcmd = 0xd
01-31 16:20:39.445  2173  2173 I cnss-daemon: nl80211 response handler invoked
01-31 16:20:39.445  2173  2173 I cnss-daemon: nl80211_response_handler: cmd 103, vendorID 4980, subcmd 13  received
01-31 16:20:39.133 29363 29363 E spi_geni a80000.spi: spi_geni_runtime_suspend: 0 ---1end ctlr->queue = 1 ctlr->busy = 0 ctlr->running = 1
01-31 16:20:39.513 32763   382 D ApiClient: <-- 401 https://laundry-buddy-api.onrender.com/api/orders (267ms)
01-31 16:20:39.513 32763   382 D ApiClient: date: Sat, 31 Jan 2026 10:50:39 GMT
01-31 16:20:39.513 32763   382 D ApiClient: content-type: application/json; charset=utf-8
01-31 16:20:39.513 32763   382 D ApiClient: cf-ray: 9c68a63a6b3777d3-DEL
01-31 16:20:39.514 32763   382 D ApiClient: access-control-allow-credentials: true
01-31 16:20:39.514 32763   382 D ApiClient: access-control-expose-headers: set-cookie
01-31 16:20:39.514 32763   382 D ApiClient: content-security-policy: default-src 'self';style-src 'self' 'unsafe-inline' https://fonts.googleapis.com;script-src 'self' 'unsafe-inline' https://accounts.google.com https://apis.google.com;img-src 'self' data: https: blob:;connect-src 'self' https://accounts.google.com;font-src 'self' https://fonts.gstatic.com;object-src 'none';media-src 'self';frame-src https://accounts.google.com;base-uri 'self';form-action 'self';frame-ancestors 'none';script-src-attr 'none';upgrade-insecure-requests
01-31 16:20:39.514 32763   382 D ApiClient: cross-origin-opener-policy: same-origin
01-31 16:20:39.514 32763   382 D ApiClient: cross-origin-resource-policy: cross-origin
01-31 16:20:39.514 32763   382 D ApiClient: etag: W/"3e-s5mV16zaasa0XEANEPJR2r7TLdA"
01-31 16:20:39.514 32763   382 D ApiClient: origin-agent-cluster: ?1
01-31 16:20:39.514 32763   382 D ApiClient: ratelimit-limit: 500
01-31 16:20:39.514 32763   382 D ApiClient: ratelimit-policy: 500;w=900
01-31 16:20:39.514 32763   382 D ApiClient: ratelimit-remaining: 494
01-31 16:20:39.514 32763   382 D ApiClient: ratelimit-reset: 604
01-31 16:20:39.514 32763   382 D ApiClient: referrer-policy: strict-origin-when-cross-origin
01-31 16:20:39.514 32763   382 D ApiClient: rndr-id: cb97088b-e770-43b5
01-31 16:20:39.514 32763   382 D ApiClient: strict-transport-security: max-age=31536000; includeSubDomains; preload
01-31 16:20:39.514 32763   382 D ApiClient: vary: Origin, Accept-Encoding
01-31 16:20:39.514 32763   382 D ApiClient: vary: Accept-Encoding
01-31 16:20:39.514 32763   382 D ApiClient: x-content-type-options: nosniff
01-31 16:20:39.514 32763   382 D ApiClient: x-dns-prefetch-control: off
01-31 16:20:39.514 32763   382 D ApiClient: x-download-options: noopen
01-31 16:20:39.514 32763   382 D ApiClient: x-frame-options: SAMEORIGIN
01-31 16:20:39.514 32763   382 D ApiClient: x-permitted-cross-domain-policies: none
01-31 16:20:39.514 32763   382 D ApiClient: x-render-origin-server: Render
01-31 16:20:39.514 32763   382 D ApiClient: x-xss-protection: 0
01-31 16:20:39.514 32763   382 D ApiClient: cf-cache-status: DYNAMIC
01-31 16:20:39.514 32763   382 D ApiClient: server: cloudflare
01-31 16:20:39.514 32763   382 D ApiClient: alt-svc: h3=":443"; ma=86400
01-31 16:20:39.515 32763   382 D ApiClient: 
01-31 16:20:39.515 32763   382 D ApiClient: {"success":false,"message":"Not authenticated. Please login."}
01-31 16:20:39.515 32763   382 D ApiClient: <-- END HTTP (62-byte body)
01-31 16:20:39.519 32763 32763 E SubmitOrderActivity: Response Failed: 401  Body: {"success":false,"message":"Not authenticated. Please login."}
01-31 16:20:39.520 32763 32763 E Toast   : setGravity() shouldn't be called on text toasts, the values won't be used
01-31 16:20:39.601  2025 15334 D StNfcHal: (#05702) Rx 6f 02 0f (hidden)
01-31 16:20:39.601  2025 15333 D StNfcHal: HalStopTimer 
01-31 16:20:39.679 15461 15461 W dataInfoSend: type=1400 audit(0.0:49124114): avc:  denied  { bpf } for  capability=39  scontext=u:r:bpfloader:s0 tcontext=u:r:bpfloader:s0 tclass=capability2 permissive=0
01-31 16:20:39.679 15461 15461 W dataInfoSend: type=1400 audit(0.0:49124115): avc:  denied  { bpf } for  capability=39  scontext=u:r:bpfloader:s0 tcontext=u:r:bpfloader:s0 tclass=capability2 permissive=0
01-31 16:20:39.679 15461 15461 W dataInfoSend: type=1400 audit(0.0:49124116): avc:  denied  { bpf } for  capability=39  scontext=u:r:bpfloader:s0 tcontext=u:r:bpfloader:s0 tclass=capability2 permissive=0
01-31 16:20:39.679 15461 15461 W dataInfoSend: type=1400 audit(0.0:49124117): avc:  denied  { bpf } for  capability=39  scontext=u:r:bpfloader:s0 tcontext=u:r:bpfloader:s0 tclass=capability2 permissive=0
01-31 16:20:39.679 15461 15461 W dataInfoSend: type=1400 audit(0.0:49124118): avc:  denied  { bpf } for  capability=39  scontext=u:r:bpfloader:s0 tcontext=u:r:bpfloader:s0 tclass=capability2 permissive=0
01-31 16:20:39.346 27537 27537 W audit   : audit_lost=49029295 audit_rate_limit=5 audit_backlog_limit=64
01-31 16:20:39.346 27537 27537 E audit   : rate limit exceeded
01-31 16:20:39.348     0     0 W [    C2] [rt_task_fixup][725]: RT task was runnable for more than 200000 ns on CPU 2, moved it to CPU 3 (rcu_preempt-14)
01-31 16:20:39.871  2025 15334 D StNfcHal: (#05703) Rx 6f 02 27 (hidden)
01-31 16:20:39.872  2025 15333 D StNfcHal: HalStopTimer 
01-31 16:20:40.012  1553 15462 I vendor.qti.bluetooth@1.1-ibs_handler: ProcessIbsCmd: Received IBS_WAKE_IND: 0xFD
01-31 16:20:40.012  1553 15462 D vendor.qti.bluetooth@1.1-ibs_handler: SerialClockVote: vote for UART CLK ON
01-31 16:20:40.012  1553 15462 D vendor.qti.bluetooth@1.1-wake_lock: Acquire wakelock is acquired 
01-31 16:20:40.012  1553 15462 I vendor.qti.bluetooth@1.1-ibs_handler: ProcessIbsCmd: Writing IBS_WAKE_ACK
01-31 16:20:40.053  1694  1694 I vendor.qti.hardware.servicetrackeraidl-service: unbindService is called for service : com.google.android.gms/.autofill.service.AutofillService and for client system
01-31 16:20:40.053  1694  1694 I vendor.qti.hardware.servicetrackeraidl-service: size of service connections for service: com.google.android.gms/.autofill.service.AutofillServiceafter removal is 0
01-31 16:20:40.053  1694  1694 I vendor.qti.hardware.servicetrackeraidl-service: size of client connections for client: systemafter removal is 35
01-31 16:20:40.054  1694  1694 I vendor.qti.hardware.servicetrackeraidl-service: destroyService is called for service : com.google.android.gms/.autofill.service.AutofillService
01-31 16:20:40.058 15252 17390 I IPCThreadState: oneway function results for code 1 on binder at 0xb4000072903ba1f0 will be dropped but finished with status UNKNOWN_TRANSACTION and reply parcel size 80
01-31 16:20:40.090  1553 15462 I vendor.qti.bluetooth@1.1-ibs_handler: ProcessIbsCmd: Received IBS_SLEEP_IND: 0xFE
01-31 16:20:40.090  1553 15462 D vendor.qti.bluetooth@1.1-ibs_handler: SerialClockVote: vote for UART CLK OFF
01-31 16:20:40.157  1678  1825 I SDM     : DisplayBase::CommitThread: Received idle timeout, panel: video, timeout: 69999 us
01-31 16:20:40.169  1678  4759 E ANDR-PERF-OH: ANDR-PERF-OH: getPerfHandle() 55: Invalid handle req: 0
01-31 16:20:40.170  1694  1694 I vendor.qti.hardware.servicetrackeraidl-service: unbindService is called for service : com.google.android.gms/.chimera.PersistentDirectBootAwareApiService and for client com.google.android.gms
01-31 16:20:40.173  1694  1694 I vendor.qti.hardware.servicetrackeraidl-service: unbindService is called for service : com.google.android.gms/.games.chimera.GamesAndroidServiceProxy and for client com.google.android.gms
01-31 16:20:40.173  1694  1694 I vendor.qti.hardware.servicetrackeraidl-service: size of service connections for service: com.google.android.gms/.games.chimera.GamesAndroidServiceProxyafter removal is 0
01-31 16:20:40.173  1694  1694 I vendor.qti.hardware.servicetrackeraidl-service: size of client connections for client: com.google.android.gmsafter removal is 7
01-31 16:20:40.174  1694  1694 I vendor.qti.hardware.servicetrackeraidl-service: destroyService is called for service : com.google.android.gms/.games.chimera.GamesAndroidServiceProxy
01-31 16:20:40.176  1694  1694 I vendor.qti.hardware.servicetrackeraidl-service: unbindService is called for service : com.google.android.gms/.chimera.PersistentDirectBootAwareApiService and for client com.google.android.gms
01-31 16:20:40.241  1553 15305 D vendor.qti.bluetooth@1.1-wake_lock: Release wakelock is released 
01-31 16:20:40.567  1694  1694 I vendor.qti.hardware.servicetrackeraidl-service: bindService is called for service : android/com.android.server.content.SyncJobService and for client system
01-31 16:20:40.567  1694  1694 I vendor.qti.hardware.servicetrackeraidl-service: total connections for service : android/com.android.server.content.SyncJobServiceare :1
01-31 16:20:40.567  1694  1694 I vendor.qti.hardware.servicetrackeraidl-service: total connections for client : systemare :36
01-31 16:20:40.570 14449 14449 W ProcessStats: Tracking association SourceState{c3e3b88 com.nothing.launcher/10221 BFgs #175064} whose proc state 4 is better than process ProcessState{91e1a8d com.nothing.universal.search/10357 pkg=com.nothing.universal.search} proc state 14 (20 skipped)
01-31 16:20:40.572  1694  1694 I vendor.qti.hardware.servicetrackeraidl-service: bindService is called for service : com.android.vending/com.google.android.finsky.scheduler.process.mainimpl.PhoneskyJobServiceMain and for client system
01-31 16:20:40.572  1694  1694 I vendor.qti.hardware.servicetrackeraidl-service: total connections for service : com.android.vending/com.google.android.finsky.scheduler.process.mainimpl.PhoneskyJobServiceMainare :1
01-31 16:20:40.572  1694  1694 I vendor.qti.hardware.servicetrackeraidl-service: total connections for client : systemare :37
01-31 16:20:40.573 14449 14583 D OomAdjuster: process : com.android.vending, pid = 5003, isTop = false, uid = 10139, hasActivity = false
01-31 16:20:40.573 14449 14583 D OomAdjuster: process : com.android.vending is not top!
01-31 16:20:40.577 14449 14583 D ActivityManager: sync unfroze 5003 com.android.vending for 6
01-31 16:20:40.586  1694  1694 I vendor.qti.hardware.servicetrackeraidl-service: bindService is called for service : com.google.android.gms/.people.sync.focus.ContactsSyncAdapterService and for client system
01-31 16:20:40.586  1694  1694 I vendor.qti.hardware.servicetrackeraidl-service: total connections for service : com.google.android.gms/.people.sync.focus.ContactsSyncAdapterServiceare :1
01-31 16:20:40.586  1694  1694 I vendor.qti.hardware.servicetrackeraidl-service: total connections for client : systemare :38
01-31 16:20:40.586 14449 14705 D BackgroundInstallControlService: Package event received: 0
01-31 16:20:40.594  5003  5003 I Finsky  : [2] SCH: job service start with id 9837.
01-31 16:20:40.594 14449 16104 D OomAdjuster: process : android.process.acore, pid = 28152, isTop = false, uid = 10072, hasActivity = false
01-31 16:20:40.594 14449 16104 D OomAdjuster: process : android.process.acore is not top!
01-31 16:20:40.595 14449 14705 D BackgroundInstallControlService: Package event received: 0
01-31 16:20:40.595 14449 14705 D BackgroundInstallControlService: Package event received: 0
01-31 16:20:40.595 14449 14705 D BackgroundInstallControlService: Package event received: 0
01-31 16:20:40.595 14449 14705 D BackgroundInstallControlService: Package event received: 0
01-31 16:20:40.596 21435   482 I FSA2_GmsContactsSyncAdapter: @onPerformSync
01-31 16:20:40.597 21435   482 W FSA2_ContactsSyncAdapter: @onPerformSync Sync started
01-31 16:20:40.606 21435   482 W ChimeraUtils: Module com.google.android.gms.people missing resource null(0)
01-31 16:20:40.607  5003 32676 I Finsky  : [611] SCH: Satisfied jobs for 9837 are: 12-1
01-31 16:20:40.609  5003   483 I Finsky  : [615] SCH: Job 12-1 starting
01-31 16:20:40.610  5003  5003 I Finsky  : [2] WM::SCH: Logging work start for 12-1
01-31 16:20:40.611  5003  5003 I Finsky  : [2] [ContentSync] job started
01-31 16:20:40.612  1694  1694 I vendor.qti.hardware.servicetrackeraidl-service: bindService is called for service : com.google.android.gms/.chimera.PersistentDirectBootAwareApiService and for client com.google.android.gms
01-31 16:20:40.612  1694  1694 I vendor.qti.hardware.servicetrackeraidl-service: total connections for service : com.google.android.gms/.chimera.PersistentDirectBootAwareApiServiceare :339
01-31 16:20:40.612  1694  1694 I vendor.qti.hardware.servicetrackeraidl-service: total connections for client : com.google.android.gmsare :7
01-31 16:20:40.613 15252 15252 D BoundBrokerSvc: onRebind: Intent { act=com.google.android.gms.libs.gmscorelogger.service.START dat=chimera-action:/... xflg=0x4 cmp=com.google.android.gms/.chimera.PersistentDirectBootAwareApiService }
01-31 16:20:40.631 21435   482 I People_AppSearchUtilities: Using PlatformStorage API
01-31 16:20:40.633 21435   482 I CpgSchemaBuilder: Creating session
01-31 16:20:40.640 21435   482 I CpgSchemaBuilder: CPG schemas visible to supported apps, build skipped.
01-31 16:20:40.645 21435   482 I FSA2_FirstFullSyncsDetector: First full syncs finished before.
01-31 16:20:40.649 21435   482 W ChimeraUtils: Module com.google.android.gms.people missing resource null(0)
01-31 16:20:40.653  1694  1694 I vendor.qti.hardware.servicetrackeraidl-service: bindService is called for service : com.google.android.gms/.chimera.GmsBoundBrokerService and for client com.google.android.gms
01-31 16:20:40.653  1694  1694 I vendor.qti.hardware.servicetrackeraidl-service: total connections for service : com.google.android.gms/.chimera.GmsBoundBrokerServiceare :3
01-31 16:20:40.653  1694  1694 I vendor.qti.hardware.servicetrackeraidl-service: total connections for client : com.google.android.gmsare :7
01-31 16:20:40.653 21435 21435 D BoundBrokerSvc: onBind: Intent { act=com.google.android.gms.people.contactssync.service.START dat=chimera-action:/... xflg=0x4 cmp=com.google.android.gms/.chimera.GmsBoundBrokerService }
01-31 16:20:40.653 21435 21435 D BoundBrokerSvc: Loading bound service for intent: Intent { act=com.google.android.gms.people.contactssync.service.START dat=chimera-action:/... xflg=0x4 cmp=com.google.android.gms/.chimera.GmsBoundBrokerService }
01-31 16:20:40.655 21435 21468 I PeopleChimeraService: onService. callbacks = cpif@9d4abce, request = com.google.android.gms.common.internal.GetServiceRequest@b3a1aef
01-31 16:20:40.661 21435   482 I FSA2_SyncState: @readSyncState: # enii@293a5a1d
01-31 16:20:40.663 21435   482 I FSA2_SyncState: @readSyncState: # enii@293a5a1d
01-31 16:20:40.695 21435   482 I FSA2_RawContactSyncer: Before sync, callingCardsWithOnlyMetadataCount: 0, callingCardsWithOnlyPhotoCount: 0, callingCardsWithBothMetadataAndPhotoCount: 0
01-31 16:20:40.698 21435   482 I FSA2_SyncState: @readSyncState: # enii@293a5a1d
01-31 16:20:40.702 21435   491 I FSA2_SyncState: @readSyncState: # enii@293a5a1d
01-31 16:20:40.706  1694  1694 I vendor.qti.hardware.servicetrackeraidl-service: bindService is called for service : com.google.android.gms/.auth.be.appcert.AppCertService and for client com.google.android.gms
01-31 16:20:40.706  1694  1694 I vendor.qti.hardware.servicetrackeraidl-service: total connections for service : com.google.android.gms/.auth.be.appcert.AppCertServiceare :1
01-31 16:20:40.706  1694  1694 I vendor.qti.hardware.servicetrackeraidl-service: total connections for client : com.google.android.gmsare :8
01-31 16:20:40.711  1694  1694 I vendor.qti.hardware.servicetrackeraidl-service: bindService is called for service : com.google.android.gms/.auth.GetToken and for client com.google.android.gms
01-31 16:20:40.711  1694  1694 I vendor.qti.hardware.servicetrackeraidl-service: total connections for service : com.google.android.gms/.auth.GetTokenare :1
01-31 16:20:40.711  1694  1694 I vendor.qti.hardware.servicetrackeraidl-service: total connections for client : com.google.android.gmsare :9
01-31 16:20:40.711 15461 15461 W dataInfoSend: type=1400 audit(0.0:49127061): avc:  denied  { bpf } for  capability=39  scontext=u:r:bpfloader:s0 tcontext=u:r:bpfloader:s0 tclass=capability2 permissive=0
01-31 16:20:40.711 15461 15461 W dataInfoSend: type=1400 audit(0.0:49127062): avc:  denied  { bpf } for  capability=39  scontext=u:r:bpfloader:s0 tcontext=u:r:bpfloader:s0 tclass=capability2 permissive=0
01-31 16:20:40.711 15461 15461 W dataInfoSend: type=1400 audit(0.0:49127063): avc:  denied  { bpf } for  capability=39  scontext=u:r:bpfloader:s0 tcontext=u:r:bpfloader:s0 tclass=capability2 permissive=0
01-31 16:20:40.711 15461 15461 W dataInfoSend: type=1400 audit(0.0:49127064): avc:  denied  { bpf } for  capability=39  scontext=u:r:bpfloader:s0 tcontext=u:r:bpfloader:s0 tclass=capability2 permissive=0
01-31 16:20:40.711 15461 15461 W dataInfoSend: type=1400 audit(0.0:49127065): avc:  denied  { bpf } for  capability=39  scontext=u:r:bpfloader:s0 tcontext=u:r:bpfloader:s0 tclass=capability2 permissive=0
01-31 16:20:40.377 27537 27537 W audit   : audit_lost=49032237 audit_rate_limit=5 audit_backlog_limit=64
01-31 16:20:40.377 27537 27537 E audit   : rate limit exceeded
01-31 16:20:40.395  3397  3397 I [dp_rx_][0x160f34ecce8][10:50:40.733016] qca6750: [3397:I:QDF] DHCP-R RX: SA:12:08:f9:**:**:f0 DA:ff:ff:ff:**:**:ff
01-31 16:20:40.812   997   997 E KeymasterUtils: IKMHal_sendCmd failed with rsp_header->status: -28
01-31 16:20:40.812   997   997 E KeyMasterHalDevice: abort_operation
01-31 16:20:40.812   997   997 E KeyMasterHalDevice: ret: -28
01-31 16:20:40.845  5003  5003 W Finsky  : [2] STU: Failed to get storage stats for package 'com.google.android.uwb' (1601: Error getting stats: android.content.pm.PackageManager.NameNotFoundException)
01-31 16:20:40.848  5003  5003 W Finsky  : [2] STU: Failed to get storage stats for package 'com.google.android.widevine.nonupdatable' (1601: Error getting stats: android.content.pm.PackageManager.NameNotFoundException)
01-31 16:20:40.849  5003  5003 W Finsky  : [2] STU: Failed to get storage stats for package 'com.android.nfcservices' (1601: Error getting stats: android.content.pm.PackageManager.NameNotFoundException)
01-31 16:20:40.852  2025 15334 D StNfcHal: (#05704) Rx 6f 02 0f (hidden)
01-31 16:20:40.852  2025 15333 D StNfcHal: HalStopTimer 
01-31 16:20:40.870  5003  5003 W Finsky  : [2] STU: Failed to get storage stats for package 'com.google.android.devicelock' (1601: Error getting stats: android.content.pm.PackageManager.NameNotFoundException)
01-31 16:20:40.886  5003  5003 W Finsky  : [2] STU: Failed to get storage stats for package 'com.android.apex.cts.shim' (1601: Error getting stats: android.content.pm.PackageManager.NameNotFoundException)
01-31 16:20:40.896  5003  5003 W Finsky  : [2] STU: Failed to get storage stats for package 'com.google.android.appsearch' (1601: Error getting stats: android.content.pm.PackageManager.NameNotFoundException)
01-31 16:20:40.898  5003  5003 W Finsky  : [2] STU: Failed to get storage stats for package 'com.google.android.art' (1601: Error getting stats: android.content.pm.PackageManager.NameNotFoundException)
01-31 16:20:40.902  5003  5003 W Finsky  : [2] STU: Failed to get storage stats for package 'com.android.bt' (1601: Error getting stats: android.content.pm.PackageManager.NameNotFoundException)
01-31 16:20:40.914  5003  5003 W Finsky  : [2] STU: Failed to get storage stats for package 'com.google.android.mediaprovider' (1601: Error getting stats: android.content.pm.PackageManager.NameNotFoundException)
01-31 16:20:40.925  5003  5003 W Finsky  : [2] STU: Failed to get storage stats for package 'com.android.virt' (1601: Error getting stats: android.content.pm.PackageManager.NameNotFoundException)
01-31 16:20:40.931  5003  5003 W Finsky  : [2] STU: Failed to get storage stats for package 'com.google.android.resolv' (1601: Error getting stats: android.content.pm.PackageManager.NameNotFoundException)
01-31 16:20:40.942  5003  5003 W Finsky  : [2] STU: Failed to get storage stats for package 'com.google.android.configinfrastructure' (1601: Error getting stats: android.content.pm.PackageManager.NameNotFoundException)
01-31 16:20:40.942  5003  5003 W Finsky  : [2] STU: Failed to get storage stats for package 'com.google.android.media' (1601: Error getting stats: android.content.pm.PackageManager.NameNotFoundException)
01-31 16:20:40.952  5003  5003 W Finsky  : [2] STU: Failed to get storage stats for package 'com.android.vndk.v34' (1601: Error getting stats: android.content.pm.PackageManager.NameNotFoundException)
01-31 16:20:40.959  5003  5003 W Finsky  : [2] STU: Failed to get storage stats for package 'com.android.crashrecovery' (1601: Error getting stats: android.content.pm.PackageManager.NameNotFoundException)
01-31 16:20:40.968  5003  5003 W Finsky  : [2] STU: Failed to get storage stats for package 'com.google.android.sdkext' (1601: Error getting stats: android.content.pm.PackageManager.NameNotFoundException)
01-31 16:20:40.974  5003  5003 W Finsky  : [2] STU: Failed to get storage stats for package 'com.google.android.adservices' (1601: Error getting stats: android.content.pm.PackageManager.NameNotFoundException)
01-31 16:20:40.974  5003  5003 W Finsky  : [2] STU: Failed to get storage stats for package 'com.google.android.tethering' (1601: Error getting stats: android.content.pm.PackageManager.NameNotFoundException)
01-31 16:20:40.986  5003  5003 W Finsky  : [2] STU: Failed to get storage stats for package 'com.android.runtime' (1601: Error getting stats: android.content.pm.PackageManager.NameNotFoundException)
01-31 16:20:40.992  5003  5003 W Finsky  : [2] STU: Failed to get storage stats for package 'com.google.android.cellbroadcast' (1601: Error getting stats: android.content.pm.PackageManager.NameNotFoundException)
01-31 16:20:41.001  5003  5003 W Finsky  : [2] STU: Failed to get storage stats for package 'com.google.android.rkpd' (1601: Error getting stats: android.content.pm.PackageManager.NameNotFoundException)
01-31 16:20:41.042  5003  5003 W Finsky  : [2] STU: Failed to get storage stats for package 'com.android.compos' (1601: Error getting stats: android.content.pm.PackageManager.NameNotFoundException)
01-31 16:20:41.046  5003  5003 W Finsky  : [2] STU: Failed to get storage stats for package 'com.google.android.tzdata6' (1601: Error getting stats: android.content.pm.PackageManager.NameNotFoundException)
01-31 16:20:41.055  5003  5003 W Finsky  : [2] STU: Failed to get storage stats for package 'com.google.android.permission' (1601: Error getting stats: android.content.pm.PackageManager.NameNotFoundException)
01-31 16:20:41.072  5003  5003 W Finsky  : [2] STU: Failed to get storage stats for package 'com.google.android.wifi' (1601: Error getting stats: android.content.pm.PackageManager.NameNotFoundException)
01-31 16:20:41.076  5003  5010 W System  : A resource failed to call close. 
01-31 16:20:41.076  5003  5010 W System  : A resource failed to call close. 
01-31 16:20:41.089  2025 15334 D StNfcHal: (#05705) Rx 6f 02 27 (hidden)
01-31 16:20:41.089  2025 15333 D StNfcHal: HalStopTimer 
01-31 16:20:41.149  5003  5003 W Finsky  : [2] STU: Failed to get storage stats for package 'com.google.android.media.swcodec' (1601: Error getting stats: android.content.pm.PackageManager.NameNotFoundException)
01-31 16:20:41.151  5003  5003 W Finsky  : [2] STU: Failed to get storage stats for package 'com.android.uprobestats' (1601: Error getting stats: android.content.pm.PackageManager.NameNotFoundException)
01-31 16:20:41.153 15252 17390 I Auth    : (REDACTED) [GetTokenResponse] Decryption key=%s success, service=%s
01-31 16:20:41.155  5003  5003 W Finsky  : [2] STU: Failed to get storage stats for package 'com.android.profiling' (1601: Error getting stats: android.content.pm.PackageManager.NameNotFoundException)
01-31 16:20:41.190  5003  5003 W Finsky  : [2] STU: Failed to get storage stats for package 'com.google.android.adbd' (1601: Error getting stats: android.content.pm.PackageManager.NameNotFoundException)
01-31 16:20:41.209  5003  5003 W Finsky  : [2] STU: Failed to get storage stats for package 'com.android.i18n' (1601: Error getting stats: android.content.pm.PackageManager.NameNotFoundException)
01-31 16:20:41.211 14449 15165 W NotificationService: Toast already killed. pkg=com.laundrybuddy token=android.os.BinderProxy@8e1ba3c
01-31 16:20:41.217  5003  5003 W Finsky  : [2] STU: Failed to get storage stats for package 'com.google.android.conscrypt' (1601: Error getting stats: android.content.pm.PackageManager.NameNotFoundException)
01-31 16:20:41.225 14794 14794 D NtViewRootImpl: mPopUpViewOffsets: offset=(0.0, 0.0), scale=(1.0, 1.0)
01-31 16:20:41.236  5003  5003 W Finsky  : [2] STU: Failed to get storage stats for package 'com.google.android.neuralnetworks' (1601: Error getting stats: android.content.pm.PackageManager.NameNotFoundException)
01-31 16:20:41.238 21435 11955 W Conscrypt: Could not set socket write timeout: java.net.SocketException: Socket closed
01-31 16:20:41.239 21435 11955 W Conscrypt: 	at com.google.android.gms.org.conscrypt.Platform.setSocketWriteTimeout(:com.google.android.gms@255034035@25.50.34 (260400-855735097):204)
01-31 16:20:41.239 21435 11955 W Conscrypt: 	at com.google.android.gms.org.conscrypt.ConscryptFileDescriptorSocket.setSoWriteTimeout(:com.google.android.gms@255034035@25.50.34 (260400-855735097):4)
01-31 16:20:41.246  5003  5003 W Finsky  : [2] STU: Failed to get storage stats for package 'com.google.android.ipsec' (1601: Error getting stats: android.content.pm.PackageManager.NameNotFoundException)
01-31 16:20:41.259  5003  5003 W Finsky  : [2] STU: Failed to get storage stats for package 'com.google.android.ondevicepersonalization' (1601: Error getting stats: android.content.pm.PackageManager.NameNotFoundException)
01-31 16:20:41.268  5003  5003 W Finsky  : [2] STU: Failed to get storage stats for package 'com.google.android.healthfitness' (1601: Error getting stats: android.content.pm.PackageManager.NameNotFoundException)
01-31 16:20:41.300  5003  5003 W Finsky  : [2] STU: Failed to get storage stats for package 'com.google.android.extservices' (1601: Error getting stats: android.content.pm.PackageManager.NameNotFoundException)
01-31 16:20:41.326  5003  5003 W Finsky  : [2] STU: Failed to get storage stats for package 'com.google.android.os.statsd' (1601: Error getting stats: android.content.pm.PackageManager.NameNotFoundException)
01-31 16:20:41.337 21435 11955 W Conscrypt: Could not set socket write timeout: java.net.SocketException: Socket closed
01-31 16:20:41.338 21435 11955 W Conscrypt: 	at com.google.android.gms.org.conscrypt.Platform.setSocketWriteTimeout(:com.google.android.gms@255034035@25.50.34 (260400-855735097):204)
01-31 16:20:41.338 21435 11955 W Conscrypt: 	at com.google.android.gms.org.conscrypt.ConscryptFileDescriptorSocket.setSoWriteTimeout(:com.google.android.gms@255034035@25.50.34 (260400-855735097):4)
01-31 16:20:41.348  5003  5003 W Finsky  : [2] STU: Failed to get storage stats for package 'com.google.android.scheduling' (1601: Error getting stats: android.content.pm.PackageManager.NameNotFoundException)
01-31 16:20:41.368  5003  5003 I Finsky  : [2] App states replicator found 38 unowned apps
01-31 16:20:41.385  5003  5039 I Finsky  : [337] Completed 0 account content syncs with 0 successful.
01-31 16:20:41.385  5003  5003 I Finsky  : [2] [ContentSync] Installation state replication succeeded.
01-31 16:20:41.385  5003  5003 I Finsky  : [2] SCH: jobFinished: 12-1. TimeElapsed: 776ms.
01-31 16:20:41.386  5003  5003 I Finsky  : [2] WM::SCH: Logging work end for 12-1
01-31 16:20:41.395  5003  5039 I Finsky  : [337] SCH: Scheduling phonesky job Id: 1-1337, CT: 1769823551103, Constraints: [{ L: 36731583, D: 79931583, C: CHARGING_NONE, I: IDLE_NONE, N: NET_ANY, B: BATTERY_ANY }]
01-31 16:20:41.395  5003  5039 I Finsky  : [337] SCH: Scheduling phonesky job Id: 34-2617, CT: 1769851461458, Constraints: [{ L: 79199964, D: 1375199964, C: CHARGING_NONE, I: IDLE_NONE, N: NET_ANY, B: BATTERY_ANY }]
01-31 16:20:41.396  5003  5039 I Finsky  : [337] SCH: Scheduling phonesky job Id: 34-2618, CT: 1769851473159, Constraints: [{ L: 604800000, D: 2591988570, C: CHARGING_NONE, I: IDLE_NONE, N: NET_ANY, B: BATTERY_ANY }]
01-31 16:20:41.398  5003  5035 I Finsky  : [334] SCH: Scheduling 1 system job(s)
01-31 16:20:41.398  5003  5035 I Finsky  : [334] SCH: Scheduling system job Id: 9842, L: 3641288, D: 46841288, C: false, I: false, N: 1
01-31 16:20:41.404  5003   483 I Finsky  : [615] SCH: job service finished with id 9837.
01-31 16:20:41.405 14449 14595 D ActivityManager: freezing 20416 com.google.android.gms.ui
01-31 16:20:41.407  1694  1694 I vendor.qti.hardware.servicetrackeraidl-service: unbindService is called for service : com.android.vending/com.google.android.finsky.scheduler.process.mainimpl.PhoneskyJobServiceMain and for client system
01-31 16:20:41.407  1694  1694 I vendor.qti.hardware.servicetrackeraidl-service: size of service connections for service: com.android.vending/com.google.android.finsky.scheduler.process.mainimpl.PhoneskyJobServiceMainafter removal is 0
01-31 16:20:41.407  1694  1694 I vendor.qti.hardware.servicetrackeraidl-service: size of client connections for client: systemafter removal is 37
01-31 16:20:41.408  1694  1694 I vendor.qti.hardware.servicetrackeraidl-service: destroyService is called for service : com.android.vending/com.google.android.finsky.scheduler.process.mainimpl.PhoneskyJobServiceMain
01-31 16:20:41.416  5003  5003 I Finsky  : [2] Memory trim requested to level 40
01-31 16:20:41.417  5003  5003 I Finsky  : [2] Flushing in-memory image cache
01-31 16:20:41.099  2112  2112 E [binder][0x160f41cfa64][10:50:41.436769] qca6750: [2112:E:DP] dp_request_rx_hw_stats: Stats already requested
01-31 16:20:41.099  2112  2112 E [binder][0x160f41cfc85][10:50:41.436797] qca6750: [2112:E:HDD] __wlan_hdd_cfg80211_stats_ext_request: Failed to get hw stats: 6
01-31 16:20:41.438  2173  2173 I cnss-daemon: nl80211 response handler invoked
01-31 16:20:41.438  1592 14745 I WifiHAL : event received NL80211_CMD_VENDOR, vendor_id = 0x1374, subcmd = 0xd
01-31 16:20:41.438  2173  2173 I cnss-daemon: nl80211_response_handler: cmd 103, vendorID 4980, subcmd 13  received
01-31 16:20:41.493 21435   491 I FSA2_GroupSyncGrpc: Received non-null API-group response
01-31 16:20:41.495  1553 15462 I vendor.qti.bluetooth@1.1-ibs_handler: ProcessIbsCmd: Received IBS_WAKE_IND: 0xFD
01-31 16:20:41.496  1553 15462 D vendor.qti.bluetooth@1.1-ibs_handler: SerialClockVote: vote for UART CLK ON
01-31 16:20:41.496  1553 15462 D vendor.qti.bluetooth@1.1-wake_lock: Acquire wakelock is acquired 
01-31 16:20:41.496  1553 15462 I vendor.qti.bluetooth@1.1-ibs_handler: ProcessIbsCmd: Writing IBS_WAKE_ACK
01-31 16:20:41.497 21435   482 I FSA2_SyncState: @readSyncState: # enii@293a5a1d
01-31 16:20:41.512 15252 15252 I NearbySharing: The contact book (uri: content://com.android.contacts) has been modified. Debouncing sync.
01-31 16:20:41.529 14449 14651 I HalDevMgr: bestIfaceCreationProposal is null, requestIface=STA, existingIface=[name=wlan0 type=STA]
01-31 16:20:41.190  1665  1665 I [binder][0x160f43798c2][10:50:41.527627] qca6750: [1665:I:HDD] __wlan_hdd_cfg80211_get_logger_supp_feature: Ring buffer disable
01-31 16:20:41.533  1694  1694 I vendor.qti.hardware.servicetrackeraidl-service: bindService is called for service : com.google.android.gms/.icing.proxy.IcingInternalCorporaUpdateService and for client com.google.android.gms.persistent
01-31 16:20:41.533  1694  1694 I vendor.qti.hardware.servicetrackeraidl-service: total connections for service : com.google.android.gms/.icing.proxy.IcingInternalCorporaUpdateServiceare :1
01-31 16:20:41.533  1694  1694 I vendor.qti.hardware.servicetrackeraidl-service: total connections for client : com.google.android.gms.persistentare :12
01-31 16:20:41.538 15252 32646 I NetworkScheduler.Stats: (REDACTED) Task %s/%s started execution. cause:%s exec_start_elapsed_seconds: %s
01-31 16:20:41.543  1694  1694 I vendor.qti.hardware.servicetrackeraidl-service: bindService is called for service : com.google.android.gms/.chimera.PersistentDirectBootAwareApiService and for client com.google.android.gms
01-31 16:20:41.543  1694  1694 I vendor.qti.hardware.servicetrackeraidl-service: total connections for service : com.google.android.gms/.chimera.PersistentDirectBootAwareApiServiceare :339
01-31 16:20:41.543  1694  1694 I vendor.qti.hardware.servicetrackeraidl-service: total connections for client : com.google.android.gmsare :9
01-31 16:20:41.544 15252   346 I NetworkScheduler.Stats: (REDACTED) Task %s/%s finished executing. cause:%s result: %s elapsed_millis: %s uptime_millis: %s exec_start_elapsed_seconds: %s
01-31 16:20:41.544  1694  1694 I vendor.qti.hardware.servicetrackeraidl-service: unbindService is called for service : com.google.android.gms/.icing.proxy.IcingInternalCorporaUpdateService and for client com.google.android.gms.persistent
01-31 16:20:41.544  1694  1694 I vendor.qti.hardware.servicetrackeraidl-service: size of service connections for service: com.google.android.gms/.icing.proxy.IcingInternalCorporaUpdateServiceafter removal is 0
01-31 16:20:41.544  1694  1694 I vendor.qti.hardware.servicetrackeraidl-service: size of client connections for client: com.google.android.gms.persistentafter removal is 11
01-31 16:20:41.544  1694  1694 I vendor.qti.hardware.servicetrackeraidl-service: destroyService is called for service : com.google.android.gms/.icing.proxy.IcingInternalCorporaUpdateService
01-31 16:20:41.549 21435   507 I FSA2_SyncState: @readSyncState: # enii@ecad6a94
01-31 16:20:41.554  1553 15462 I vendor.qti.bluetooth@1.1-ibs_handler: ProcessIbsCmd: Received IBS_SLEEP_IND: 0xFE
01-31 16:20:41.554  1553 15462 D vendor.qti.bluetooth@1.1-ibs_handler: SerialClockVote: vote for UART CLK OFF
01-31 16:20:41.574  1553 15462 I vendor.qti.bluetooth@1.1-ibs_handler: ProcessIbsCmd: Received IBS_WAKE_IND: 0xFD
01-31 16:20:41.574  1553 15462 D vendor.qti.bluetooth@1.1-ibs_handler: SerialClockVote: vote for UART CLK ON
01-31 16:20:41.574  1553 15462 I vendor.qti.bluetooth@1.1-ibs_handler: ProcessIbsCmd: Writing IBS_WAKE_ACK
01-31 16:20:41.642  1553 15462 I vendor.qti.bluetooth@1.1-ibs_handler: ProcessIbsCmd: Received IBS_SLEEP_IND: 0xFE
01-31 16:20:41.642  1553 15462 D vendor.qti.bluetooth@1.1-ibs_handler: SerialClockVote: vote for UART CLK OFF
01-31 16:20:41.648  1678  1825 I SDM     : DisplayBase::CommitThread: Received idle timeout, panel: video, timeout: 70000 us
01-31 16:20:41.659  1678  4761 E ANDR-PERF-OH: ANDR-PERF-OH: getPerfHandle() 55: Invalid handle req: 0
01-31 16:20:41.688 21435   507 I FSA2_ContactSyncGrpc: Received non-null API-contact response
01-31 16:20:41.692 21435   482 I FSA2_SyncState: @readSyncState: # enii@ecad6a94
01-31 16:20:41.727 15461 15461 W dataInfoSend: type=1400 audit(0.0:49130009): avc:  denied  { bpf } for  capability=39  scontext=u:r:bpfloader:s0 tcontext=u:r:bpfloader:s0 tclass=capability2 permissive=0
01-31 16:20:41.727 15461 15461 W dataInfoSend: type=1400 audit(0.0:49130010): avc:  denied  { bpf } for  capability=39  scontext=u:r:bpfloader:s0 tcontext=u:r:bpfloader:s0 tclass=capability2 permissive=0
01-31 16:20:41.727 15461 15461 W dataInfoSend: type=1400 audit(0.0:49130011): avc:  denied  { bpf } for  capability=39  scontext=u:r:bpfloader:s0 tcontext=u:r:bpfloader:s0 tclass=capability2 permissive=0
01-31 16:20:41.395 27537 27537 W audit   : audit_lost=49035180 audit_rate_limit=5 audit_backlog_limit=64
01-31 16:20:41.727 15461 15461 W dataInfoSend: type=1400 audit(0.0:49130012): avc:  denied  { bpf } for  capability=39  scontext=u:r:bpfloader:s0 tcontext=u:r:bpfloader:s0 tclass=capability2 permissive=0
01-31 16:20:41.395 27537 27537 E audit   : rate limit exceeded
01-31 16:20:41.727 15461 15461 W dataInfoSend: type=1400 audit(0.0:49130013): avc:  denied  { bpf } for  capability=39  scontext=u:r:bpfloader:s0 tcontext=u:r:bpfloader:s0 tclass=capability2 permissive=0
01-31 16:20:41.751 21435   482 I FSA2_CallingCardOp: No calling card photos to sync down.
01-31 16:20:41.780 21435   482 I FSA2_SyncState: @readSyncState: # enii@ecad6a94
01-31 16:20:41.791 21435   482 I FSA2_RawContactSyncer: Found 0 contacts with unsynced calling cards
01-31 16:20:41.792  1553 15305 D vendor.qti.bluetooth@1.1-wake_lock: Release wakelock is released 
01-31 16:20:41.793 21435   482 I FSA2_SyncState: @readSyncState: # enii@ecad6a94
01-31 16:20:41.814  1694  1694 I vendor.qti.hardware.servicetrackeraidl-service: bindService is called for service : com.google.android.gms/.chimera.PersistentDirectBootAwareApiService and for client com.google.android.gms.persistent
01-31 16:20:41.814  1694  1694 I vendor.qti.hardware.servicetrackeraidl-service: total connections for service : com.google.android.gms/.chimera.PersistentDirectBootAwareApiServiceare :339
01-31 16:20:41.814  1694  1694 I vendor.qti.hardware.servicetrackeraidl-service: total connections for client : com.google.android.gms.persistentare :11
01-31 16:20:41.816 21435   482 I FSA2_CallingCardOp: No calling card photos to sync up.
01-31 16:20:41.821 21435   482 I FSA2_PhotoSyncer: After CC photo sync up, callingCardsWithOnlyMetadataCount: 0, callingCardsWithOnlyPhotoCount: 0, callingCardsWithBothMetadataAndPhotoCount: 0
01-31 16:20:41.830 21435   482 I FSA2_RawContactSyncer: contact count. before sweep: -1, before sync: 1, after sync down: 1, after sync up: 1
01-31 16:20:41.830 21435   482 W FSA2_ContactsSyncAdapter: @onPerformSync Sync finished successfully
01-31 16:20:41.839 21435   482 W ChimeraUtils: Module com.google.android.gms.people missing resource null(0)
01-31 16:20:41.839  1623 14139 E QLM-Client-Lib: QLM-Lib-Client:do_common_listen:connect failure, err:13, path:/dev/socket/qlm_service
01-31 16:20:41.840 21435   482 W ChimeraUtils: Module com.google.android.gms.people missing resource null(0)
01-31 16:20:41.845  1694  1694 I vendor.qti.hardware.servicetrackeraidl-service: unbindService is called for service : com.google.android.gms/.people.sync.focus.ContactsSyncAdapterService and for client system
01-31 16:20:41.846  1694  1694 I vendor.qti.hardware.servicetrackeraidl-service: size of service connections for service: com.google.android.gms/.people.sync.focus.ContactsSyncAdapterServiceafter removal is 0
01-31 16:20:41.846  1694  1694 I vendor.qti.hardware.servicetrackeraidl-service: size of client connections for client: systemafter removal is 36
01-31 16:20:41.846  1694  1694 I vendor.qti.hardware.servicetrackeraidl-service: destroyService is called for service : com.google.android.gms/.people.sync.focus.ContactsSyncAdapterService
01-31 16:20:41.847  1694  1694 I vendor.qti.hardware.servicetrackeraidl-service: unbindService is called for service : android/com.android.server.content.SyncJobService and for client system
01-31 16:20:41.847  1694  1694 I vendor.qti.hardware.servicetrackeraidl-service: size of service connections for service: android/com.android.server.content.SyncJobServiceafter removal is 0
01-31 16:20:41.847  1694  1694 I vendor.qti.hardware.servicetrackeraidl-service: size of client connections for client: systemafter removal is 35
01-31 16:20:41.847  1694  1694 I vendor.qti.hardware.servicetrackeraidl-service: destroyService is called for service : android/com.android.server.content.SyncJobService
01-31 16:20:42.061  2075  2075 I CNSS    : /sys/wifi/dump_in_progress doesn't exist
01-31 16:20:42.062  2075  2075 I CNSS    : /sys/wifi/max_chipset_log_size doesn't exist
01-31 16:20:42.522  1694  1694 I vendor.qti.hardware.servicetrackeraidl-service: bindService is called for service : com.google.android.contacts/com.google.android.apps.contacts.shortcut.ShortcutJobService and for client system
01-31 16:20:42.522  1694  1694 I vendor.qti.hardware.servicetrackeraidl-service: total connections for service : com.google.android.contacts/com.google.android.apps.contacts.shortcut.ShortcutJobServiceare :1
